SURFACE add-owned-surface=0
SURFACE surface-bounds=0
SURFACE order-surface=0
SURFACE secondary-owner=0
SURFACE share-owned-window=0
SURFACE parent=43671 child=39971 window=2016 surface=148740311
SURFACE choose-format=0
SURFACE create-context=0
SURFACE attach-other-process-surface=0
SURFACE current-context=0
SURFACE swap-interval=0
SURFACE renderer=NVIDIA GeForce 8600M GT OpenGL Engine
SURFACE mode=ca
SURFACE frame_storage=pool
SURFACE quartzcore_path=/Users/shg/wk2/runs/20260923-204111-surface-ca-pool-94f68ad825/bin/../Frameworks/QuartzCore.framework/Versions/A/QuartzCore
SURFACE overlay=opaque-magenta rect=40,40,200,72 above=fresh-video-image
SURFACE RESULT mode=ca uploads=240 pixels=1280x720 elapsed=7.988 rate=30.047 work_mean_ms=24.064 work_p95_ms=22.420 work_max_ms=775.511 slowest_frame=0 copy_mean_ms=2.406 render_mean_ms=17.760 flush_mean_ms=3.889 completed_at=8.328 deadline=8.500 (flushes, not scanout)
SURFACE FRAME id=0 allocation_ms=0.025 memcpy_ms=11.918 image_ms=0.036 transaction_ms=0.327 render_ms=753.780 flush_ms=9.406 total_ms=775.511
SURFACE FRAME id=1 allocation_ms=0.021 memcpy_ms=12.151 image_ms=0.013 transaction_ms=0.167 render_ms=14.727 flush_ms=4.802 total_ms=31.897
SURFACE FRAME id=2 allocation_ms=0.001 memcpy_ms=2.111 image_ms=0.010 transaction_ms=0.076 render_ms=14.822 flush_ms=3.856 total_ms=20.888
SURFACE FRAME id=3 allocation_ms=0.023 memcpy_ms=12.401 image_ms=0.012 transaction_ms=0.080 render_ms=14.256 flush_ms=3.937 total_ms=30.722
SURFACE FRAME id=4 allocation_ms=0.001 memcpy_ms=2.128 image_ms=0.011 transaction_ms=0.215 render_ms=14.887 flush_ms=3.967 total_ms=21.221
SURFACE FRAME id=5 allocation_ms=0.000 memcpy_ms=2.115 image_ms=0.011 transaction_ms=0.075 render_ms=14.331 flush_ms=3.780 total_ms=20.325
SURFACE FRAME id=6 allocation_ms=0.001 memcpy_ms=2.214 image_ms=0.012 transaction_ms=0.076 render_ms=14.929 flush_ms=4.110 total_ms=21.362
SURFACE FRAME id=7 allocation_ms=0.001 memcpy_ms=2.590 image_ms=0.011 transaction_ms=0.076 render_ms=14.754 flush_ms=3.952 total_ms=21.406
SURFACE FRAME id=8 allocation_ms=0.001 memcpy_ms=2.253 image_ms=0.011 transaction_ms=0.074 render_ms=14.466 flush_ms=4.184 total_ms=21.003
SURFACE FRAME id=9 allocation_ms=0.001 memcpy_ms=2.087 image_ms=0.010 transaction_ms=0.086 render_ms=14.820 flush_ms=3.810 total_ms=20.827
SURFACE FRAME id=10 allocation_ms=0.001 memcpy_ms=3.257 image_ms=0.022 transaction_ms=0.168 render_ms=14.573 flush_ms=4.607 total_ms=22.640
SURFACE FRAME id=11 allocation_ms=0.001 memcpy_ms=2.083 image_ms=0.009 transaction_ms=0.074 render_ms=14.359 flush_ms=4.027 total_ms=20.567
SURFACE FRAME id=12 allocation_ms=0.001 memcpy_ms=2.086 image_ms=0.011 transaction_ms=0.075 render_ms=14.763 flush_ms=5.292 total_ms=22.241
SURFACE FRAME id=13 allocation_ms=0.001 memcpy_ms=2.070 image_ms=0.010 transaction_ms=0.076 render_ms=14.130 flush_ms=3.835 total_ms=20.134
SURFACE FRAME id=14 allocation_ms=0.001 memcpy_ms=3.408 image_ms=0.012 transaction_ms=0.074 render_ms=15.443 flush_ms=4.051 total_ms=23.001
SURFACE FRAME id=15 allocation_ms=0.000 memcpy_ms=2.351 image_ms=0.011 transaction_ms=0.074 render_ms=13.406 flush_ms=3.935 total_ms=19.790
SURFACE FRAME id=16 allocation_ms=0.001 memcpy_ms=2.104 image_ms=0.011 transaction_ms=0.075 render_ms=14.386 flush_ms=3.606 total_ms=20.195
SURFACE FRAME id=17 allocation_ms=0.000 memcpy_ms=2.094 image_ms=0.012 transaction_ms=0.073 render_ms=14.254 flush_ms=3.775 total_ms=20.220
SURFACE FRAME id=18 allocation_ms=0.000 memcpy_ms=3.387 image_ms=0.011 transaction_ms=0.075 render_ms=13.634 flush_ms=3.715 total_ms=20.836
SURFACE FRAME id=19 allocation_ms=0.001 memcpy_ms=2.082 image_ms=0.010 transaction_ms=0.073 render_ms=13.708 flush_ms=3.849 total_ms=19.735
SURFACE FRAME id=20 allocation_ms=0.001 memcpy_ms=2.244 image_ms=0.011 transaction_ms=0.073 render_ms=14.382 flush_ms=3.788 total_ms=20.511
SURFACE FRAME id=21 allocation_ms=0.000 memcpy_ms=2.080 image_ms=0.011 transaction_ms=0.075 render_ms=13.125 flush_ms=3.726 total_ms=19.029
SURFACE FRAME id=22 allocation_ms=0.001 memcpy_ms=2.095 image_ms=0.010 transaction_ms=0.074 render_ms=14.294 flush_ms=3.656 total_ms=20.143
SURFACE FRAME id=23 allocation_ms=0.000 memcpy_ms=3.471 image_ms=0.011 transaction_ms=0.079 render_ms=15.416 flush_ms=3.901 total_ms=22.891
SURFACE FRAME id=24 allocation_ms=0.001 memcpy_ms=2.189 image_ms=0.009 transaction_ms=0.072 render_ms=15.061 flush_ms=4.874 total_ms=22.219
SURFACE FRAME id=25 allocation_ms=0.001 memcpy_ms=2.252 image_ms=0.010 transaction_ms=0.078 render_ms=16.421 flush_ms=3.717 total_ms=22.493
SURFACE FRAME id=26 allocation_ms=0.000 memcpy_ms=3.421 image_ms=0.013 transaction_ms=0.077 render_ms=13.744 flush_ms=3.741 total_ms=21.008
SURFACE FRAME id=27 allocation_ms=0.001 memcpy_ms=2.102 image_ms=0.010 transaction_ms=0.075 render_ms=14.826 flush_ms=3.787 total_ms=20.813
SURFACE FRAME id=28 allocation_ms=0.001 memcpy_ms=2.097 image_ms=0.011 transaction_ms=0.075 render_ms=14.609 flush_ms=5.304 total_ms=22.110
SURFACE FRAME id=29 allocation_ms=0.001 memcpy_ms=2.070 image_ms=0.189 transaction_ms=0.077 render_ms=15.289 flush_ms=3.952 total_ms=21.601
SURFACE FRAME id=30 allocation_ms=0.001 memcpy_ms=2.496 image_ms=0.011 transaction_ms=0.074 render_ms=14.872 flush_ms=3.738 total_ms=21.214
SURFACE FRAME id=31 allocation_ms=0.001 memcpy_ms=2.111 image_ms=0.011 transaction_ms=0.207 render_ms=14.644 flush_ms=3.825 total_ms=20.812
SURFACE FRAME id=32 allocation_ms=0.000 memcpy_ms=2.220 image_ms=0.013 transaction_ms=0.083 render_ms=14.618 flush_ms=3.602 total_ms=20.549
SURFACE FRAME id=33 allocation_ms=0.000 memcpy_ms=2.113 image_ms=0.011 transaction_ms=0.073 render_ms=15.114 flush_ms=3.863 total_ms=21.197
SURFACE FRAME id=34 allocation_ms=0.002 memcpy_ms=2.643 image_ms=0.010 transaction_ms=0.075 render_ms=15.072 flush_ms=3.706 total_ms=21.530
SURFACE FRAME id=35 allocation_ms=0.001 memcpy_ms=2.195 image_ms=0.011 transaction_ms=0.076 render_ms=14.822 flush_ms=3.760 total_ms=20.879
SURFACE FRAME id=36 allocation_ms=0.001 memcpy_ms=2.143 image_ms=0.010 transaction_ms=0.074 render_ms=14.663 flush_ms=3.588 total_ms=20.491
SURFACE FRAME id=37 allocation_ms=0.001 memcpy_ms=2.295 image_ms=0.012 transaction_ms=0.100 render_ms=15.452 flush_ms=4.099 total_ms=21.971
SURFACE FRAME id=38 allocation_ms=0.001 memcpy_ms=2.115 image_ms=0.011 transaction_ms=0.075 render_ms=14.577 flush_ms=3.763 total_ms=20.554
SURFACE FRAME id=39 allocation_ms=0.001 memcpy_ms=2.244 image_ms=0.011 transaction_ms=0.074 render_ms=15.264 flush_ms=4.108 total_ms=21.713
SURFACE FRAME id=40 allocation_ms=0.000 memcpy_ms=2.188 image_ms=0.012 transaction_ms=0.078 render_ms=14.589 flush_ms=3.699 total_ms=20.579
SURFACE FRAME id=41 allocation_ms=0.001 memcpy_ms=3.527 image_ms=0.012 transaction_ms=0.075 render_ms=14.818 flush_ms=3.780 total_ms=22.225
SURFACE FRAME id=42 allocation_ms=0.000 memcpy_ms=2.080 image_ms=0.011 transaction_ms=0.076 render_ms=15.021 flush_ms=3.691 total_ms=20.892
SURFACE FRAME id=43 allocation_ms=0.001 memcpy_ms=2.080 image_ms=0.011 transaction_ms=0.074 render_ms=14.785 flush_ms=5.073 total_ms=22.037
SURFACE FRAME id=44 allocation_ms=0.001 memcpy_ms=2.128 image_ms=0.013 transaction_ms=0.077 render_ms=15.527 flush_ms=3.774 total_ms=21.541
SURFACE FRAME id=45 allocation_ms=0.001 memcpy_ms=2.580 image_ms=0.010 transaction_ms=0.075 render_ms=14.792 flush_ms=3.725 total_ms=21.205
SURFACE FRAME id=46 allocation_ms=0.001 memcpy_ms=2.285 image_ms=0.009 transaction_ms=0.071 render_ms=14.769 flush_ms=3.791 total_ms=20.940
SURFACE FRAME id=47 allocation_ms=0.001 memcpy_ms=2.135 image_ms=0.009 transaction_ms=0.074 render_ms=14.721 flush_ms=3.608 total_ms=20.563
SURFACE FRAME id=48 allocation_ms=0.001 memcpy_ms=2.318 image_ms=0.010 transaction_ms=0.072 render_ms=15.626 flush_ms=3.869 total_ms=21.910
SURFACE FRAME id=49 allocation_ms=0.001 memcpy_ms=2.094 image_ms=0.010 transaction_ms=0.075 render_ms=15.477 flush_ms=3.755 total_ms=21.426
SURFACE FRAME id=50 allocation_ms=0.000 memcpy_ms=2.204 image_ms=0.012 transaction_ms=0.076 render_ms=14.706 flush_ms=3.777 total_ms=20.787
SURFACE FRAME id=51 allocation_ms=0.000 memcpy_ms=2.087 image_ms=0.012 transaction_ms=0.073 render_ms=15.899 flush_ms=3.820 total_ms=21.904
SURFACE FRAME id=52 allocation_ms=0.000 memcpy_ms=3.433 image_ms=0.010 transaction_ms=0.075 render_ms=15.134 flush_ms=3.774 total_ms=22.438
SURFACE FRAME id=53 allocation_ms=0.000 memcpy_ms=2.141 image_ms=0.010 transaction_ms=0.200 render_ms=14.690 flush_ms=3.798 total_ms=20.852
SURFACE FRAME id=54 allocation_ms=0.001 memcpy_ms=2.098 image_ms=0.010 transaction_ms=0.072 render_ms=16.718 flush_ms=3.720 total_ms=22.633
SURFACE FRAME id=55 allocation_ms=0.001 memcpy_ms=3.539 image_ms=0.012 transaction_ms=0.078 render_ms=14.902 flush_ms=3.744 total_ms=22.289
SURFACE FRAME id=56 allocation_ms=0.000 memcpy_ms=2.184 image_ms=0.013 transaction_ms=0.075 render_ms=14.648 flush_ms=3.699 total_ms=20.632
SURFACE FRAME id=57 allocation_ms=0.000 memcpy_ms=2.090 image_ms=0.011 transaction_ms=0.074 render_ms=15.063 flush_ms=5.169 total_ms=22.420
SURFACE FRAME id=58 allocation_ms=0.001 memcpy_ms=2.257 image_ms=0.013 transaction_ms=0.077 render_ms=15.242 flush_ms=3.871 total_ms=21.481
SURFACE FRAME id=59 allocation_ms=0.001 memcpy_ms=2.742 image_ms=0.011 transaction_ms=0.073 render_ms=14.842 flush_ms=3.762 total_ms=21.453
SURFACE FRAME id=60 allocation_ms=0.001 memcpy_ms=2.400 image_ms=0.010 transaction_ms=0.074 render_ms=15.050 flush_ms=3.782 total_ms=21.328
SURFACE FRAME id=61 allocation_ms=0.001 memcpy_ms=2.152 image_ms=0.010 transaction_ms=0.075 render_ms=14.992 flush_ms=3.878 total_ms=21.121
SURFACE FRAME id=62 allocation_ms=0.000 memcpy_ms=3.564 image_ms=0.012 transaction_ms=0.077 render_ms=14.771 flush_ms=3.795 total_ms=22.232
SURFACE FRAME id=63 allocation_ms=0.001 memcpy_ms=2.089 image_ms=0.010 transaction_ms=0.076 render_ms=14.964 flush_ms=3.812 total_ms=20.964
SURFACE FRAME id=64 allocation_ms=0.001 memcpy_ms=2.090 image_ms=0.010 transaction_ms=0.072 render_ms=16.433 flush_ms=3.688 total_ms=22.308
SURFACE FRAME id=65 allocation_ms=0.002 memcpy_ms=2.088 image_ms=0.011 transaction_ms=0.079 render_ms=15.132 flush_ms=3.768 total_ms=21.098
SURFACE FRAME id=66 allocation_ms=0.002 memcpy_ms=2.095 image_ms=0.013 transaction_ms=0.080 render_ms=14.909 flush_ms=3.741 total_ms=21.009
SURFACE FRAME id=67 allocation_ms=0.002 memcpy_ms=2.132 image_ms=0.011 transaction_ms=0.078 render_ms=14.921 flush_ms=3.881 total_ms=21.042
SURFACE FRAME id=68 allocation_ms=0.002 memcpy_ms=2.306 image_ms=0.012 transaction_ms=0.085 render_ms=14.451 flush_ms=3.745 total_ms=20.618
SURFACE FRAME id=69 allocation_ms=0.003 memcpy_ms=2.215 image_ms=0.011 transaction_ms=0.079 render_ms=15.094 flush_ms=3.728 total_ms=21.156
SURFACE FRAME id=70 allocation_ms=0.003 memcpy_ms=2.344 image_ms=0.012 transaction_ms=0.078 render_ms=14.614 flush_ms=3.814 total_ms=20.888
SURFACE FRAME id=71 allocation_ms=0.003 memcpy_ms=2.368 image_ms=0.012 transaction_ms=0.077 render_ms=14.823 flush_ms=3.914 total_ms=21.227
SURFACE FRAME id=72 allocation_ms=0.003 memcpy_ms=2.351 image_ms=0.013 transaction_ms=0.078 render_ms=14.563 flush_ms=3.770 total_ms=20.810
SURFACE FRAME id=73 allocation_ms=0.003 memcpy_ms=2.269 image_ms=0.012 transaction_ms=0.076 render_ms=14.251 flush_ms=3.768 total_ms=20.399
SURFACE FRAME id=74 allocation_ms=0.003 memcpy_ms=2.532 image_ms=0.012 transaction_ms=0.075 render_ms=14.598 flush_ms=3.747 total_ms=20.989
SURFACE FRAME id=75 allocation_ms=0.002 memcpy_ms=2.447 image_ms=0.012 transaction_ms=0.076 render_ms=14.544 flush_ms=3.757 total_ms=20.860
SURFACE FRAME id=76 allocation_ms=0.002 memcpy_ms=2.172 image_ms=0.012 transaction_ms=0.081 render_ms=14.373 flush_ms=3.871 total_ms=20.531
SURFACE FRAME id=77 allocation_ms=0.003 memcpy_ms=2.238 image_ms=0.013 transaction_ms=0.208 render_ms=14.348 flush_ms=3.928 total_ms=20.758
SURFACE FRAME id=78 allocation_ms=0.003 memcpy_ms=2.288 image_ms=0.013 transaction_ms=0.080 render_ms=14.426 flush_ms=3.714 total_ms=20.545
SURFACE FRAME id=79 allocation_ms=0.003 memcpy_ms=2.218 image_ms=0.011 transaction_ms=0.075 render_ms=14.849 flush_ms=3.827 total_ms=21.005
SURFACE FRAME id=80 allocation_ms=0.002 memcpy_ms=2.141 image_ms=0.011 transaction_ms=0.078 render_ms=14.548 flush_ms=3.682 total_ms=20.484
SURFACE FRAME id=81 allocation_ms=0.003 memcpy_ms=2.178 image_ms=0.012 transaction_ms=0.211 render_ms=14.386 flush_ms=3.745 total_ms=20.555
SURFACE FRAME id=82 allocation_ms=0.001 memcpy_ms=2.098 image_ms=0.011 transaction_ms=0.078 render_ms=14.348 flush_ms=3.698 total_ms=20.255
SURFACE FRAME id=83 allocation_ms=0.003 memcpy_ms=2.208 image_ms=0.011 transaction_ms=0.079 render_ms=14.293 flush_ms=3.748 total_ms=20.363
SURFACE FRAME id=84 allocation_ms=0.001 memcpy_ms=2.268 image_ms=0.010 transaction_ms=0.076 render_ms=14.142 flush_ms=6.148 total_ms=22.663
SURFACE FRAME id=85 allocation_ms=0.003 memcpy_ms=2.102 image_ms=0.012 transaction_ms=0.079 render_ms=14.370 flush_ms=3.723 total_ms=20.309
SURFACE FRAME id=86 allocation_ms=0.003 memcpy_ms=2.117 image_ms=0.012 transaction_ms=0.078 render_ms=14.622 flush_ms=3.697 total_ms=20.550
SURFACE FRAME id=87 allocation_ms=0.002 memcpy_ms=2.211 image_ms=0.012 transaction_ms=0.077 render_ms=14.532 flush_ms=3.780 total_ms=20.635
SURFACE FRAME id=88 allocation_ms=0.002 memcpy_ms=2.130 image_ms=0.012 transaction_ms=0.077 render_ms=14.608 flush_ms=3.785 total_ms=20.633
SURFACE FRAME id=89 allocation_ms=0.003 memcpy_ms=2.211 image_ms=0.013 transaction_ms=0.083 render_ms=13.696 flush_ms=3.856 total_ms=19.883
SURFACE FRAME id=90 allocation_ms=0.003 memcpy_ms=2.208 image_ms=0.012 transaction_ms=0.079 render_ms=14.758 flush_ms=3.751 total_ms=20.833
SURFACE FRAME id=91 allocation_ms=0.003 memcpy_ms=2.170 image_ms=0.011 transaction_ms=0.077 render_ms=13.941 flush_ms=3.709 total_ms=19.931
SURFACE FRAME id=92 allocation_ms=0.002 memcpy_ms=2.032 image_ms=0.012 transaction_ms=0.078 render_ms=14.573 flush_ms=3.793 total_ms=20.508
SURFACE FRAME id=93 allocation_ms=0.003 memcpy_ms=2.244 image_ms=0.012 transaction_ms=0.091 render_ms=13.415 flush_ms=3.705 total_ms=19.490
SURFACE FRAME id=94 allocation_ms=0.003 memcpy_ms=2.204 image_ms=0.013 transaction_ms=0.087 render_ms=13.524 flush_ms=3.755 total_ms=19.607
SURFACE FRAME id=95 allocation_ms=0.003 memcpy_ms=2.192 image_ms=0.010 transaction_ms=0.076 render_ms=13.759 flush_ms=3.752 total_ms=19.813
SURFACE FRAME id=96 allocation_ms=0.003 memcpy_ms=2.105 image_ms=0.012 transaction_ms=0.079 render_ms=14.978 flush_ms=3.783 total_ms=20.980
SURFACE FRAME id=97 allocation_ms=0.003 memcpy_ms=2.214 image_ms=0.012 transaction_ms=0.079 render_ms=15.284 flush_ms=3.877 total_ms=21.490
SURFACE FRAME id=98 allocation_ms=0.001 memcpy_ms=2.230 image_ms=0.010 transaction_ms=0.074 render_ms=16.495 flush_ms=4.065 total_ms=22.889
SURFACE FRAME id=99 allocation_ms=0.001 memcpy_ms=2.565 image_ms=0.010 transaction_ms=0.077 render_ms=14.812 flush_ms=3.816 total_ms=21.297
SURFACE FRAME id=100 allocation_ms=0.003 memcpy_ms=2.220 image_ms=0.013 transaction_ms=0.080 render_ms=14.814 flush_ms=3.801 total_ms=20.952
SURFACE FRAME id=101 allocation_ms=0.002 memcpy_ms=2.232 image_ms=0.013 transaction_ms=0.078 render_ms=14.558 flush_ms=3.843 total_ms=20.747
SURFACE FRAME id=102 allocation_ms=0.003 memcpy_ms=2.211 image_ms=0.013 transaction_ms=0.079 render_ms=14.515 flush_ms=3.795 total_ms=20.636
SURFACE FRAME id=103 allocation_ms=0.003 memcpy_ms=2.379 image_ms=0.012 transaction_ms=0.080 render_ms=14.320 flush_ms=3.757 total_ms=20.571
SURFACE FRAME id=104 allocation_ms=0.001 memcpy_ms=2.143 image_ms=0.011 transaction_ms=0.087 render_ms=14.069 flush_ms=3.824 total_ms=20.157
SURFACE FRAME id=105 allocation_ms=0.001 memcpy_ms=2.061 image_ms=0.012 transaction_ms=0.077 render_ms=14.449 flush_ms=3.820 total_ms=20.437
SURFACE FRAME id=106 allocation_ms=0.002 memcpy_ms=2.270 image_ms=0.013 transaction_ms=0.080 render_ms=14.367 flush_ms=3.891 total_ms=20.645
SURFACE FRAME id=107 allocation_ms=0.002 memcpy_ms=2.278 image_ms=0.010 transaction_ms=0.076 render_ms=14.546 flush_ms=3.775 total_ms=20.708
SURFACE FRAME id=108 allocation_ms=0.003 memcpy_ms=2.206 image_ms=0.012 transaction_ms=0.079 render_ms=14.251 flush_ms=3.780 total_ms=20.352
SURFACE FRAME id=109 allocation_ms=0.002 memcpy_ms=2.109 image_ms=0.012 transaction_ms=0.078 render_ms=14.499 flush_ms=3.799 total_ms=20.520
SURFACE FRAME id=110 allocation_ms=0.112 memcpy_ms=2.063 image_ms=0.012 transaction_ms=0.088 render_ms=14.362 flush_ms=3.762 total_ms=20.420
SURFACE FRAME id=111 allocation_ms=0.003 memcpy_ms=2.392 image_ms=0.011 transaction_ms=0.075 render_ms=14.531 flush_ms=3.749 total_ms=20.781
SURFACE FRAME id=112 allocation_ms=0.003 memcpy_ms=2.110 image_ms=0.012 transaction_ms=0.078 render_ms=14.698 flush_ms=3.791 total_ms=20.711
SURFACE FRAME id=113 allocation_ms=0.003 memcpy_ms=2.201 image_ms=0.013 transaction_ms=0.078 render_ms=14.077 flush_ms=3.735 total_ms=20.127
SURFACE FRAME id=114 allocation_ms=0.001 memcpy_ms=2.241 image_ms=0.010 transaction_ms=0.078 render_ms=15.223 flush_ms=3.732 total_ms=21.303
SURFACE FRAME id=115 allocation_ms=0.004 memcpy_ms=2.169 image_ms=0.011 transaction_ms=0.075 render_ms=14.706 flush_ms=3.779 total_ms=20.764
SURFACE FRAME id=116 allocation_ms=0.001 memcpy_ms=2.102 image_ms=0.012 transaction_ms=0.076 render_ms=14.482 flush_ms=3.742 total_ms=20.435
SURFACE FRAME id=117 allocation_ms=0.002 memcpy_ms=2.131 image_ms=0.012 transaction_ms=0.077 render_ms=14.539 flush_ms=3.774 total_ms=20.557
SURFACE FRAME id=118 allocation_ms=0.002 memcpy_ms=2.032 image_ms=0.012 transaction_ms=0.079 render_ms=14.759 flush_ms=4.175 total_ms=21.080
SURFACE FRAME id=119 allocation_ms=0.002 memcpy_ms=2.071 image_ms=0.011 transaction_ms=0.080 render_ms=14.605 flush_ms=3.770 total_ms=20.559
SURFACE FRAME id=120 allocation_ms=0.001 memcpy_ms=2.036 image_ms=0.011 transaction_ms=0.077 render_ms=14.562 flush_ms=3.797 total_ms=20.504
SURFACE FRAME id=121 allocation_ms=0.002 memcpy_ms=2.097 image_ms=0.011 transaction_ms=0.080 render_ms=14.566 flush_ms=3.748 total_ms=20.525
SURFACE FRAME id=122 allocation_ms=0.003 memcpy_ms=2.137 image_ms=0.012 transaction_ms=0.087 render_ms=14.460 flush_ms=3.774 total_ms=20.495
SURFACE FRAME id=123 allocation_ms=0.003 memcpy_ms=2.189 image_ms=0.011 transaction_ms=0.076 render_ms=14.144 flush_ms=3.878 total_ms=20.324
SURFACE FRAME id=124 allocation_ms=0.002 memcpy_ms=2.142 image_ms=0.011 transaction_ms=0.077 render_ms=14.579 flush_ms=3.833 total_ms=20.663
SURFACE FRAME id=125 allocation_ms=0.002 memcpy_ms=2.194 image_ms=0.012 transaction_ms=0.076 render_ms=14.327 flush_ms=3.797 total_ms=20.427
SURFACE FRAME id=126 allocation_ms=0.003 memcpy_ms=2.221 image_ms=0.012 transaction_ms=0.082 render_ms=14.639 flush_ms=3.860 total_ms=20.843
SURFACE FRAME id=127 allocation_ms=0.003 memcpy_ms=2.398 image_ms=0.012 transaction_ms=0.077 render_ms=14.378 flush_ms=3.794 total_ms=20.682
SURFACE FRAME id=128 allocation_ms=0.001 memcpy_ms=2.278 image_ms=0.012 transaction_ms=0.084 render_ms=13.990 flush_ms=3.930 total_ms=20.314
SURFACE FRAME id=129 allocation_ms=0.002 memcpy_ms=2.120 image_ms=0.012 transaction_ms=0.080 render_ms=14.442 flush_ms=3.926 total_ms=20.606
SURFACE FRAME id=130 allocation_ms=0.003 memcpy_ms=2.463 image_ms=0.014 transaction_ms=0.079 render_ms=14.419 flush_ms=3.745 total_ms=20.743
SURFACE FRAME id=131 allocation_ms=0.002 memcpy_ms=2.290 image_ms=0.011 transaction_ms=0.082 render_ms=14.213 flush_ms=3.859 total_ms=20.477
SURFACE FRAME id=132 allocation_ms=0.002 memcpy_ms=2.302 image_ms=0.013 transaction_ms=0.080 render_ms=14.288 flush_ms=3.795 total_ms=20.500
SURFACE FRAME id=133 allocation_ms=0.003 memcpy_ms=2.370 image_ms=0.014 transaction_ms=0.079 render_ms=14.244 flush_ms=4.017 total_ms=20.747
SURFACE FRAME id=134 allocation_ms=0.003 memcpy_ms=2.296 image_ms=0.012 transaction_ms=0.088 render_ms=14.564 flush_ms=3.804 total_ms=20.787
SURFACE FRAME id=135 allocation_ms=0.003 memcpy_ms=2.186 image_ms=0.010 transaction_ms=0.077 render_ms=14.226 flush_ms=3.777 total_ms=20.305
SURFACE FRAME id=136 allocation_ms=0.001 memcpy_ms=2.211 image_ms=0.013 transaction_ms=0.078 render_ms=14.408 flush_ms=3.764 total_ms=20.491
SURFACE FRAME id=137 allocation_ms=0.003 memcpy_ms=2.258 image_ms=0.013 transaction_ms=0.085 render_ms=14.304 flush_ms=3.792 total_ms=20.485
SURFACE FRAME id=138 allocation_ms=0.003 memcpy_ms=2.363 image_ms=0.014 transaction_ms=0.080 render_ms=14.295 flush_ms=3.940 total_ms=20.718
SURFACE FRAME id=139 allocation_ms=0.003 memcpy_ms=2.055 image_ms=0.012 transaction_ms=0.085 render_ms=14.813 flush_ms=3.774 total_ms=20.763
SURFACE FRAME id=140 allocation_ms=0.003 memcpy_ms=2.227 image_ms=0.012 transaction_ms=0.081 render_ms=14.353 flush_ms=3.741 total_ms=20.441
SURFACE FRAME id=141 allocation_ms=0.003 memcpy_ms=2.212 image_ms=0.011 transaction_ms=0.079 render_ms=14.722 flush_ms=3.831 total_ms=20.880
SURFACE FRAME id=142 allocation_ms=0.003 memcpy_ms=2.202 image_ms=0.012 transaction_ms=0.081 render_ms=14.796 flush_ms=3.735 total_ms=20.852
SURFACE FRAME id=143 allocation_ms=0.002 memcpy_ms=2.234 image_ms=0.013 transaction_ms=0.096 render_ms=14.256 flush_ms=3.788 total_ms=20.410
SURFACE FRAME id=144 allocation_ms=0.001 memcpy_ms=2.218 image_ms=0.009 transaction_ms=0.075 render_ms=15.012 flush_ms=3.706 total_ms=21.047
SURFACE FRAME id=145 allocation_ms=0.003 memcpy_ms=2.223 image_ms=0.012 transaction_ms=0.080 render_ms=14.627 flush_ms=3.815 total_ms=20.781
SURFACE FRAME id=146 allocation_ms=0.003 memcpy_ms=2.343 image_ms=0.014 transaction_ms=0.080 render_ms=14.370 flush_ms=3.756 total_ms=20.587
SURFACE FRAME id=147 allocation_ms=0.002 memcpy_ms=2.141 image_ms=0.012 transaction_ms=0.081 render_ms=14.641 flush_ms=3.786 total_ms=20.685
SURFACE FRAME id=148 allocation_ms=0.001 memcpy_ms=2.041 image_ms=0.012 transaction_ms=0.085 render_ms=14.444 flush_ms=3.744 total_ms=20.353
SURFACE FRAME id=149 allocation_ms=0.002 memcpy_ms=2.105 image_ms=0.012 transaction_ms=0.079 render_ms=14.041 flush_ms=3.761 total_ms=20.022
SURFACE FRAME id=150 allocation_ms=0.003 memcpy_ms=2.101 image_ms=0.011 transaction_ms=0.077 render_ms=14.678 flush_ms=3.753 total_ms=20.645
SURFACE FRAME id=151 allocation_ms=0.003 memcpy_ms=2.399 image_ms=0.011 transaction_ms=0.076 render_ms=14.653 flush_ms=3.767 total_ms=20.930
SURFACE FRAME id=152 allocation_ms=0.001 memcpy_ms=2.031 image_ms=0.012 transaction_ms=0.076 render_ms=14.459 flush_ms=3.692 total_ms=20.288
SURFACE FRAME id=153 allocation_ms=0.002 memcpy_ms=2.112 image_ms=0.012 transaction_ms=0.078 render_ms=14.155 flush_ms=3.773 total_ms=20.154
SURFACE FRAME id=154 allocation_ms=0.002 memcpy_ms=2.113 image_ms=0.012 transaction_ms=0.079 render_ms=14.661 flush_ms=3.708 total_ms=20.597
SURFACE FRAME id=155 allocation_ms=0.003 memcpy_ms=2.302 image_ms=0.011 transaction_ms=0.075 render_ms=14.400 flush_ms=3.760 total_ms=20.573
SURFACE FRAME id=156 allocation_ms=0.001 memcpy_ms=2.175 image_ms=0.012 transaction_ms=0.086 render_ms=14.401 flush_ms=3.769 total_ms=20.463
SURFACE FRAME id=157 allocation_ms=0.003 memcpy_ms=2.218 image_ms=0.012 transaction_ms=0.078 render_ms=14.767 flush_ms=3.869 total_ms=20.968
SURFACE FRAME id=158 allocation_ms=0.001 memcpy_ms=2.212 image_ms=0.010 transaction_ms=0.074 render_ms=15.056 flush_ms=4.580 total_ms=21.947
SURFACE FRAME id=159 allocation_ms=0.003 memcpy_ms=2.232 image_ms=0.010 transaction_ms=0.076 render_ms=13.613 flush_ms=4.449 total_ms=20.404
SURFACE FRAME id=160 allocation_ms=0.002 memcpy_ms=2.211 image_ms=0.013 transaction_ms=0.082 render_ms=14.317 flush_ms=3.798 total_ms=20.443
SURFACE FRAME id=161 allocation_ms=0.002 memcpy_ms=2.109 image_ms=0.011 transaction_ms=0.079 render_ms=14.830 flush_ms=4.004 total_ms=21.055
SURFACE FRAME id=162 allocation_ms=0.003 memcpy_ms=2.120 image_ms=0.011 transaction_ms=0.079 render_ms=14.612 flush_ms=3.739 total_ms=20.586
SURFACE FRAME id=163 allocation_ms=0.002 memcpy_ms=2.178 image_ms=0.010 transaction_ms=0.075 render_ms=14.627 flush_ms=3.769 total_ms=20.682
SURFACE FRAME id=164 allocation_ms=0.002 memcpy_ms=2.221 image_ms=0.012 transaction_ms=0.079 render_ms=13.642 flush_ms=3.728 total_ms=19.706
SURFACE FRAME id=165 allocation_ms=0.002 memcpy_ms=2.108 image_ms=0.013 transaction_ms=0.080 render_ms=14.624 flush_ms=3.782 total_ms=20.630
SURFACE FRAME id=166 allocation_ms=0.002 memcpy_ms=2.116 image_ms=0.012 transaction_ms=0.079 render_ms=14.007 flush_ms=3.719 total_ms=19.956
SURFACE FRAME id=167 allocation_ms=0.003 memcpy_ms=2.152 image_ms=0.010 transaction_ms=0.076 render_ms=14.762 flush_ms=3.842 total_ms=20.864
SURFACE FRAME id=168 allocation_ms=0.003 memcpy_ms=2.214 image_ms=0.013 transaction_ms=0.080 render_ms=13.710 flush_ms=3.801 total_ms=19.840
SURFACE FRAME id=169 allocation_ms=0.002 memcpy_ms=2.133 image_ms=0.013 transaction_ms=0.077 render_ms=13.679 flush_ms=3.768 total_ms=19.692
SURFACE FRAME id=170 allocation_ms=0.001 memcpy_ms=2.061 image_ms=0.012 transaction_ms=0.077 render_ms=13.805 flush_ms=3.804 total_ms=19.779
SURFACE FRAME id=171 allocation_ms=0.002 memcpy_ms=2.212 image_ms=0.010 transaction_ms=0.077 render_ms=14.746 flush_ms=3.750 total_ms=20.815
SURFACE FRAME id=172 allocation_ms=0.001 memcpy_ms=2.184 image_ms=0.013 transaction_ms=0.078 render_ms=14.828 flush_ms=3.810 total_ms=20.933
SURFACE FRAME id=173 allocation_ms=0.002 memcpy_ms=2.120 image_ms=0.012 transaction_ms=0.080 render_ms=14.574 flush_ms=3.771 total_ms=20.576
SURFACE FRAME id=174 allocation_ms=0.001 memcpy_ms=2.235 image_ms=0.010 transaction_ms=0.074 render_ms=14.779 flush_ms=5.898 total_ms=23.015
SURFACE FRAME id=175 allocation_ms=0.003 memcpy_ms=2.327 image_ms=0.010 transaction_ms=0.077 render_ms=14.466 flush_ms=3.717 total_ms=20.623
SURFACE FRAME id=176 allocation_ms=0.001 memcpy_ms=2.258 image_ms=0.012 transaction_ms=0.078 render_ms=14.708 flush_ms=3.837 total_ms=20.915
SURFACE FRAME id=177 allocation_ms=0.003 memcpy_ms=2.297 image_ms=0.013 transaction_ms=0.078 render_ms=14.744 flush_ms=3.747 total_ms=20.904
SURFACE FRAME id=178 allocation_ms=0.003 memcpy_ms=2.356 image_ms=0.013 transaction_ms=0.077 render_ms=14.462 flush_ms=3.717 total_ms=20.647
SURFACE FRAME id=179 allocation_ms=0.003 memcpy_ms=2.401 image_ms=0.011 transaction_ms=0.075 render_ms=14.673 flush_ms=3.821 total_ms=21.006
SURFACE FRAME id=180 allocation_ms=0.001 memcpy_ms=2.211 image_ms=0.012 transaction_ms=0.077 render_ms=14.444 flush_ms=3.787 total_ms=20.549
SURFACE FRAME id=181 allocation_ms=0.002 memcpy_ms=2.165 image_ms=0.012 transaction_ms=0.078 render_ms=14.517 flush_ms=3.761 total_ms=20.555
SURFACE FRAME id=182 allocation_ms=0.002 memcpy_ms=2.209 image_ms=0.011 transaction_ms=0.077 render_ms=14.636 flush_ms=3.742 total_ms=20.696
SURFACE FRAME id=183 allocation_ms=0.002 memcpy_ms=2.417 image_ms=0.010 transaction_ms=0.076 render_ms=15.092 flush_ms=3.790 total_ms=21.407
SURFACE FRAME id=184 allocation_ms=0.001 memcpy_ms=2.114 image_ms=0.013 transaction_ms=0.096 render_ms=14.574 flush_ms=3.748 total_ms=20.561
SURFACE FRAME id=185 allocation_ms=0.002 memcpy_ms=2.371 image_ms=0.013 transaction_ms=0.083 render_ms=14.297 flush_ms=3.768 total_ms=20.554
SURFACE FRAME id=186 allocation_ms=0.003 memcpy_ms=2.339 image_ms=0.012 transaction_ms=0.080 render_ms=14.362 flush_ms=3.755 total_ms=20.571
SURFACE FRAME id=187 allocation_ms=0.002 memcpy_ms=2.144 image_ms=0.012 transaction_ms=0.083 render_ms=14.541 flush_ms=3.766 total_ms=20.577
SURFACE FRAME id=188 allocation_ms=0.002 memcpy_ms=2.050 image_ms=0.011 transaction_ms=0.077 render_ms=14.372 flush_ms=3.814 total_ms=20.341
SURFACE FRAME id=189 allocation_ms=0.003 memcpy_ms=2.243 image_ms=0.012 transaction_ms=0.081 render_ms=14.975 flush_ms=3.836 total_ms=21.173
SURFACE FRAME id=190 allocation_ms=0.002 memcpy_ms=2.293 image_ms=0.012 transaction_ms=0.077 render_ms=14.475 flush_ms=3.730 total_ms=20.611
SURFACE FRAME id=191 allocation_ms=0.003 memcpy_ms=2.361 image_ms=0.011 transaction_ms=0.080 render_ms=14.422 flush_ms=3.844 total_ms=20.746
SURFACE FRAME id=192 allocation_ms=0.001 memcpy_ms=2.047 image_ms=0.012 transaction_ms=0.077 render_ms=14.612 flush_ms=3.980 total_ms=20.747
SURFACE FRAME id=193 allocation_ms=0.002 memcpy_ms=2.127 image_ms=0.011 transaction_ms=0.077 render_ms=14.868 flush_ms=3.814 total_ms=20.919
SURFACE FRAME id=194 allocation_ms=0.002 memcpy_ms=2.367 image_ms=0.013 transaction_ms=0.078 render_ms=14.961 flush_ms=3.727 total_ms=21.169
SURFACE FRAME id=195 allocation_ms=0.003 memcpy_ms=2.307 image_ms=0.010 transaction_ms=0.074 render_ms=15.013 flush_ms=4.154 total_ms=21.582
SURFACE FRAME id=196 allocation_ms=0.001 memcpy_ms=2.131 image_ms=0.012 transaction_ms=0.078 render_ms=14.463 flush_ms=3.791 total_ms=20.492
SURFACE FRAME id=197 allocation_ms=0.002 memcpy_ms=2.230 image_ms=0.011 transaction_ms=0.089 render_ms=14.855 flush_ms=3.875 total_ms=21.084
SURFACE FRAME id=198 allocation_ms=0.003 memcpy_ms=2.103 image_ms=0.011 transaction_ms=0.078 render_ms=14.382 flush_ms=3.732 total_ms=20.329
SURFACE FRAME id=199 allocation_ms=0.003 memcpy_ms=2.267 image_ms=0.010 transaction_ms=0.077 render_ms=14.966 flush_ms=3.766 total_ms=21.109
SURFACE FRAME id=200 allocation_ms=0.001 memcpy_ms=2.128 image_ms=0.013 transaction_ms=0.078 render_ms=14.238 flush_ms=3.712 total_ms=20.187
SURFACE FRAME id=201 allocation_ms=0.003 memcpy_ms=2.103 image_ms=0.012 transaction_ms=0.077 render_ms=14.645 flush_ms=3.855 total_ms=20.715
SURFACE FRAME id=202 allocation_ms=0.003 memcpy_ms=2.222 image_ms=0.013 transaction_ms=0.079 render_ms=14.857 flush_ms=3.752 total_ms=20.948
SURFACE FRAME id=203 allocation_ms=0.003 memcpy_ms=2.279 image_ms=0.010 transaction_ms=0.074 render_ms=14.572 flush_ms=3.722 total_ms=20.683
SURFACE FRAME id=204 allocation_ms=0.001 memcpy_ms=2.233 image_ms=0.010 transaction_ms=0.077 render_ms=13.905 flush_ms=3.741 total_ms=19.985
SURFACE FRAME id=205 allocation_ms=0.003 memcpy_ms=2.217 image_ms=0.012 transaction_ms=0.080 render_ms=14.324 flush_ms=3.797 total_ms=20.454
SURFACE FRAME id=206 allocation_ms=0.003 memcpy_ms=2.249 image_ms=0.013 transaction_ms=0.080 render_ms=14.687 flush_ms=3.763 total_ms=20.816
SURFACE FRAME id=207 allocation_ms=0.003 memcpy_ms=2.336 image_ms=0.011 transaction_ms=0.075 render_ms=14.622 flush_ms=3.766 total_ms=20.834
SURFACE FRAME id=208 allocation_ms=0.003 memcpy_ms=2.216 image_ms=0.012 transaction_ms=0.079 render_ms=14.450 flush_ms=3.783 total_ms=20.565
SURFACE FRAME id=209 allocation_ms=0.003 memcpy_ms=2.214 image_ms=0.013 transaction_ms=0.080 render_ms=13.656 flush_ms=3.826 total_ms=19.814
SURFACE FRAME id=210 allocation_ms=0.003 memcpy_ms=2.230 image_ms=0.012 transaction_ms=0.079 render_ms=14.865 flush_ms=3.784 total_ms=20.995
SURFACE FRAME id=211 allocation_ms=0.003 memcpy_ms=2.169 image_ms=0.010 transaction_ms=0.075 render_ms=13.917 flush_ms=4.008 total_ms=20.203
SURFACE FRAME id=212 allocation_ms=0.002 memcpy_ms=2.380 image_ms=0.011 transaction_ms=0.079 render_ms=14.721 flush_ms=3.797 total_ms=21.012
SURFACE FRAME id=213 allocation_ms=0.003 memcpy_ms=2.212 image_ms=0.013 transaction_ms=0.078 render_ms=13.736 flush_ms=3.787 total_ms=19.848
SURFACE FRAME id=214 allocation_ms=0.003 memcpy_ms=2.110 image_ms=0.013 transaction_ms=0.078 render_ms=13.961 flush_ms=3.713 total_ms=19.898
SURFACE FRAME id=215 allocation_ms=0.003 memcpy_ms=2.169 image_ms=0.010 transaction_ms=0.073 render_ms=13.933 flush_ms=3.819 total_ms=20.029
SURFACE FRAME id=216 allocation_ms=0.001 memcpy_ms=2.105 image_ms=0.012 transaction_ms=0.076 render_ms=14.678 flush_ms=3.774 total_ms=20.666
SURFACE FRAME id=217 allocation_ms=0.003 memcpy_ms=2.104 image_ms=0.011 transaction_ms=0.078 render_ms=14.888 flush_ms=3.769 total_ms=20.875
SURFACE FRAME id=218 allocation_ms=0.001 memcpy_ms=2.329 image_ms=0.010 transaction_ms=0.076 render_ms=14.821 flush_ms=4.681 total_ms=21.931
SURFACE FRAME id=219 allocation_ms=0.003 memcpy_ms=2.270 image_ms=0.011 transaction_ms=0.076 render_ms=14.942 flush_ms=3.804 total_ms=21.129
SURFACE FRAME id=220 allocation_ms=0.002 memcpy_ms=2.216 image_ms=0.011 transaction_ms=0.078 render_ms=14.638 flush_ms=3.744 total_ms=20.712
SURFACE FRAME id=221 allocation_ms=0.003 memcpy_ms=2.276 image_ms=0.013 transaction_ms=0.088 render_ms=14.673 flush_ms=3.848 total_ms=20.921
SURFACE FRAME id=222 allocation_ms=0.002 memcpy_ms=2.206 image_ms=0.012 transaction_ms=0.079 render_ms=14.609 flush_ms=3.765 total_ms=20.694
SURFACE FRAME id=223 allocation_ms=0.003 memcpy_ms=2.124 image_ms=0.012 transaction_ms=0.077 render_ms=14.462 flush_ms=3.760 total_ms=20.458
SURFACE FRAME id=224 allocation_ms=0.003 memcpy_ms=2.227 image_ms=0.012 transaction_ms=0.087 render_ms=14.195 flush_ms=3.788 total_ms=20.332
SURFACE FRAME id=225 allocation_ms=0.003 memcpy_ms=2.210 image_ms=0.012 transaction_ms=0.080 render_ms=14.555 flush_ms=3.814 total_ms=20.695
SURFACE FRAME id=226 allocation_ms=0.003 memcpy_ms=2.241 image_ms=0.013 transaction_ms=0.078 render_ms=14.851 flush_ms=3.740 total_ms=20.947
SURFACE FRAME id=227 allocation_ms=0.002 memcpy_ms=2.195 image_ms=0.014 transaction_ms=0.079 render_ms=14.460 flush_ms=3.820 total_ms=20.590
SURFACE FRAME id=228 allocation_ms=0.002 memcpy_ms=2.162 image_ms=0.011 transaction_ms=0.076 render_ms=15.394 flush_ms=4.600 total_ms=22.266
SURFACE FRAME id=229 allocation_ms=0.001 memcpy_ms=2.333 image_ms=0.012 transaction_ms=0.082 render_ms=15.550 flush_ms=3.843 total_ms=21.835
SURFACE FRAME id=230 allocation_ms=0.003 memcpy_ms=2.106 image_ms=0.012 transaction_ms=0.080 render_ms=14.348 flush_ms=3.789 total_ms=20.359
SURFACE FRAME id=231 allocation_ms=0.003 memcpy_ms=2.087 image_ms=0.012 transaction_ms=0.079 render_ms=14.923 flush_ms=3.728 total_ms=20.854
SURFACE FRAME id=232 allocation_ms=0.003 memcpy_ms=2.174 image_ms=0.012 transaction_ms=0.079 render_ms=14.437 flush_ms=3.748 total_ms=20.476
SURFACE FRAME id=233 allocation_ms=0.002 memcpy_ms=2.061 image_ms=0.011 transaction_ms=0.078 render_ms=14.155 flush_ms=3.828 total_ms=20.153
SURFACE FRAME id=234 allocation_ms=0.001 memcpy_ms=2.257 image_ms=0.010 transaction_ms=0.077 render_ms=15.015 flush_ms=3.719 total_ms=21.095
SURFACE FRAME id=235 allocation_ms=0.008 memcpy_ms=2.134 image_ms=0.013 transaction_ms=0.080 render_ms=14.265 flush_ms=3.795 total_ms=20.558
SURFACE FRAME id=236 allocation_ms=0.003 memcpy_ms=2.363 image_ms=0.013 transaction_ms=0.078 render_ms=14.748 flush_ms=3.856 total_ms=21.083
SURFACE FRAME id=237 allocation_ms=0.003 memcpy_ms=2.327 image_ms=0.013 transaction_ms=0.079 render_ms=14.497 flush_ms=3.925 total_ms=20.864
SURFACE FRAME id=238 allocation_ms=0.003 memcpy_ms=2.289 image_ms=0.013 transaction_ms=0.079 render_ms=14.170 flush_ms=3.729 total_ms=20.304
SURFACE FRAME id=239 allocation_ms=0.002 memcpy_ms=2.372 image_ms=0.013 transaction_ms=0.080 render_ms=14.542 flush_ms=3.756 total_ms=20.788
SURFACE POOL allocations=3 reuses=237 fallbacks=0 in_use=2 peak_in_use=3 slots=3
SURFACE detach-surface=0
SURFACE remove-owned-surface=0
