   0.211 2026-09-23 11:27:52.399 TigerBrowser2[22700] *** _NSAutoreleaseNoPool(): Object 0x7c09180 of class NSCFString autoreleased with no pool in place - just leaking
   0.639 Unknown logging channel: Loading
   0.639 Unknown logging channel: Layout
   0.667 [com.apple.WebKit:Process:4] 0x10c601220 - NetworkProcess::initializeNetworkProcess: Presenting processPID=22704
   0.679 Unknown logging channel: Loading
   0.679 Unknown logging channel: Layout
   0.689 [com.apple.WebKit:Process:4] getNetworkProcessConnection: Request connection for core identifier 3
   0.726 [com.apple.WebKit:Process:4] 0x10c601220 - NetworkProcess::createNetworkConnectionToWebProcess: Create connection for web process core identifier 3
   0.726 [com.apple.WebKit:Process:4] 0x10c612000 - NetworkConnectionToWebProcess::NetworkConnectionToWebProcess: Create connection for web process core identifier 3
   0.727 [com.apple.WebKit:Process:4] 0x10c612000 - NetworkConnectionToWebProcess::NetworkConnectionToWebProcess: Connection for web process core identifier 3 established service worker server connection
   0.727 [com.apple.WebKit:Process:4] 0x10c612000 - NetworkConnectionToWebProcess::NetworkConnectionToWebProcess: Connection for web process core identifier 3 established shared worker connection
   0.727 [com.apple.WebKit:Process:4] 0x10c601220 - NetworkProcess::createNetworkConnectionToWebProcess: Finished creating connection for web process core identifier 3, notifying the UI process
   0.734 [com.apple.WebKit:Process:4] 0x10c601220 - NetworkProcess::createNetworkConnectionToWebProcess: Handed off connect for web process core identifier 3 to the UI process
   0.786 [com.apple.WebKit:Process:4] 0x10c601220 - [sessionID=1] WebProcess::initializeWebProcess: Presenting processPID=22700
   0.787 [com.apple.WebKit:Loading:4] 0x10d024400 - [webPageID=5] WebPage::constructor:
   0.792 [com.apple.WebKit:Loading:4] WebPreferencesStore: non-default preferences: UseGPUProcessForDOMRenderingEnabled=false, AcceleratedCompositingEnabled=false
   0.820 [com.apple.WebKit:Layout:4] [webFrameID=4294967297, webPageID=5] WebLocalFrameLoaderClient::completePageTransitionIfNeeded: dispatching didCompletePageTransition
   0.823 [com.apple.WebKit:Loading:4] [webPageID=5] WebPage::loadRequest: navigationID=11, shouldTreatAsContinuingLoad=0, lastNavigationWasAppInitiated=1, existingNetworkResourceLoadIdentifierToResume=0
   0.854 [com.apple.WebKit:Loading:4] [pageID=5, frameID=4294967297] PolicyChecker::checkNavigationPolicy: continuing because this policyAction from dispatchDecidePolicyForNavigationAction is Use
   0.858 [com.apple.WebKit:Loading:4] 0x10c612000 - [webProcessIdentifier=3] NetworkConnectionToWebProcess::scheduleResourceLoad: (parentPID=22700, pageProxyID=4, webPageID=5, frameID=4294967297, resourceID=9, existingLoaderToResume=0)
   0.858 [com.apple.WebKit:Loading:4] 0x10c612000 - [webProcessIdentifier=3] NetworkConnectionToWebProcess::scheduleResourceLoad: Deferring resource load until service worker registrations for origin are imported
   0.858 [com.apple.WebKit:Loading:4] 0x10c612000 - [webProcessIdentifier=3] NetworkConnectionToWebProcess::scheduleResourceLoad: (parentPID=22700, pageProxyID=4, webPageID=5, frameID=4294967297, resourceID=9, existingLoaderToResume=0)
   0.858 [com.apple.WebKit:Loading:4] 0x10c612000 - [webProcessIdentifier=3] NetworkConnectionToWebProcess::resolveBlobReferences: (parentPID=22700, pageProxyID=4, webPageID=5, frameID=4294967297, resourceID=9)
   0.958 TIGER script: 
   1.073 [com.apple.WebKit:Loading:4] 0x10c612000 - [webProcessIdentifier=3] NetworkConnectionToWebProcess::scheduleResourceLoad: (parentPID=22700, pageProxyID=4, webPageID=5, frameID=4294967297, resourceID=16, existingLoaderToResume=0)
   1.074 [com.apple.WebKit:Loading:4] 0x10c612000 - [webProcessIdentifier=3] NetworkConnectionToWebProcess::resolveBlobReferences: (parentPID=22700, pageProxyID=4, webPageID=5, frameID=4294967297, resourceID=16)
   1.080 [com.apple.WebKit:Loading:4] 0x10c612000 - [webProcessIdentifier=3] NetworkConnectionToWebProcess::scheduleResourceLoad: (parentPID=22700, pageProxyID=4, webPageID=5, frameID=4294967297, resourceID=17, existingLoaderToResume=0)
   1.081 [com.apple.WebKit:Loading:4] 0x10c612000 - [webProcessIdentifier=3] NetworkConnectionToWebProcess::resolveBlobReferences: (parentPID=22700, pageProxyID=4, webPageID=5, frameID=4294967297, resourceID=17)
   1.105 [com.apple.WebKit:Loading:4] 0x10c612000 - [webProcessIdentifier=3] NetworkConnectionToWebProcess::scheduleResourceLoad: (parentPID=22700, pageProxyID=4, webPageID=5, frameID=4294967297, resourceID=18, existingLoaderToResume=0)
   1.105 [com.apple.WebKit:Loading:4] 0x10c612000 - [webProcessIdentifier=3] NetworkConnectionToWebProcess::resolveBlobReferences: (parentPID=22700, pageProxyID=4, webPageID=5, frameID=4294967297, resourceID=18)
   1.112 [com.apple.WebKit:Loading:4] 0x10c612000 - [webProcessIdentifier=3] NetworkConnectionToWebProcess::scheduleResourceLoad: (parentPID=22700, pageProxyID=4, webPageID=5, frameID=4294967297, resourceID=19, existingLoaderToResume=0)
   1.112 [com.apple.WebKit:Loading:4] 0x10c612000 - [webProcessIdentifier=3] NetworkConnectionToWebProcess::resolveBlobReferences: (parentPID=22700, pageProxyID=4, webPageID=5, frameID=4294967297, resourceID=19)
   1.115 [com.apple.WebKit:Loading:4] 0x10c612000 - [webProcessIdentifier=3] NetworkConnectionToWebProcess::scheduleResourceLoad: (parentPID=22700, pageProxyID=4, webPageID=5, frameID=4294967297, resourceID=20, existingLoaderToResume=0)
   1.115 [com.apple.WebKit:Loading:4] 0x10c612000 - [webProcessIdentifier=3] NetworkConnectionToWebProcess::resolveBlobReferences: (parentPID=22700, pageProxyID=4, webPageID=5, frameID=4294967297, resourceID=20)
   1.115 [com.apple.WebKit:Loading:4] 0x10c612000 - [webProcessIdentifier=3] NetworkConnectionToWebProcess::scheduleResourceLoad: (parentPID=22700, pageProxyID=4, webPageID=5, frameID=4294967297, resourceID=21, existingLoaderToResume=0)
   1.115 [com.apple.WebKit:Loading:4] 0x10c612000 - [webProcessIdentifier=3] NetworkConnectionToWebProcess::resolveBlobReferences: (parentPID=22700, pageProxyID=4, webPageID=5, frameID=4294967297, resourceID=21)
   1.166 [com.apple.WebKit:Loading:4] 0x10c612000 - [webProcessIdentifier=3] NetworkConnectionToWebProcess::scheduleResourceLoad: (parentPID=22700, pageProxyID=4, webPageID=5, frameID=4294967297, resourceID=22, existingLoaderToResume=0)
   1.167 [com.apple.WebKit:Loading:4] 0x10c612000 - [webProcessIdentifier=3] NetworkConnectionToWebProcess::resolveBlobReferences: (parentPID=22700, pageProxyID=4, webPageID=5, frameID=4294967297, resourceID=22)
   1.567 [com.apple.WebKit:Loading:4] 0x10c612000 - [webProcessIdentifier=3] NetworkConnectionToWebProcess::scheduleResourceLoad: (parentPID=22700, pageProxyID=4, webPageID=5, frameID=4294967297, resourceID=32, existingLoaderToResume=0)
   1.567 [com.apple.WebKit:Loading:4] 0x10c612000 - [webProcessIdentifier=3] NetworkConnectionToWebProcess::resolveBlobReferences: (parentPID=22700, pageProxyID=4, webPageID=5, frameID=4294967297, resourceID=32)
   1.571 [com.apple.WebKit:Loading:4] 0x10c612000 - [webProcessIdentifier=3] NetworkConnectionToWebProcess::scheduleResourceLoad: (parentPID=22700, pageProxyID=4, webPageID=5, frameID=4294967297, resourceID=33, existingLoaderToResume=0)
   1.571 [com.apple.WebKit:Loading:4] 0x10c612000 - [webProcessIdentifier=3] NetworkConnectionToWebProcess::resolveBlobReferences: (parentPID=22700, pageProxyID=4, webPageID=5, frameID=4294967297, resourceID=33)
   1.572 [com.apple.WebKit:Loading:4] 0x10c612000 - [webProcessIdentifier=3] NetworkConnectionToWebProcess::scheduleResourceLoad: (parentPID=22700, pageProxyID=4, webPageID=5, frameID=4294967297, resourceID=34, existingLoaderToResume=0)
   1.572 [com.apple.WebKit:Loading:4] 0x10c612000 - [webProcessIdentifier=3] NetworkConnectionToWebProcess::resolveBlobReferences: (parentPID=22700, pageProxyID=4, webPageID=5, frameID=4294967297, resourceID=34)
   1.578 [com.apple.WebKit:Loading:4] 0x10c612000 - [webProcessIdentifier=3] NetworkConnectionToWebProcess::scheduleResourceLoad: (parentPID=22700, pageProxyID=4, webPageID=5, frameID=4294967297, resourceID=37, existingLoaderToResume=0)
   1.578 [com.apple.WebKit:Loading:4] 0x10c612000 - [webProcessIdentifier=3] NetworkConnectionToWebProcess::resolveBlobReferences: (parentPID=22700, pageProxyID=4, webPageID=5, frameID=4294967297, resourceID=37)
   1.579 [com.apple.WebKit:Loading:4] 0x10c612000 - [webProcessIdentifier=3] NetworkConnectionToWebProcess::scheduleResourceLoad: (parentPID=22700, pageProxyID=4, webPageID=5, frameID=4294967297, resourceID=38, existingLoaderToResume=0)
   1.579 [com.apple.WebKit:Loading:4] 0x10c612000 - [webProcessIdentifier=3] NetworkConnectionToWebProcess::resolveBlobReferences: (parentPID=22700, pageProxyID=4, webPageID=5, frameID=4294967297, resourceID=38)
   1.583 [com.apple.WebKit:Loading:4] 0x10c612000 - [webProcessIdentifier=3] NetworkConnectionToWebProcess::scheduleResourceLoad: (parentPID=22700, pageProxyID=4, webPageID=5, frameID=4294967297, resourceID=39, existingLoaderToResume=0)
   1.583 [com.apple.WebKit:Loading:4] 0x10c612000 - [webProcessIdentifier=3] NetworkConnectionToWebProcess::resolveBlobReferences: (parentPID=22700, pageProxyID=4, webPageID=5, frameID=4294967297, resourceID=39)
   1.588 [com.apple.WebKit:Loading:4] 0x10c612000 - [webProcessIdentifier=3] NetworkConnectionToWebProcess::scheduleResourceLoad: (parentPID=22700, pageProxyID=4, webPageID=5, frameID=4294967297, resourceID=40, existingLoaderToResume=0)
   1.588 [com.apple.WebKit:Loading:4] 0x10c612000 - [webProcessIdentifier=3] NetworkConnectionToWebProcess::resolveBlobReferences: (parentPID=22700, pageProxyID=4, webPageID=5, frameID=4294967297, resourceID=40)
   1.612 [com.apple.WebKit:Loading:4] 0x10c612000 - [webProcessIdentifier=3] NetworkConnectionToWebProcess::scheduleResourceLoad: (parentPID=22700, pageProxyID=4, webPageID=5, frameID=4294967297, resourceID=41, existingLoaderToResume=0)
   1.612 [com.apple.WebKit:Loading:4] 0x10c612000 - [webProcessIdentifier=3] NetworkConnectionToWebProcess::resolveBlobReferences: (parentPID=22700, pageProxyID=4, webPageID=5, frameID=4294967297, resourceID=41)
   1.654 [com.apple.WebKit:Layout:4] [pageID=5, frameID=4294967297, isMainFrame=1] LocalFrameView::fireLayoutRelatedMilestonesIfNeeded: Firing first visually non-empty layout milestone on the main frame
   1.654 [com.apple.WebKit:Layout:4] [webFrameID=4294967297, webPageID=5] WebLocalFrameLoaderClient::dispatchDidReachLayoutMilestone: dispatching DidReachLayoutMilestone (milestones=DidFirstVisuallyNonEmptyLayout)
   1.654 [com.apple.WebKit:Layout:4] [webFrameID=4294967297, webPageID=5] WebLocalFrameLoaderClient::dispatchDidReachLayoutMilestone: dispatching DidFirstVisuallyNonEmptyLayoutForFrame
   1.654 [com.apple.WebKit:Layout:4] [webFrameID=4294967297, webPageID=5] WebLocalFrameLoaderClient::completePageTransitionIfNeeded: dispatching didCompletePageTransition
   1.741 [com.apple.WebKit:Loading:4] 0x10c612000 - [webProcessIdentifier=3] NetworkConnectionToWebProcess::scheduleResourceLoad: (parentPID=22700, pageProxyID=4, webPageID=5, frameID=4294967297, resourceID=66, existingLoaderToResume=0)
   1.741 [com.apple.WebKit:Loading:4] 0x10c612000 - [webProcessIdentifier=3] NetworkConnectionToWebProcess::resolveBlobReferences: (parentPID=22700, pageProxyID=4, webPageID=5, frameID=4294967297, resourceID=66)
   1.949 [com.apple.WebKit:Layout:4] [webFrameID=4294967297, webPageID=5] WebLocalFrameLoaderClient::dispatchDidReachLayoutMilestone: dispatching DidFirstLayoutForFrame
   1.949 [com.apple.WebKit:Layout:4] [webFrameID=4294967297, webPageID=5] WebLocalFrameLoaderClient::dispatchDidReachLayoutMilestone: dispatching DidReachLayoutMilestone (milestones=DidFirstLayout)
   1.953 [com.apple.WebKit:Loading:4] 0x10c612000 - [webProcessIdentifier=3] NetworkConnectionToWebProcess::scheduleResourceLoad: (parentPID=22700, pageProxyID=4, webPageID=5, frameID=4294967297, resourceID=67, existingLoaderToResume=0)
   1.953 [com.apple.WebKit:Loading:4] 0x10c612000 - [webProcessIdentifier=3] NetworkConnectionToWebProcess::resolveBlobReferences: (parentPID=22700, pageProxyID=4, webPageID=5, frameID=4294967297, resourceID=67)
   1.955 [com.apple.WebKit:Loading:4] 0x10c612000 - [webProcessIdentifier=3] NetworkConnectionToWebProcess::scheduleResourceLoad: (parentPID=22700, pageProxyID=4, webPageID=5, frameID=4294967297, resourceID=68, existingLoaderToResume=0)
   1.955 [com.apple.WebKit:Loading:4] 0x10c612000 - [webProcessIdentifier=3] NetworkConnectionToWebProcess::resolveBlobReferences: (parentPID=22700, pageProxyID=4, webPageID=5, frameID=4294967297, resourceID=68)
   2.029 [com.apple.WebKit:Layout:4] [webFrameID=4294967297, webPageID=5] WebLocalFrameLoaderClient::dispatchDidReachLayoutMilestone: dispatching DidReachLayoutMilestone (milestones=DidFirstMeaningfulPaint)
   2.348 [com.apple.WebKit:Loading:4] 0x10c612000 - [webProcessIdentifier=3] NetworkConnectionToWebProcess::scheduleResourceLoad: (parentPID=22700, pageProxyID=4, webPageID=5, frameID=4294967297, resourceID=78, existingLoaderToResume=0)
   2.348 [com.apple.WebKit:Loading:4] 0x10c612000 - [webProcessIdentifier=3] NetworkConnectionToWebProcess::resolveBlobReferences: (parentPID=22700, pageProxyID=4, webPageID=5, frameID=4294967297, resourceID=78)
   3.261 [com.apple.WebKit:Loading:4] 0x10c612000 - [webProcessIdentifier=3] NetworkConnectionToWebProcess::scheduleResourceLoad: (parentPID=22700, pageProxyID=4, webPageID=5, frameID=4294967297, resourceID=85, existingLoaderToResume=0)
   3.261 [com.apple.WebKit:Loading:4] 0x10c612000 - [webProcessIdentifier=3] NetworkConnectionToWebProcess::resolveBlobReferences: (parentPID=22700, pageProxyID=4, webPageID=5, frameID=4294967297, resourceID=85)
  75.480 TIGER-EXIT pid 0x58ac
  75.480  thread 0x117 state-kr 0x0 pc 0x90009817 leaf mach_msg_trap+0x7 frames: 0x90009817 0x9004626a 0x2dd615
  75.501 TIGER-EXIT pid 0x58b0
  75.501  thread 0xd03 state-kr 0x0 pc 0x10ae62e4e leaf mach_msg_trap+0xa frames: 0x10ae62e4e 0x10ae1811d 0x10032917d 0x10ae07c75 0x10ae07a0c 0x100001b13 0x100001a21 0x3
