   0.270 2026-09-23 17:54:31.510 TigerBrowser2[18959] *** _NSAutoreleaseNoPool(): Object 0x7c09180 of class NSCFString autoreleased with no pool in place - just leaking
   0.497 ERROR: invalid option: JSC_fullGCTimerMaxDelay=0
   0.738 Unknown logging channel: Loading
   0.738 Unknown logging channel: Layout
   0.751 [com.apple.WebKit:Process:4] 0x119030190 - NetworkProcess::initializeNetworkProcess: Presenting processPID=18990
   0.817 Unknown logging channel: Loading
   0.818 Unknown logging channel: Layout
   0.821 [com.apple.WebKit:Process:4] getNetworkProcessConnection: Request connection for core identifier 3
   0.823 [com.apple.WebKit:Process:4] 0x119030190 - NetworkProcess::createNetworkConnectionToWebProcess: Create connection for web process core identifier 3
   0.825 [com.apple.WebKit:Process:4] 0x11908c240 - NetworkConnectionToWebProcess::NetworkConnectionToWebProcess: Create connection for web process core identifier 3
   0.825 [com.apple.WebKit:Process:4] 0x11908c240 - NetworkConnectionToWebProcess::NetworkConnectionToWebProcess: Connection for web process core identifier 3 established service worker server connection
   0.825 [com.apple.WebKit:Process:4] 0x11908c240 - NetworkConnectionToWebProcess::NetworkConnectionToWebProcess: Connection for web process core identifier 3 established shared worker connection
   0.825 [com.apple.WebKit:Process:4] 0x119030190 - NetworkProcess::createNetworkConnectionToWebProcess: Finished creating connection for web process core identifier 3, notifying the UI process
   0.834 [com.apple.WebKit:Process:4] 0x119030190 - NetworkProcess::createNetworkConnectionToWebProcess: Handed off connect for web process core identifier 3 to the UI process
   0.907 [com.apple.WebKit:Process:4] 0x1190300c0 - [sessionID=1] WebProcess::initializeWebProcess: Presenting processPID=18959
   0.910 [com.apple.WebKit:Loading:4] 0x119118b80 - [webPageID=5] WebPage::constructor:
   0.915 [com.apple.WebKit:Loading:4] WebPreferencesStore: non-default preferences: UseGPUProcessForDOMRenderingEnabled=false, AcceleratedCompositingEnabled=false
   0.982 [com.apple.WebKit:Layout:4] [webFrameID=4294967297, webPageID=5] WebLocalFrameLoaderClient::completePageTransitionIfNeeded: dispatching didCompletePageTransition
   0.984 [com.apple.WebKit:Loading:4] [webPageID=5] WebPage::loadRequest: navigationID=11, shouldTreatAsContinuingLoad=0, lastNavigationWasAppInitiated=1, existingNetworkResourceLoadIdentifierToResume=0
   1.007 [com.apple.WebKit:Loading:4] [pageID=5, frameID=4294967297] PolicyChecker::checkNavigationPolicy: continuing because this policyAction from dispatchDecidePolicyForNavigationAction is Use
   1.012 [com.apple.WebKit:Loading:4] 0x11908c240 - [webProcessIdentifier=3] NetworkConnectionToWebProcess::scheduleResourceLoad: (parentPID=18959, pageProxyID=4, webPageID=5, frameID=4294967297, resourceID=9, existingLoaderToResume=0)
   1.013 [com.apple.WebKit:Loading:4] 0x11908c240 - [webProcessIdentifier=3] NetworkConnectionToWebProcess::scheduleResourceLoad: Deferring resource load until service worker registrations for origin are imported
   1.013 [com.apple.WebKit:Loading:4] 0x11908c240 - [webProcessIdentifier=3] NetworkConnectionToWebProcess::scheduleResourceLoad: (parentPID=18959, pageProxyID=4, webPageID=5, frameID=4294967297, resourceID=9, existingLoaderToResume=0)
   1.013 [com.apple.WebKit:Loading:4] 0x11908c240 - [webProcessIdentifier=3] NetworkConnectionToWebProcess::resolveBlobReferences: (parentPID=18959, pageProxyID=4, webPageID=5, frameID=4294967297, resourceID=9)
   1.065 [com.apple.WebKit:Layout:4] [webFrameID=4294967297, webPageID=5] WebLocalFrameLoaderClient::completePageTransitionIfNeeded: dispatching didCompletePageTransition
   1.089 TIGER script: 
   1.126 Unknown logging channel: Loading
   1.126 Unknown logging channel: Layout
   1.136 [com.apple.WebKit:Process:4] getNetworkProcessConnection: Request connection for core identifier 5
   1.139 [com.apple.WebKit:Process:4] 0x119030190 - NetworkProcess::createNetworkConnectionToWebProcess: Create connection for web process core identifier 5
   1.146 [com.apple.WebKit:Process:4] 0x11908c370 - NetworkConnectionToWebProcess::NetworkConnectionToWebProcess: Create connection for web process core identifier 5
   1.146 [com.apple.WebKit:Process:4] 0x11908c370 - NetworkConnectionToWebProcess::NetworkConnectionToWebProcess: Connection for web process core identifier 5 established service worker server connection
   1.146 [com.apple.WebKit:Process:4] 0x11908c370 - NetworkConnectionToWebProcess::NetworkConnectionToWebProcess: Connection for web process core identifier 5 established shared worker connection
   1.146 [com.apple.WebKit:Process:4] 0x119030190 - NetworkProcess::createNetworkConnectionToWebProcess: Finished creating connection for web process core identifier 5, notifying the UI process
   1.146 [com.apple.WebKit:Process:4] 0x119030190 - NetworkProcess::createNetworkConnectionToWebProcess: Handed off connect for web process core identifier 5 to the UI process
   1.221 [com.apple.WebKit:Process:4] 0x1190300c0 - [sessionID=1] WebProcess::initializeWebProcess: Presenting processPID=18959
   1.224 [com.apple.WebKit:Loading:4] 0x119118b80 - [webPageID=13] WebPage::constructor:
   1.229 [com.apple.WebKit:Loading:4] WebPreferencesStore: non-default preferences: UseGPUProcessForDOMRenderingEnabled=false, AcceleratedCompositingEnabled=false
   1.312 [com.apple.WebKit:Layout:4] [webFrameID=4294967298, webPageID=13] WebLocalFrameLoaderClient::completePageTransitionIfNeeded: dispatching didCompletePageTransition
   1.318 [com.apple.WebKit:Loading:4] [webPageID=13] WebPage::loadRequest: navigationID=11, shouldTreatAsContinuingLoad=2, lastNavigationWasAppInitiated=1, existingNetworkResourceLoadIdentifierToResume=1
   1.324 [com.apple.WebKit:Loading:4] 0x11908c370 - [webProcessIdentifier=5] NetworkConnectionToWebProcess::scheduleResourceLoad: (parentPID=18959, pageProxyID=4, webPageID=13, frameID=4294967298, resourceID=9, existingLoaderToResume=1)
   1.324 [com.apple.WebKit:Loading:4] 0x11908c370 - [webProcessIdentifier=5] NetworkConnectionToWebProcess::scheduleResourceLoad: Resuming existing NetworkResourceLoader
   1.373 [com.apple.WebKit:Loading:4] 0x11908c240 - [webProcessIdentifier=3] NetworkConnectionToWebProcess::didClose: WebProcess closed its connection. Aborting related loaders.
   1.373 [com.apple.WebKit:Process:4] 0x119030190 - NetworkProcess::removeNetworkConnectionToWebProcess: Removing process 3
   1.530 [com.apple.WebKit:Layout:4] [pageID=13, frameID=4294967298, isMainFrame=1] LocalFrameView::fireLayoutRelatedMilestonesIfNeeded: Firing first visually non-empty layout milestone on the main frame
   1.530 [com.apple.WebKit:Layout:4] [webFrameID=4294967298, webPageID=13] WebLocalFrameLoaderClient::dispatchDidReachLayoutMilestone: dispatching DidReachLayoutMilestone (milestones=DidFirstVisuallyNonEmptyLayout)
   1.530 [com.apple.WebKit:Layout:4] [webFrameID=4294967298, webPageID=13] WebLocalFrameLoaderClient::dispatchDidReachLayoutMilestone: dispatching DidFirstVisuallyNonEmptyLayoutForFrame
   1.531 [com.apple.WebKit:Layout:4] [webFrameID=4294967298, webPageID=13] WebLocalFrameLoaderClient::completePageTransitionIfNeeded: dispatching didCompletePageTransition
   1.536 [com.apple.WebKit:Layout:4] [webFrameID=4294967298, webPageID=13] WebLocalFrameLoaderClient::dispatchDidReachLayoutMilestone: dispatching DidFirstLayoutForFrame
   1.536 [com.apple.WebKit:Layout:4] [webFrameID=4294967298, webPageID=13] WebLocalFrameLoaderClient::dispatchDidReachLayoutMilestone: dispatching DidReachLayoutMilestone (milestones=DidFirstLayout)
   1.555 TIGER title: allocbench
   1.569 [com.apple.WebKit:Layout:4] [webFrameID=4294967298, webPageID=13] WebLocalFrameLoaderClient::dispatchDidReachLayoutMilestone: dispatching DidReachLayoutMilestone (milestones=DidFirstMeaningfulPaint)
  41.937 TIGER title: allocbench 37525
  60.619 TIGER-EXIT pid 0x4a0f
  60.621  thread 0x117 state-kr 0x0 pc 0x90009817 leaf mach_msg_trap+0x7 frames: 0x90009817 0x9004626a 0x2dff05
  60.642 TIGER-EXIT pid 0x4a2e
  60.642  thread 0xd03 state-kr 0x0 pc 0x10b6dfe4e leaf mach_msg_trap+0xa crashinfo 0x206 0x270 0x0 0xe03 0x3 0x7fff5fbff450 0x270 frames: 0x10b6dfe4e 0x10b69511d 0x100329acc 0x10b684c75 0x10b684a0c 0x100001c53 0x100001b61 0x3
