   0.319 2026-09-23 18:35:57.523 TigerBrowser2[29702] *** _NSAutoreleaseNoPool(): Object 0x7c09180 of class NSCFString autoreleased with no pool in place - just leaking
   0.545 ERROR: invalid option: JSC_fullGCTimerMaxDelay=0
   0.851 Unknown logging channel: Loading
   0.851 Unknown logging channel: Layout
   0.854 [com.apple.WebKit:Process:4] getNetworkProcessConnection: Request connection for core identifier 3
   0.872 Unknown logging channel: Loading
   0.872 Unknown logging channel: Layout
   0.880 [com.apple.WebKit:Process:4] 0x119030190 - NetworkProcess::initializeNetworkProcess: Presenting processPID=29706
   0.882 [com.apple.WebKit:Process:4] 0x119030190 - NetworkProcess::createNetworkConnectionToWebProcess: Create connection for web process core identifier 3
   0.885 [com.apple.WebKit:Process:4] 0x119098240 - NetworkConnectionToWebProcess::NetworkConnectionToWebProcess: Create connection for web process core identifier 3
   0.886 [com.apple.WebKit:Process:4] 0x119098240 - NetworkConnectionToWebProcess::NetworkConnectionToWebProcess: Connection for web process core identifier 3 established service worker server connection
   0.886 [com.apple.WebKit:Process:4] 0x119098240 - NetworkConnectionToWebProcess::NetworkConnectionToWebProcess: Connection for web process core identifier 3 established shared worker connection
   0.886 [com.apple.WebKit:Process:4] 0x119030190 - NetworkProcess::createNetworkConnectionToWebProcess: Finished creating connection for web process core identifier 3, notifying the UI process
   0.901 [com.apple.WebKit:Process:4] 0x119030190 - NetworkProcess::createNetworkConnectionToWebProcess: Handed off connect for web process core identifier 3 to the UI process
   0.911 [GC<0x118400108>: starting 0.190586ms]
   0.987 [com.apple.WebKit:Process:4] 0x1190300c0 - [sessionID=1] WebProcess::initializeWebProcess: Presenting processPID=29702
   0.988 [com.apple.WebKit:Loading:4] 0x119110b80 - [webPageID=5] WebPage::constructor:
   1.001 [com.apple.WebKit:Loading:4] WebPreferencesStore: non-default preferences: UseGPUProcessForDOMRenderingEnabled=false, AcceleratedCompositingEnabled=false
   1.029 [com.apple.WebKit:Layout:4] [webFrameID=4294967297, webPageID=5] WebLocalFrameLoaderClient::completePageTransitionIfNeeded: dispatching didCompletePageTransition
   1.032 [com.apple.WebKit:Loading:4] [webPageID=5] WebPage::loadRequest: navigationID=11, shouldTreatAsContinuingLoad=0, lastNavigationWasAppInitiated=1, existingNetworkResourceLoadIdentifierToResume=0
   1.062 [com.apple.WebKit:Loading:4] [pageID=5, frameID=4294967297] PolicyChecker::checkNavigationPolicy: continuing because this policyAction from dispatchDecidePolicyForNavigationAction is Use
   1.066 [com.apple.WebKit:Loading:4] 0x119098240 - [webProcessIdentifier=3] NetworkConnectionToWebProcess::scheduleResourceLoad: (parentPID=29702, pageProxyID=4, webPageID=5, frameID=4294967297, resourceID=9, existingLoaderToResume=0)
   1.066 [com.apple.WebKit:Loading:4] 0x119098240 - [webProcessIdentifier=3] NetworkConnectionToWebProcess::scheduleResourceLoad: Deferring resource load until service worker registrations for origin are imported
   1.066 [com.apple.WebKit:Loading:4] 0x119098240 - [webProcessIdentifier=3] NetworkConnectionToWebProcess::scheduleResourceLoad: (parentPID=29702, pageProxyID=4, webPageID=5, frameID=4294967297, resourceID=9, existingLoaderToResume=0)
   1.067 [com.apple.WebKit:Loading:4] 0x119098240 - [webProcessIdentifier=3] NetworkConnectionToWebProcess::resolveBlobReferences: (parentPID=29702, pageProxyID=4, webPageID=5, frameID=4294967297, resourceID=9)
   1.083 TIGER script: 
   1.212 [com.apple.WebKit:Layout:4] [webFrameID=4294967297, webPageID=5] WebLocalFrameLoaderClient::completePageTransitionIfNeeded: dispatching didCompletePageTransition
   1.289 Unknown logging channel: Loading
   1.289 Unknown logging channel: Layout
   1.292 [com.apple.WebKit:Process:4] getNetworkProcessConnection: Request connection for core identifier 5
   1.292 [com.apple.WebKit:Process:4] 0x119030190 - NetworkProcess::createNetworkConnectionToWebProcess: Create connection for web process core identifier 5
   1.295 [com.apple.WebKit:Process:4] 0x119099a00 - NetworkConnectionToWebProcess::NetworkConnectionToWebProcess: Create connection for web process core identifier 5
   1.295 [com.apple.WebKit:Process:4] 0x119099a00 - NetworkConnectionToWebProcess::NetworkConnectionToWebProcess: Connection for web process core identifier 5 established service worker server connection
   1.295 [com.apple.WebKit:Process:4] 0x119099a00 - NetworkConnectionToWebProcess::NetworkConnectionToWebProcess: Connection for web process core identifier 5 established shared worker connection
   1.295 [com.apple.WebKit:Process:4] 0x119030190 - NetworkProcess::createNetworkConnectionToWebProcess: Finished creating connection for web process core identifier 5, notifying the UI process
   1.295 [com.apple.WebKit:Process:4] 0x119030190 - NetworkProcess::createNetworkConnectionToWebProcess: Handed off connect for web process core identifier 5 to the UI process
   1.302 [GC<0x118400108>: starting 0.118587ms]
   1.343 [com.apple.WebKit:Process:4] 0x1190300c0 - [sessionID=1] WebProcess::initializeWebProcess: Presenting processPID=29702
   1.345 [com.apple.WebKit:Loading:4] 0x11910cb80 - [webPageID=13] WebPage::constructor:
   1.350 [com.apple.WebKit:Loading:4] WebPreferencesStore: non-default preferences: UseGPUProcessForDOMRenderingEnabled=false, AcceleratedCompositingEnabled=false
   1.379 [com.apple.WebKit:Layout:4] [webFrameID=4294967298, webPageID=13] WebLocalFrameLoaderClient::completePageTransitionIfNeeded: dispatching didCompletePageTransition
   1.382 [com.apple.WebKit:Loading:4] [webPageID=13] WebPage::loadRequest: navigationID=11, shouldTreatAsContinuingLoad=2, lastNavigationWasAppInitiated=1, existingNetworkResourceLoadIdentifierToResume=1
   1.386 [com.apple.WebKit:Loading:4] 0x119099a00 - [webProcessIdentifier=5] NetworkConnectionToWebProcess::scheduleResourceLoad: (parentPID=29702, pageProxyID=4, webPageID=13, frameID=4294967298, resourceID=9, existingLoaderToResume=1)
   1.386 [com.apple.WebKit:Loading:4] 0x119099a00 - [webProcessIdentifier=5] NetworkConnectionToWebProcess::scheduleResourceLoad: Resuming existing NetworkResourceLoader
   1.459 [com.apple.WebKit:Loading:4] 0x119098240 - [webProcessIdentifier=3] NetworkConnectionToWebProcess::didClose: WebProcess closed its connection. Aborting related loaders.
   1.459 [com.apple.WebKit:Process:4] 0x119030190 - NetworkProcess::removeNetworkConnectionToWebProcess: Removing process 3
   1.604 [com.apple.WebKit:Layout:4] [pageID=13, frameID=4294967298, isMainFrame=1] LocalFrameView::fireLayoutRelatedMilestonesIfNeeded: Firing first visually non-empty layout milestone on the main frame
   1.604 [com.apple.WebKit:Layout:4] [webFrameID=4294967298, webPageID=13] WebLocalFrameLoaderClient::dispatchDidReachLayoutMilestone: dispatching DidFirstLayoutForFrame
   1.604 [com.apple.WebKit:Layout:4] [webFrameID=4294967298, webPageID=13] WebLocalFrameLoaderClient::dispatchDidReachLayoutMilestone: dispatching DidReachLayoutMilestone (milestones=DidFirstLayout, DidFirstVisuallyNonEmptyLayout)
   1.604 [com.apple.WebKit:Layout:4] [webFrameID=4294967298, webPageID=13] WebLocalFrameLoaderClient::dispatchDidReachLayoutMilestone: dispatching DidFirstVisuallyNonEmptyLayoutForFrame
   1.604 [com.apple.WebKit:Layout:4] [webFrameID=4294967298, webPageID=13] WebLocalFrameLoaderClient::completePageTransitionIfNeeded: dispatching didCompletePageTransition
   1.620 [com.apple.WebKit:Layout:4] [webFrameID=4294967298, webPageID=13] WebLocalFrameLoaderClient::dispatchDidReachLayoutMilestone: dispatching DidReachLayoutMilestone (milestones=DidFirstMeaningfulPaint)
   4.047 Requesting GC because bytes allocated this cycle: 120004322 exceed bytes allowed: 33554432 normal bytes: 80004306 oversized bytes: 40000016 last oversized: 40000016
   4.132 [GC<0x118400108>: START M 119046kb => EdenCollection, a=0kb hf=0.000 mu=0.600 v=0kb (C:0 M:0 P1:0) o=0 b=0 i#1:N<CsMsrShDMsm(0)> 428+0 p=3.159429ms (max 3.159429)...]
   4.133 [GC<0x118400108>: M a=204kb hf=0.004 mu=0.597 v=147kb (C:94 M:0 P1:52) o=3 b=0 0+0 p=0.729895ms (max 3.159429)...]
   4.137 [GC<0x118400108>: M a=314kb hf=0.007 mu=0.596 v=39664kb (C:94 M:0 P1:39570) o=3 b=0 0+0 p=1.544462ms (max 3.159429)...]
   4.140 [GC<0x118400108>: M a=518kb hf=0.011 mu=0.593 v=40788kb (C:94 M:0 P1:40686) o=3 b=1 0+1 p=0.626341ms (max 3.159429)...]
   4.171 [GC<0x118400108>: M a=1304kb hf=0.028 mu=0.583 v=55497kb (C:94 M:0 P1:55396) o=3 b=1 0+2 p=3.115143ms (max 3.159429)...]
   4.178 [GC<0x118400108>: M a=1382kb hf=0.029 mu=0.582 v=58441kb (C:94 M:0 P1:58336) o=3 b=0 0+2 p=2.177650ms (max 3.159429)...]
   4.180 [GC<0x118400108>: M a=1382kb hf=0.029 mu=0.582 v=60100kb (C:94 M:0 P1:59985) o=3 b=0 0+2 p=0.644777ms (max 3.159429)...]
   4.182 [GC<0x118400108>: M a=1382kb hf=0.029 mu=0.582 v=61197kb (C:94 M:0 P1:61094) o=3 b=0 0+2 p=0.619178ms (max 3.159429)...]
   4.184 [GC<0x118400108>: M a=1382kb hf=0.029 mu=0.582 v=62286kb (C:94 M:0 P1:62182) o=3 b=0 0+2 p=0.620472ms (max 3.159429)...]
   4.186 [GC<0x118400108>: M a=1382kb hf=0.029 mu=0.582 v=63378kb (C:94 M:0 P1:63275) o=3 b=0 0+2 p=0.610572ms (max 3.159429)...]
   4.188 [GC<0x118400108>: M a=1382kb hf=0.029 mu=0.582 v=64498kb (C:94 M:0 P1:64394) o=3 b=0 0+2 p=0.614637ms (max 3.159429)...]
   4.190 [GC<0x118400108>: M a=1382kb hf=0.029 mu=0.582 v=65598kb (C:94 M:0 P1:65495) o=3 b=0 0+2 p=0.628526ms (max 3.159429)...]
   4.192 [GC<0x118400108>: M a=1382kb hf=0.029 mu=0.582 v=66673kb (C:94 M:0 P1:66569) o=3 b=0 0+2 p=0.615283ms (max 3.159429)...]
   4.194 [GC<0x118400108>: M a=1382kb hf=0.029 mu=0.582 v=67848kb (C:94 M:0 P1:67744) o=3 b=0 0+2 p=0.955238ms (max 3.159429)...]
   4.196 [GC<0x118400108>: M a=1382kb hf=0.029 mu=0.582 v=68947kb (C:94 M:0 P1:68843) o=3 b=0 0+2 p=0.623930ms (max 3.159429)...]
   4.198 [GC<0x118400108>: M a=1382kb hf=0.029 mu=0.582 v=70005kb (C:94 M:0 P1:69907) o=3 b=0 0+2 p=0.625038ms (max 3.159429)...]
   4.200 [GC<0x118400108>: M a=1382kb hf=0.029 mu=0.582 v=71054kb (C:94 M:0 P1:70955) o=3 b=0 0+2 p=0.647909ms (max 3.159429)...]
   4.202 [GC<0x118400108>: M a=1382kb hf=0.029 mu=0.582 v=72122kb (C:94 M:0 P1:72018) o=3 b=0 0+2 p=0.624426ms (max 3.159429)...]
   4.204 [GC<0x118400108>: M a=1382kb hf=0.029 mu=0.582 v=73177kb (C:94 M:0 P1:73075) o=3 b=0 0+2 p=0.645815ms (max 3.159429)...]
   4.206 [GC<0x118400108>: M a=1382kb hf=0.029 mu=0.582 v=74270kb (C:94 M:0 P1:74162) o=3 b=0 0+2 p=0.626862ms (max 3.159429)...]
   4.208 [GC<0x118400108>: M a=1382kb hf=0.029 mu=0.582 v=75318kb (C:94 M:0 P1:75215) o=3 b=0 0+2 p=0.628306ms (max 3.159429)...]
   4.209 [GC<0x118400108>: M a=1445kb hf=0.031 mu=0.582 v=76123kb (C:94 M:0 P1:76026) o=3 b=0 0+2 p=0.749463ms (max 3.159429)...]
   4.211 [GC<0x118400108>: M a=1445kb hf=0.031 mu=0.582 v=77135kb (C:94 M:0 P1:77032) o=3 b=0 0+2 p=0.614696ms (max 3.159429)...]
   4.213 [GC<0x118400108>: M a=1445kb hf=0.031 mu=0.582 v=78181kb (C:94 M:0 P1:78082) o=3 b=0 0+2 p=0.668682ms (max 3.159429)...]
   4.215 [GC<0x118400108>: M a=1445kb hf=0.031 mu=0.582 v=79253kb (C:94 M:0 P1:79152) o=3 b=0 0+2 p=0.641118ms (max 3.159429)...]
   4.220 [GC<0x118400108>: M a=1445kb hf=0.031 mu=0.582 v=80948kb (C:94 M:0 P1:80844) o=3 b=0 0+2 p=1.413734ms (max 3.159429)...]
   4.222 [GC<0x118400108>: M a=1445kb hf=0.031 mu=0.582 v=82473kb (C:94 M:0 P1:82369) o=3 b=0 0+2 p=0.607489ms (max 3.159429)...]
   4.224 [GC<0x118400108>: M a=1445kb hf=0.031 mu=0.582 v=83556kb (C:94 M:0 P1:83457) o=3 b=0 0+2 p=0.602295ms (max 3.159429)...]
   4.226 [GC<0x118400108>: M a=1744kb hf=0.037 mu=0.578 v=83867kb (C:94 M:0 P1:83772) o=3 b=0 0+2 p=1.118767ms (max 3.159429)...]
   4.229 [GC<0x118400108>: M a=2089kb hf=0.045 mu=0.573 v=84848kb (C:94 M:0 P1:84750) o=3 b=0 0+2 p=0.696632ms (max 3.159429)...]
   4.231 [GC<0x118400108>: M a=2089kb hf=0.045 mu=0.573 v=85684kb (C:94 M:0 P1:85589) o=3 b=0 0+2 p=0.598917ms (max 3.159429)...]
   4.234 [GC<0x118400108>: M a=2089kb hf=0.045 mu=0.573 v=86475kb (C:94 M:0 P1:86376) o=3 b=0 0+2 p=0.785133ms (max 3.159429)...]
   4.236 [GC<0x118400108>: M a=2215kb hf=0.047 mu=0.572 v=86616kb (C:94 M:0 P1:86522) o=3 b=0 0+2 p=1.240651ms (max 3.159429)...]
   4.237 [GC<0x118400108>: M a=2419kb hf=0.052 mu=0.569 v=86649kb (C:94 M:0 P1:86546) o=3 b=0 0+2 p=0.761253ms (max 3.159429)...]
   4.239 [GC<0x118400108>: M a=2623kb hf=0.056 mu=0.566 v=86951kb (C:94 M:0 P1:86856) o=3 b=0 0+2 p=0.785358ms (max 3.159429)...]
   4.241 [GC<0x118400108>: M a=2733kb hf=0.058 mu=0.565 v=87448kb (C:94 M:0 P1:87354) o=3 b=0 0+2 p=0.514602ms (max 3.159429)...]
   4.243 [GC<0x118400108>: M a=2733kb hf=0.058 mu=0.565 v=87950kb (C:94 M:0 P1:87855) o=3 b=0 0+2 p=0.670687ms (max 3.159429)...]
   4.246 [GC<0x118400108>: M a=2733kb hf=0.058 mu=0.565 v=88552kb (C:94 M:0 P1:88455) o=3 b=0 0+2 p=1.058807ms (max 3.159429)...]
   4.248 [GC<0x118400108>: M a=2733kb hf=0.058 mu=0.565 v=88983kb (C:94 M:0 P1:88888) o=3 b=0 0+2 p=0.662271ms (max 3.159429)...]
   4.251 [GC<0x118400108>: M a=3016kb hf=0.064 mu=0.561 v=89157kb (C:94 M:0 P1:89056) o=3 b=0 0+2 p=1.365935ms (max 3.159429)...]
   4.252 [GC<0x118400108>: M a=3016kb hf=0.064 mu=0.561 v=89556kb (C:94 M:0 P1:89462) o=3 b=0 0+2 p=0.629669ms (max 3.159429)...]
   4.254 [GC<0x118400108>: M a=3016kb hf=0.064 mu=0.561 v=90130kb (C:94 M:0 P1:90036) o=3 b=0 0+2 p=0.265002ms (max 3.159429)...]
   4.258 [GC<0x118400108>: M a=3707kb hf=0.079 mu=0.553 v=90287kb (C:94 M:0 P1:90182) o=3 b=0 0+2 p=0.620150ms (max 3.159429)...]
   4.260 [GC<0x118400108>: M a=3848kb hf=0.082 mu=0.551 v=90656kb (C:94 M:0 P1:90562) o=3 b=0 0+2 p=0.813850ms (max 3.159429)...]
   4.262 [GC<0x118400108>: M a=3848kb hf=0.082 mu=0.551 v=91182kb (C:94 M:0 P1:91088) o=3 b=0 0+2 p=0.924687ms (max 3.159429)...]
   4.264 [GC<0x118400108>: M a=4099kb hf=0.087 mu=0.548 v=91612kb (C:94 M:0 P1:91518) o=3 b=0 0+2 p=0.643539ms (max 3.159429)...]
   4.266 [GC<0x118400108>: M a=4303kb hf=0.092 mu=0.545 v=91684kb (C:94 M:0 P1:91590) o=3 b=0 0+2 p=0.795288ms (max 3.159429)...]
   4.268 [GC<0x118400108>: M a=4712kb hf=0.101 mu=0.540 v=91899kb (C:94 M:0 P1:91805) o=3 b=0 0+2 p=1.398486ms (max 3.159429)...]
   4.270 [GC<0x118400108>: M a=4712kb hf=0.101 mu=0.540 v=91971kb (C:94 M:0 P1:91877) o=3 b=0 0+2 p=1.691489ms (max 3.159429)...]
   4.274 [GC<0x118400108>: M a=4774kb hf=0.102 mu=0.539 v=93549kb (C:94 M:0 P1:93454) o=3 b=0 0+2 p=0.805474ms (max 3.159429)...]
   4.276 [GC<0x118400108>: M a=5104kb hf=0.109 mu=0.535 v=93931kb (C:94 M:0 P1:93837) o=3 b=0 0+2 p=0.779148ms (max 3.159429)...]
   4.278 [GC<0x118400108>: M a=5104kb hf=0.109 mu=0.535 v=94170kb (C:94 M:0 P1:94076) o=3 b=0 0+2 p=0.606681ms (max 3.159429)...]
   4.284 [GC<0x118400108>: M a=5889kb hf=0.126 mu=0.525 v=95290kb (C:94 M:0 P1:95196) o=3 b=0 0+2 p=0.638767ms (max 3.159429)...]
   4.286 [GC<0x118400108>: M a=5889kb hf=0.126 mu=0.525 v=95868kb (C:94 M:0 P1:95773) o=3 b=0 0+2 p=1.228215ms (max 3.159429)...]
   4.288 [GC<0x118400108>: M a=5889kb hf=0.126 mu=0.525 v=95892kb (C:94 M:0 P1:95797) o=3 b=0 0+2 p=0.734918ms (max 3.159429)...]
   4.290 [GC<0x118400108>: M a=5889kb hf=0.126 mu=0.525 v=96598kb (C:94 M:0 P1:96503) o=3 b=0 0+2 p=0.622156ms (max 3.159429)...]
   4.292 [GC<0x118400108>: M a=6250kb hf=0.133 mu=0.520 v=97063kb (C:94 M:0 P1:96910) o=3 b=0 0+2 p=0.884382ms (max 3.159429)...]
   4.294 [GC<0x118400108>: M a=6250kb hf=0.133 mu=0.520 v=97852kb (C:94 M:0 P1:97758) o=3 b=0 0+2 p=0.892161ms (max 3.159429)...]
   4.296 [GC<0x118400108>: M a=6250kb hf=0.133 mu=0.520 v=98330kb (C:94 M:0 P1:98236) o=3 b=0 0+2 p=0.745855ms (max 3.159429)...]
   4.298 [GC<0x118400108>: M a=6250kb hf=0.133 mu=0.520 v=99250kb (C:94 M:0 P1:99120) o=3 b=0 0+2 p=0.657539ms (max 3.159429)...]
   4.300 [GC<0x118400108>: M a=6486kb hf=0.138 mu=0.517 v=99573kb (C:94 M:0 P1:99479) o=3 b=0 0+2 p=1.255023ms (max 3.159429)...]
   4.302 [GC<0x118400108>: M a=6486kb hf=0.138 mu=0.517 v=99669kb (C:94 M:0 P1:99574) o=3 b=0 0+2 p=0.670481ms (max 3.159429)...]
   4.304 [GC<0x118400108>: M a=6549kb hf=0.140 mu=0.516 v=99884kb (C:94 M:0 P1:99790) o=3 b=0 0+2 p=0.886987ms (max 3.159429)...]
   4.306 [GC<0x118400108>: M a=6879kb hf=0.147 mu=0.512 v=100219kb (C:94 M:0 P1:100124) o=3 b=0 0+2 p=1.017369ms (max 3.159429)...]
   4.308 [GC<0x118400108>: M a=7114kb hf=0.152 mu=0.509 v=100271kb (C:94 M:0 P1:100172) o=3 b=0 0+2 p=0.899820ms (max 3.159429)...]
   4.310 [GC<0x118400108>: M a=7114kb hf=0.152 mu=0.509 v=100774kb (C:94 M:0 P1:100680) o=3 b=0 0+2 p=0.643213ms (max 3.159429)...]
   4.312 [GC<0x118400108>: M a=7318kb hf=0.156 mu=0.506 v=100973kb (C:94 M:0 P1:100870) o=3 b=0 0+2 p=1.010502ms (max 3.159429)...]
   4.314 [GC<0x118400108>: M a=7318kb hf=0.156 mu=0.506 v=101868kb (C:94 M:0 P1:101774) o=3 b=0 0+2 p=0.615393ms (max 3.159429)...]
   4.316 [GC<0x118400108>: M a=7318kb hf=0.156 mu=0.506 v=102729kb (C:94 M:0 P1:102634) o=3 b=0 0+2 p=0.609719ms (max 3.159429)...]
   4.318 [GC<0x118400108>: M a=7318kb hf=0.156 mu=0.506 v=103470kb (C:94 M:0 P1:103373) o=3 b=0 0+2 p=0.662948ms (max 3.159429)...]
   4.320 [GC<0x118400108>: M a=7318kb hf=0.156 mu=0.506 v=104378kb (C:94 M:0 P1:104284) o=3 b=0 0+2 p=0.199615ms (max 3.159429)...]
   4.322 [GC<0x118400108>: M a=7318kb hf=0.156 mu=0.506 v=104873kb (C:94 M:0 P1:104779) o=3 b=0 0+2 p=0.827238ms (max 3.159429)...]
   4.324 [GC<0x118400108>: M a=7318kb hf=0.156 mu=0.506 v=105717kb (C:94 M:0 P1:105623) o=3 b=0 0+2 p=0.690672ms (max 3.159429)...]
   4.326 [GC<0x118400108>: M a=7318kb hf=0.156 mu=0.506 v=106515kb (C:94 M:0 P1:106421) o=3 b=0 0+2 p=0.620186ms (max 3.159429)...]
   4.328 [GC<0x118400108>: M a=7318kb hf=0.156 mu=0.506 v=107177kb (C:94 M:0 P1:107082) o=3 b=0 0+2 p=0.651995ms (max 3.159429)...]
   4.374 [GC<0x118400108>: M a=7318kb hf=0.156 mu=0.506 v=108203kb (C:94 M:0 P1:108105) o=3 b=0 0+2 v=124525kb (C:94 M:0 P1:124431) o=3 b=0 0+2 p=44.624803ms (max 44.624803)...]
   4.376 [GC<0x118400108>: M a=7318kb hf=0.156 mu=0.506 v=124525kb (C:94 M:0 P1:124431) o=3 b=0 210+2 p=0.606486ms (max 44.624803)...]
   4.378 [GC<0x118400108>: M a=7318kb hf=0.156 mu=0.506 v=124525kb (C:94 M:0 P1:124431) o=3 b=0 210+2 p=0.669042ms (max 44.624803)...]
   4.380 [GC<0x118400108>: M a=7318kb hf=0.156 mu=0.506 v=124525kb (C:94 M:0 P1:124431) o=3 b=0 310+2 p=0.657484ms (max 44.624803)...]
   4.382 [GC<0x118400108>: M a=7318kb hf=0.156 mu=0.506 v=124525kb (C:94 M:0 P1:124431) o=3 b=0 210+2 p=0.659774ms (max 44.624803)...]
   4.384 [GC<0x118400108>: M a=7318kb hf=0.156 mu=0.506 v=124525kb (C:94 M:0 P1:124431) o=3 b=0 110+2 p=0.671308ms (max 44.624803)...]
   4.386 [GC<0x118400108>: M a=7318kb hf=0.156 mu=0.506 v=124525kb (C:94 M:0 P1:124431) o=3 b=0 410+2 p=0.675860ms (max 44.624803)...]
   4.388 [GC<0x118400108>: M a=7318kb hf=0.156 mu=0.506 v=124525kb (C:94 M:0 P1:124431) o=3 b=0 110+2 p=0.687208ms (max 44.624803)...]
   4.390 [GC<0x118400108>: M a=7318kb hf=0.156 mu=0.506 v=124525kb (C:94 M:0 P1:124431) o=3 b=0 210+2 p=0.786466ms (max 44.624803)...]
   4.392 [GC<0x118400108>: M a=7318kb hf=0.156 mu=0.506 v=124525kb (C:94 M:0 P1:124431) o=3 b=0 210+2 p=0.592216ms (max 44.624803)...]
   4.394 [GC<0x118400108>: M a=7318kb hf=0.156 mu=0.506 v=124525kb (C:94 M:0 P1:124431) o=3 b=0 210+2 p=0.639915ms (max 44.624803)...]
   4.396 [GC<0x118400108>: M a=7318kb hf=0.156 mu=0.506 v=124525kb (C:94 M:0 P1:124431) o=3 b=0 210+2 p=0.677248ms (max 44.624803)...]
   4.398 [GC<0x118400108>: M a=7318kb hf=0.156 mu=0.506 v=124525kb (C:94 M:0 P1:124431) o=3 b=0 410+2 p=0.681985ms (max 44.624803)...]
   4.400 [GC<0x118400108>: M a=7318kb hf=0.156 mu=0.506 v=124525kb (C:94 M:0 P1:124431) o=3 b=0 10+2 p=0.676587ms (max 44.624803)...]
   4.402 [GC<0x118400108>: M a=7318kb hf=0.156 mu=0.506 v=124525kb (C:94 M:0 P1:124431) o=3 b=0 210+2 p=0.592456ms (max 44.624803)...]
   4.404 [GC<0x118400108>: M a=7318kb hf=0.156 mu=0.506 v=124525kb (C:94 M:0 P1:124431) o=3 b=0 210+2 p=0.732591ms (max 44.624803)...]
   4.406 [GC<0x118400108>: M a=7318kb hf=0.156 mu=0.506 v=124525kb (C:94 M:0 P1:124431) o=3 b=0 210+2 p=0.583839ms (max 44.624803)...]
   4.408 [GC<0x118400108>: M a=7318kb hf=0.156 mu=0.506 v=124525kb (C:94 M:0 P1:124431) o=3 b=0 210+2 p=0.690016ms (max 44.624803)...]
   4.410 [GC<0x118400108>: M a=7318kb hf=0.156 mu=0.506 v=124525kb (C:94 M:0 P1:124431) o=3 b=0 310+2 p=0.661087ms (max 44.624803)...]
   4.412 [GC<0x118400108>: M a=7318kb hf=0.156 mu=0.506 v=124525kb (C:94 M:0 P1:124431) o=3 b=0 210+2 p=0.599709ms (max 44.624803)...]
   4.414 [GC<0x118400108>: M a=7318kb hf=0.156 mu=0.506 v=124525kb (C:94 M:0 P1:124431) o=3 b=0 210+2 p=0.604366ms (max 44.624803)...]
   4.416 [GC<0x118400108>: M a=7318kb hf=0.156 mu=0.506 v=124525kb (C:94 M:0 P1:124431) o=3 b=0 210+2 p=0.599679ms (max 44.624803)...]
   4.418 [GC<0x118400108>: M a=7318kb hf=0.156 mu=0.506 v=124525kb (C:94 M:0 P1:124431) o=3 b=0 210+2 p=0.598066ms (max 44.624803)...]
   4.420 [GC<0x118400108>: M a=7318kb hf=0.156 mu=0.506 v=124525kb (C:94 M:0 P1:124431) o=3 b=0 210+2 p=0.669248ms (max 44.624803)...]
   4.422 [GC<0x118400108>: M a=7318kb hf=0.156 mu=0.506 v=124525kb (C:94 M:0 P1:124431) o=3 b=0 110+2 p=0.684010ms (max 44.624803)...]
   4.424 [GC<0x118400108>: M a=7318kb hf=0.156 mu=0.506 v=124525kb (C:94 M:0 P1:124431) o=3 b=0 110+2 p=0.560918ms (max 44.624803)...]
   4.426 [GC<0x118400108>: M a=7318kb hf=0.156 mu=0.506 v=124525kb (C:94 M:0 P1:124431) o=3 b=0 0+2 p=0.869469ms (max 44.624803)...]
   4.428 [GC<0x118400108>: M a=7460kb hf=0.159 mu=0.505 v=124525kb (C:94 M:0 P1:124431) o=3 b=0 0+2 p=0.874867ms (max 44.624803)...]
   4.430 [GC<0x118400108>: M a=7460kb hf=0.159 mu=0.505 v=124525kb (C:94 M:0 P1:124431) o=3 b=0 210+2 p=0.989003ms (max 44.624803)...]
   4.432 [GC<0x118400108>: M a=7460kb hf=0.159 mu=0.505 v=124525kb (C:94 M:0 P1:124431) o=3 b=0 210+2 p=0.750952ms (max 44.624803)...]
   4.434 [GC<0x118400108>: M a=7460kb hf=0.159 mu=0.505 v=124525kb (C:94 M:0 P1:124431) o=3 b=0 210+2 p=0.588727ms (max 44.624803)...]
   4.436 [GC<0x118400108>: M a=7460kb hf=0.159 mu=0.505 v=124525kb (C:94 M:0 P1:124431) o=3 b=0 210+2 p=0.293874ms (max 44.624803)...]
   4.438 [GC<0x118400108>: M a=7460kb hf=0.159 mu=0.505 v=124525kb (C:94 M:0 P1:124431) o=3 b=0 10+2 p=0.810016ms (max 44.624803)...]
   4.440 [GC<0x118400108>: M a=7460kb hf=0.159 mu=0.505 v=124525kb (C:94 M:0 P1:124431) o=3 b=0 110+2 p=0.793650ms (max 44.624803)...]
   4.442 [GC<0x118400108>: M a=7460kb hf=0.159 mu=0.505 v=124525kb (C:94 M:0 P1:124431) o=3 b=0 210+2 p=0.669524ms (max 44.624803)...]
   4.444 [GC<0x118400108>: M a=7460kb hf=0.159 mu=0.505 v=124525kb (C:94 M:0 P1:124431) o=3 b=0 10+2 p=0.685359ms (max 44.624803)...]
   4.446 [GC<0x118400108>: M a=7460kb hf=0.159 mu=0.505 v=124525kb (C:94 M:0 P1:124431) o=3 b=0 110+2 p=0.692727ms (max 44.624803)...]
   4.448 [GC<0x118400108>: M a=7460kb hf=0.159 mu=0.505 v=124525kb (C:94 M:0 P1:124431) o=3 b=0 110+2 p=0.692842ms (max 44.624803)...]
   4.450 [GC<0x118400108>: M a=7460kb hf=0.159 mu=0.505 v=124525kb (C:94 M:0 P1:124431) o=3 b=0 210+2 p=0.694622ms (max 44.624803)...]
   4.452 [GC<0x118400108>: M a=7460kb hf=0.159 mu=0.505 v=124525kb (C:94 M:0 P1:124431) o=3 b=0 210+2 p=0.668977ms (max 44.624803)...]
   4.454 [GC<0x118400108>: M a=7460kb hf=0.159 mu=0.505 v=124525kb (C:94 M:0 P1:124431) o=3 b=0 310+2 p=0.803223ms (max 44.624803)...]
   4.456 [GC<0x118400108>: M a=7460kb hf=0.159 mu=0.505 v=124525kb (C:94 M:0 P1:124431) o=3 b=0 10+2 p=0.703013ms (max 44.624803)...]
   4.458 [GC<0x118400108>: M a=7460kb hf=0.159 mu=0.505 v=124525kb (C:94 M:0 P1:124431) o=3 b=0 10+2 p=0.688051ms (max 44.624803)...]
   4.460 [GC<0x118400108>: M a=7460kb hf=0.159 mu=0.505 v=124525kb (C:94 M:0 P1:124431) o=3 b=0 10+2 p=0.696010ms (max 44.624803)...]
   4.462 [GC<0x118400108>: M a=7460kb hf=0.159 mu=0.505 v=124525kb (C:94 M:0 P1:124431) o=3 b=0 310+2 p=0.689308ms (max 44.624803)...]
   4.464 [GC<0x118400108>: M a=7460kb hf=0.159 mu=0.505 v=124525kb (C:94 M:0 P1:124431) o=3 b=0 510+2 p=0.697669ms (max 44.624803)...]
   4.466 [GC<0x118400108>: M a=7460kb hf=0.159 mu=0.505 v=124525kb (C:94 M:0 P1:124431) o=3 b=0 10+2 p=0.690446ms (max 44.624803)...]
   4.468 [GC<0x118400108>: M a=7460kb hf=0.159 mu=0.505 v=124525kb (C:94 M:0 P1:124431) o=3 b=0 110+2 p=0.696987ms (max 44.624803)...]
   4.470 [GC<0x118400108>: M a=7460kb hf=0.159 mu=0.505 v=124525kb (C:94 M:0 P1:124431) o=3 b=0 110+2 p=0.692361ms (max 44.624803)...]
   4.472 [GC<0x118400108>: M a=7460kb hf=0.159 mu=0.505 v=124525kb (C:94 M:0 P1:124431) o=3 b=0 210+2 p=0.598200ms (max 44.624803)...]
   4.474 [GC<0x118400108>: M a=7460kb hf=0.159 mu=0.505 v=124525kb (C:94 M:0 P1:124431) o=3 b=0 210+2 p=0.610231ms (max 44.624803)...]
   4.476 [GC<0x118400108>: M a=7460kb hf=0.159 mu=0.505 v=124525kb (C:94 M:0 P1:124431) o=3 b=0 210+2 p=0.717995ms (max 44.624803)...]
   4.478 [GC<0x118400108>: M a=7460kb hf=0.159 mu=0.505 v=124525kb (C:94 M:0 P1:124431) o=3 b=0 210+2 p=0.595915ms (max 44.624803)...]
   4.482 [GC<0x118400108>: M a=7460kb hf=0.159 mu=0.505 v=124525kb (C:94 M:0 P1:124431) o=3 b=0 210+2 p=2.586897ms (max 44.624803)...]
   4.484 [GC<0x118400108>: M a=7460kb hf=0.159 mu=0.505 v=124525kb (C:94 M:0 P1:124431) o=3 b=0 510+2 p=0.798696ms (max 44.624803)...]
   4.486 [GC<0x118400108>: M a=7460kb hf=0.159 mu=0.505 v=124525kb (C:94 M:0 P1:124431) o=3 b=0 110+2 p=0.699770ms (max 44.624803)...]
   4.488 [GC<0x118400108>: M a=7460kb hf=0.159 mu=0.505 v=124525kb (C:94 M:0 P1:124431) o=3 b=0 10+2 p=0.688582ms (max 44.624803)...]
   4.490 [GC<0x118400108>: M a=7460kb hf=0.159 mu=0.505 v=124525kb (C:94 M:0 P1:124431) o=3 b=0 310+2 p=0.627238ms (max 44.624803)...]
   4.492 [GC<0x118400108>: M a=7460kb hf=0.159 mu=0.505 v=124525kb (C:94 M:0 P1:124431) o=3 b=0 310+2 p=0.731990ms (max 44.624803)...]
   4.494 [GC<0x118400108>: M a=7460kb hf=0.159 mu=0.505 v=124525kb (C:94 M:0 P1:124431) o=3 b=0 310+2 p=0.601869ms (max 44.624803)...]
   4.496 [GC<0x118400108>: M a=7460kb hf=0.159 mu=0.505 v=124525kb (C:94 M:0 P1:124431) o=3 b=0 310+2 p=0.713960ms (max 44.624803)...]
   4.498 [GC<0x118400108>: M a=7460kb hf=0.159 mu=0.505 v=124525kb (C:94 M:0 P1:124431) o=3 b=0 310+2 p=0.631068ms (max 44.624803)...]
   4.500 [GC<0x118400108>: M a=7460kb hf=0.159 mu=0.505 v=124525kb (C:94 M:0 P1:124431) o=3 b=0 310+2 p=0.643318ms (max 44.624803)...]
   4.502 [GC<0x118400108>: M a=7460kb hf=0.159 mu=0.505 v=124525kb (C:94 M:0 P1:124431) o=3 b=0 310+2 p=0.255318ms (max 44.624803)...]
   4.504 [GC<0x118400108>: M a=7460kb hf=0.159 mu=0.505 v=124525kb (C:94 M:0 P1:124431) o=3 b=0 310+2 p=0.532962ms (max 44.624803)...]
   4.506 [GC<0x118400108>: M a=7460kb hf=0.159 mu=0.505 v=124525kb (C:94 M:0 P1:124431) o=3 b=0 310+2 p=0.774181ms (max 44.624803)...]
   4.508 [GC<0x118400108>: M a=7460kb hf=0.159 mu=0.505 v=124525kb (C:94 M:0 P1:124431) o=3 b=0 210+2 p=0.667003ms (max 44.624803)...]
   4.510 [GC<0x118400108>: M a=7460kb hf=0.159 mu=0.505 v=124525kb (C:94 M:0 P1:124431) o=3 b=0 310+2 p=0.593428ms (max 44.624803)...]
   4.512 [GC<0x118400108>: M a=7460kb hf=0.159 mu=0.505 v=124525kb (C:94 M:0 P1:124431) o=3 b=0 310+2 p=0.838426ms (max 44.624803)...]
   4.514 [GC<0x118400108>: M a=7460kb hf=0.159 mu=0.505 v=124525kb (C:94 M:0 P1:124431) o=3 b=0 310+2 p=0.590155ms (max 44.624803)...]
   4.516 [GC<0x118400108>: M a=7460kb hf=0.159 mu=0.505 v=124525kb (C:94 M:0 P1:124431) o=3 b=0 310+2 p=0.584712ms (max 44.624803)...]
   4.518 [GC<0x118400108>: M a=7460kb hf=0.159 mu=0.505 v=124525kb (C:94 M:0 P1:124431) o=3 b=0 310+2 p=0.588376ms (max 44.624803)...]
   4.520 [GC<0x118400108>: M a=7460kb hf=0.159 mu=0.505 v=124525kb (C:94 M:0 P1:124431) o=3 b=0 310+2 p=0.643223ms (max 44.624803)...]
   4.522 [GC<0x118400108>: M a=7460kb hf=0.159 mu=0.505 v=124525kb (C:94 M:0 P1:124431) o=3 b=0 310+2 p=0.687379ms (max 44.624803)...]
   4.524 [GC<0x118400108>: M a=7460kb hf=0.159 mu=0.505 v=124525kb (C:94 M:0 P1:124431) o=3 b=0 10+2 p=0.693279ms (max 44.624803)...]
   4.526 [GC<0x118400108>: M a=7460kb hf=0.159 mu=0.505 v=124525kb (C:94 M:0 P1:124431) o=3 b=0 110+2 p=0.692411ms (max 44.624803)...]
   4.528 [GC<0x118400108>: M a=7460kb hf=0.159 mu=0.505 v=124525kb (C:94 M:0 P1:124431) o=3 b=0 410+2 p=0.693143ms (max 44.624803)...]
   4.530 [GC<0x118400108>: M a=7460kb hf=0.159 mu=0.505 v=124525kb (C:94 M:0 P1:124431) o=3 b=0 10+2 p=0.685363ms (max 44.624803)...]
   4.532 [GC<0x118400108>: M a=7460kb hf=0.159 mu=0.505 v=124525kb (C:94 M:0 P1:124431) o=3 b=0 210+2 p=0.697108ms (max 44.624803)...]
   4.534 [GC<0x118400108>: M a=7460kb hf=0.159 mu=0.505 v=124525kb (C:94 M:0 P1:124431) o=3 b=0 210+2 p=0.688476ms (max 44.624803)...]
   4.536 [GC<0x118400108>: M a=7460kb hf=0.159 mu=0.505 v=124525kb (C:94 M:0 P1:124431) o=3 b=0 210+2 p=0.679970ms (max 44.624803)...]
   4.538 [GC<0x118400108>: M a=7460kb hf=0.159 mu=0.505 v=124525kb (C:94 M:0 P1:124431) o=3 b=0 10+2 p=0.611694ms (max 44.624803)...]
   4.540 [GC<0x118400108>: M a=7460kb hf=0.159 mu=0.505 v=124525kb (C:94 M:0 P1:124431) o=3 b=0 410+2 p=0.670196ms (max 44.624803)...]
   4.542 [GC<0x118400108>: M a=7460kb hf=0.159 mu=0.505 v=124525kb (C:94 M:0 P1:124431) o=3 b=0 310+2 p=0.709463ms (max 44.624803)...]
   4.544 [GC<0x118400108>: M a=7460kb hf=0.159 mu=0.505 v=124525kb (C:94 M:0 P1:124431) o=3 b=0 310+2 p=0.690762ms (max 44.624803)...]
   4.546 [GC<0x118400108>: M a=7460kb hf=0.159 mu=0.505 v=124525kb (C:94 M:0 P1:124431) o=3 b=0 310+2 p=0.604967ms (max 44.624803)...]
   4.548 [GC<0x118400108>: M a=7460kb hf=0.159 mu=0.505 v=124525kb (C:94 M:0 P1:124431) o=3 b=0 310+2 p=0.653925ms (max 44.624803)...]
   4.550 [GC<0x118400108>: M a=7460kb hf=0.159 mu=0.505 v=124525kb (C:94 M:0 P1:124431) o=3 b=0 210+2 p=0.678105ms (max 44.624803)...]
   4.552 [GC<0x118400108>: M a=7460kb hf=0.159 mu=0.505 v=124525kb (C:94 M:0 P1:124431) o=3 b=0 410+2 p=0.634777ms (max 44.624803)...]
   4.554 [GC<0x118400108>: M a=7460kb hf=0.159 mu=0.505 v=124525kb (C:94 M:0 P1:124431) o=3 b=0 0+2 p=0.673208ms (max 44.624803)...]
   4.556 [GC<0x118400108>: M a=7460kb hf=0.159 mu=0.505 v=124525kb (C:94 M:0 P1:124431) o=3 b=0 310+2 p=0.673760ms (max 44.624803)...]
   4.558 [GC<0x118400108>: M a=7460kb hf=0.159 mu=0.505 v=124525kb (C:94 M:0 P1:124431) o=3 b=0 10+2 p=0.678822ms (max 44.624803)...]
   4.560 [GC<0x118400108>: M a=7460kb hf=0.159 mu=0.505 v=124525kb (C:94 M:0 P1:124431) o=3 b=0 210+2 p=0.675799ms (max 44.624803)...]
   4.562 [GC<0x118400108>: M a=7460kb hf=0.159 mu=0.505 v=124525kb (C:94 M:0 P1:124431) o=3 b=0 410+2 p=0.674075ms (max 44.624803)...]
   4.564 [GC<0x118400108>: M a=7460kb hf=0.159 mu=0.505 v=124525kb (C:94 M:0 P1:124431) o=3 b=0 210+2 p=0.687674ms (max 44.624803)...]
   4.566 [GC<0x118400108>: M a=7460kb hf=0.159 mu=0.505 v=124525kb (C:94 M:0 P1:124431) o=3 b=0 10+2 p=0.685218ms (max 44.624803)...]
   4.568 [GC<0x118400108>: M a=7460kb hf=0.159 mu=0.505 v=124525kb (C:94 M:0 P1:124431) o=3 b=0 310+2 p=0.677544ms (max 44.624803)...]
   4.570 [GC<0x118400108>: M a=7460kb hf=0.159 mu=0.505 v=124525kb (C:94 M:0 P1:124431) o=3 b=0 110+2 p=0.665739ms (max 44.624803)...]
   4.572 [GC<0x118400108>: M a=7460kb hf=0.159 mu=0.505 v=124525kb (C:94 M:0 P1:124431) o=3 b=0 10+2 p=0.658687ms (max 44.624803)...]
   4.574 [GC<0x118400108>: M a=7460kb hf=0.159 mu=0.505 v=124525kb (C:94 M:0 P1:124431) o=3 b=0 0+2 p=0.691098ms (max 44.624803)...]
   4.576 [GC<0x118400108>: M a=7460kb hf=0.159 mu=0.505 v=124525kb (C:94 M:0 P1:124431) o=3 b=0 210+2 p=0.688291ms (max 44.624803)...]
   4.578 [GC<0x118400108>: M a=7460kb hf=0.159 mu=0.505 v=124525kb (C:94 M:0 P1:124431) o=3 b=0 10+2 p=0.658852ms (max 44.624803)...]
   4.580 [GC<0x118400108>: M a=7460kb hf=0.159 mu=0.505 v=124525kb (C:94 M:0 P1:124431) o=3 b=0 410+2 p=0.656341ms (max 44.624803)...]
   4.582 [GC<0x118400108>: M a=7460kb hf=0.159 mu=0.505 v=124525kb (C:94 M:0 P1:124431) o=3 b=0 310+2 p=0.647730ms (max 44.624803)...]
   4.584 [GC<0x118400108>: M a=7460kb hf=0.159 mu=0.505 v=124525kb (C:94 M:0 P1:124431) o=3 b=0 410+2 p=0.668396ms (max 44.624803)...]
   4.586 [GC<0x118400108>: M a=7460kb hf=0.159 mu=0.505 v=124525kb (C:94 M:0 P1:124431) o=3 b=0 110+2 p=0.703238ms (max 44.624803)...]
   4.588 [GC<0x118400108>: M a=7460kb hf=0.159 mu=0.505 v=124525kb (C:94 M:0 P1:124431) o=3 b=0 110+2 p=0.664372ms (max 44.624803)...]
   4.590 [GC<0x118400108>: M a=7460kb hf=0.159 mu=0.505 v=124525kb (C:94 M:0 P1:124431) o=3 b=0 10+2 p=0.669083ms (max 44.624803)...]
   4.592 [GC<0x118400108>: M a=7460kb hf=0.159 mu=0.505 v=124525kb (C:94 M:0 P1:124431) o=3 b=0 310+2 p=0.650121ms (max 44.624803)...]
   4.594 [GC<0x118400108>: M a=7460kb hf=0.159 mu=0.505 v=124525kb (C:94 M:0 P1:124431) o=3 b=0 310+2 p=0.696686ms (max 44.624803)...]
   4.596 [GC<0x118400108>: M a=7460kb hf=0.159 mu=0.505 v=124525kb (C:94 M:0 P1:124431) o=3 b=0 310+2 p=0.676331ms (max 44.624803)...]
   4.627 [GC<0x118400108>: M a=7475kb hf=0.159 mu=0.504 v=124525kb (C:94 M:0 P1:124431) o=3 b=0 i#2:N<WsOJw>Pbc 2+2 v=124525kb (C:94 M:0 P1:124431) o=3 b=0 i#3:P<WsJwOMsrShCs>Pbc 2+2 v=124525kb (C:94 M:0 P1:124431) o=3 b=0 i#4:P<CsMsm(2)> 0+2 p=30.217272ms (max 44.624803)...]
   4.628 [GC<0x118400108>: M a=7475kb hf=0.159 mu=0.504 v=124682kb (C:251 M:0 P1:124431) o=3 b=0 i#5:P<Msm(0)CsMsrShDCbDomoWsJwO>Pbc => 124727kb, p=1.396963ms (max 44.624803), cycle 500.040115ms END]
   4.628 GC END!
   4.629 [GC<0x118400108>: epilogue 0.077895ms]
   4.854 Requesting GC because bytes allocated this cycle: 33558960 exceed bytes allowed: 33554432 normal bytes: 33558960 oversized bytes: 0 last oversized: 0
   5.150 [GC<0x118400108>: START M 160098kb => FullCollection, a=0kb hf=0.000 mu=0.600 v=0kb (C:0 M:0 P1:0) o=0 b=1 i#1:N<CsMsrShDMsm(0)> 429+0 v=157454kb (C:157454 M:0 P1:0) o=3 b=1 1261261+0 p=296.281477ms (max 296.281477)...]
   5.159 [GC<0x118400108>: M a=0kb hf=0.000 mu=0.600 v=157454kb (C:157454 M:0 P1:0) o=3 b=0 1261261+0 p=0.628391ms (max 296.281477)...]
   5.166 [GC<0x118400108>: M a=0kb hf=0.000 mu=0.600 v=157454kb (C:157454 M:0 P1:0) o=3 b=0 1261261+0 p=6.004186ms (max 296.281477)...]
   5.168 [GC<0x118400108>: M a=0kb hf=0.000 mu=0.600 v=157454kb (C:157454 M:0 P1:0) o=3 b=0 1258280+0 p=0.771379ms (max 296.281477)...]
   5.170 [GC<0x118400108>: M a=16kb hf=0.001 mu=0.599 v=157454kb (C:157454 M:0 P1:0) o=3 b=1 0+1 p=0.760095ms (max 296.281477)...]
   5.172 [GC<0x118400108>: M a=16kb hf=0.001 mu=0.599 v=157454kb (C:157454 M:0 P1:0) o=3 b=0 0+1 p=0.745639ms (max 296.281477)...]
   5.174 [GC<0x118400108>: M a=31kb hf=0.002 mu=0.599 v=157454kb (C:157454 M:0 P1:0) o=3 b=0 0+1 p=0.789409ms (max 296.281477)...]
   5.176 [GC<0x118400108>: M a=31kb hf=0.002 mu=0.599 v=157454kb (C:157454 M:0 P1:0) o=3 b=0 0+1 p=0.804812ms (max 296.281477)...]
   5.178 [GC<0x118400108>: M a=47kb hf=0.004 mu=0.598 v=157454kb (C:157454 M:0 P1:0) o=3 b=0 0+1 p=0.790782ms (max 296.281477)...]
   5.180 [GC<0x118400108>: M a=63kb hf=0.005 mu=0.597 v=157454kb (C:157454 M:0 P1:0) o=3 b=0 0+1 p=0.781860ms (max 296.281477)...]
   5.182 [GC<0x118400108>: M a=79kb hf=0.006 mu=0.596 v=157454kb (C:157454 M:0 P1:0) o=3 b=0 0+1 p=0.785965ms (max 296.281477)...]
   5.184 [GC<0x118400108>: M a=79kb hf=0.006 mu=0.596 v=157454kb (C:157454 M:0 P1:0) o=3 b=0 0+1 p=0.801294ms (max 296.281477)...]
   5.186 [GC<0x118400108>: M a=94kb hf=0.007 mu=0.596 v=157454kb (C:157454 M:0 P1:0) o=3 b=0 0+1 p=0.778962ms (max 296.281477)...]
   5.188 [GC<0x118400108>: M a=110kb hf=0.008 mu=0.595 v=157454kb (C:157454 M:0 P1:0) o=3 b=0 0+1 p=0.789042ms (max 296.281477)...]
   5.190 [GC<0x118400108>: M a=126kb hf=0.010 mu=0.594 v=157454kb (C:157454 M:0 P1:0) o=3 b=0 0+1 p=0.783604ms (max 296.281477)...]
   5.192 [GC<0x118400108>: M a=126kb hf=0.010 mu=0.594 v=157454kb (C:157454 M:0 P1:0) o=3 b=0 0+1 p=0.791604ms (max 296.281477)...]
   5.194 [GC<0x118400108>: M a=141kb hf=0.011 mu=0.594 v=157454kb (C:157454 M:0 P1:0) o=3 b=0 0+1 p=0.792020ms (max 296.281477)...]
   5.196 [GC<0x118400108>: M a=157kb hf=0.012 mu=0.593 v=157454kb (C:157454 M:0 P1:0) o=3 b=0 0+1 p=0.785203ms (max 296.281477)...]
   5.198 [GC<0x118400108>: M a=173kb hf=0.013 mu=0.592 v=157454kb (C:157454 M:0 P1:0) o=3 b=0 0+1 p=0.792381ms (max 296.281477)...]
   5.200 [GC<0x118400108>: M a=173kb hf=0.013 mu=0.592 v=157454kb (C:157454 M:0 P1:0) o=3 b=0 0+1 p=0.816291ms (max 296.281477)...]
   5.202 [GC<0x118400108>: M a=173kb hf=0.013 mu=0.592 v=157454kb (C:157454 M:0 P1:0) o=3 b=0 210+1 p=0.809995ms (max 296.281477)...]
   5.204 [GC<0x118400108>: M a=173kb hf=0.013 mu=0.592 v=157454kb (C:157454 M:0 P1:0) o=3 b=0 310+1 p=0.801189ms (max 296.281477)...]
   5.206 [GC<0x118400108>: M a=188kb hf=0.014 mu=0.591 v=157454kb (C:157454 M:0 P1:0) o=3 b=0 0+1 p=0.758466ms (max 296.281477)...]
   5.208 [GC<0x118400108>: M a=204kb hf=0.016 mu=0.591 v=157454kb (C:157454 M:0 P1:0) o=3 b=0 0+1 p=0.799679ms (max 296.281477)...]
   5.210 [GC<0x118400108>: M a=204kb hf=0.016 mu=0.591 v=157454kb (C:157454 M:0 P1:0) o=3 b=0 10+1 p=0.820401ms (max 296.281477)...]
   5.212 [GC<0x118400108>: M a=204kb hf=0.016 mu=0.591 v=157454kb (C:157454 M:0 P1:0) o=3 b=0 110+1 p=0.696817ms (max 296.281477)...]
   5.214 [GC<0x118400108>: M a=204kb hf=0.016 mu=0.591 v=157454kb (C:157454 M:0 P1:0) o=3 b=0 0+1 p=0.815052ms (max 296.281477)...]
   5.216 [GC<0x118400108>: M a=204kb hf=0.016 mu=0.591 v=157454kb (C:157454 M:0 P1:0) o=3 b=0 410+1 p=0.814772ms (max 296.281477)...]
   5.218 [GC<0x118400108>: M a=220kb hf=0.017 mu=0.590 v=157454kb (C:157454 M:0 P1:0) o=3 b=0 0+1 p=0.768747ms (max 296.281477)...]
   5.220 [GC<0x118400108>: M a=220kb hf=0.017 mu=0.590 v=157454kb (C:157454 M:0 P1:0) o=3 b=0 0+1 p=0.803388ms (max 296.281477)...]
   5.222 [GC<0x118400108>: M a=236kb hf=0.018 mu=0.589 v=157454kb (C:157454 M:0 P1:0) o=3 b=0 0+1 p=0.785318ms (max 296.281477)...]
   5.224 [GC<0x118400108>: M a=236kb hf=0.018 mu=0.589 v=157454kb (C:157454 M:0 P1:0) o=3 b=0 0+1 p=0.807850ms (max 296.281477)...]
   5.226 [GC<0x118400108>: M a=236kb hf=0.018 mu=0.589 v=157454kb (C:157454 M:0 P1:0) o=3 b=0 310+1 p=0.816671ms (max 296.281477)...]
   5.228 [GC<0x118400108>: M a=251kb hf=0.019 mu=0.589 v=157454kb (C:157454 M:0 P1:0) o=3 b=0 0+1 p=0.772406ms (max 296.281477)...]
   5.230 [GC<0x118400108>: M a=251kb hf=0.019 mu=0.589 v=157454kb (C:157454 M:0 P1:0) o=3 b=0 0+1 p=0.819378ms (max 296.281477)...]
   5.232 [GC<0x118400108>: M a=251kb hf=0.019 mu=0.589 v=157454kb (C:157454 M:0 P1:0) o=3 b=0 410+1 p=0.764912ms (max 296.281477)...]
   5.234 [GC<0x118400108>: M a=251kb hf=0.019 mu=0.589 v=157454kb (C:157454 M:0 P1:0) o=3 b=0 410+1 p=0.812942ms (max 296.281477)...]
   5.236 [GC<0x118400108>: M a=251kb hf=0.019 mu=0.589 v=157454kb (C:157454 M:0 P1:0) o=3 b=0 410+1 p=0.827198ms (max 296.281477)...]
   5.238 [GC<0x118400108>: M a=251kb hf=0.019 mu=0.589 v=157454kb (C:157454 M:0 P1:0) o=3 b=0 210+1 p=0.807855ms (max 296.281477)...]
   5.240 [GC<0x118400108>: M a=251kb hf=0.019 mu=0.589 v=157454kb (C:157454 M:0 P1:0) o=3 b=0 310+1 p=0.818060ms (max 296.281477)...]
   5.242 [GC<0x118400108>: M a=251kb hf=0.019 mu=0.589 v=157454kb (C:157454 M:0 P1:0) o=3 b=0 210+1 p=0.746401ms (max 296.281477)...]
   5.244 [GC<0x118400108>: M a=393kb hf=0.030 mu=0.582 v=157454kb (C:157454 M:0 P1:0) o=3 b=0 0+1 p=0.614071ms (max 296.281477)...]
   5.246 [GC<0x118400108>: M a=785kb hf=0.060 mu=0.564 v=157454kb (C:157454 M:0 P1:0) o=3 b=0 0+1 p=0.627048ms (max 296.281477)...]
   5.250 [GC<0x118400108>: M a=1570kb hf=0.120 mu=0.528 v=157454kb (C:157454 M:0 P1:0) o=3 b=0 0+1 p=0.636387ms (max 296.281477)...]
   5.252 [GC<0x118400108>: M a=1570kb hf=0.120 mu=0.528 v=157454kb (C:157454 M:0 P1:0) o=3 b=0 0+1 p=0.590451ms (max 296.281477)...]
   5.254 [GC<0x118400108>: M a=1570kb hf=0.120 mu=0.528 v=157454kb (C:157454 M:0 P1:0) o=3 b=0 0+1 p=0.719800ms (max 296.281477)...]
   5.256 [GC<0x118400108>: M a=1570kb hf=0.120 mu=0.528 v=157454kb (C:157454 M:0 P1:0) o=3 b=0 410+1 p=0.811830ms (max 296.281477)...]
   5.258 [GC<0x118400108>: M a=1570kb hf=0.120 mu=0.528 v=157454kb (C:157454 M:0 P1:0) o=3 b=0 410+1 p=0.810546ms (max 296.281477)...]
   5.260 [GC<0x118400108>: M a=1570kb hf=0.120 mu=0.528 v=157454kb (C:157454 M:0 P1:0) o=3 b=0 10+1 p=0.813885ms (max 296.281477)...]
   5.262 [GC<0x118400108>: M a=1570kb hf=0.120 mu=0.528 v=157454kb (C:157454 M:0 P1:0) o=3 b=0 10+1 p=0.817929ms (max 296.281477)...]
   5.264 [GC<0x118400108>: M a=1570kb hf=0.120 mu=0.528 v=157454kb (C:157454 M:0 P1:0) o=3 b=0 210+1 p=0.828832ms (max 296.281477)...]
   5.266 [GC<0x118400108>: M a=1570kb hf=0.120 mu=0.528 v=157454kb (C:157454 M:0 P1:0) o=3 b=0 10+1 p=0.814878ms (max 296.281477)...]
   5.268 [GC<0x118400108>: M a=1570kb hf=0.120 mu=0.528 v=157454kb (C:157454 M:0 P1:0) o=3 b=0 110+1 p=0.816436ms (max 296.281477)...]
   5.270 [GC<0x118400108>: M a=1570kb hf=0.120 mu=0.528 v=157454kb (C:157454 M:0 P1:0) o=3 b=0 10+1 p=0.808426ms (max 296.281477)...]
   5.272 [GC<0x118400108>: M a=1570kb hf=0.120 mu=0.528 v=157454kb (C:157454 M:0 P1:0) o=3 b=0 10+1 p=0.830612ms (max 296.281477)...]
   5.274 [GC<0x118400108>: M a=1570kb hf=0.120 mu=0.528 v=157454kb (C:157454 M:0 P1:0) o=3 b=0 310+1 p=0.818691ms (max 296.281477)...]
   5.276 [GC<0x118400108>: M a=1570kb hf=0.120 mu=0.528 v=157454kb (C:157454 M:0 P1:0) o=3 b=0 110+1 p=0.709479ms (max 296.281477)...]
   5.278 [GC<0x118400108>: M a=1570kb hf=0.120 mu=0.528 v=157454kb (C:157454 M:0 P1:0) o=3 b=0 0+1 p=0.820802ms (max 296.281477)...]
   5.280 [GC<0x118400108>: M a=1570kb hf=0.120 mu=0.528 v=157454kb (C:157454 M:0 P1:0) o=3 b=0 410+1 p=0.804772ms (max 296.281477)...]
   5.282 [GC<0x118400108>: M a=1570kb hf=0.120 mu=0.528 v=157454kb (C:157454 M:0 P1:0) o=3 b=0 310+1 p=0.718290ms (max 296.281477)...]
   5.286 [GC<0x118400108>: M a=1570kb hf=0.120 mu=0.528 v=157454kb (C:157454 M:0 P1:0) o=3 b=0 110+1 p=0.817730ms (max 296.281477)...]
   5.288 [GC<0x118400108>: M a=1900kb hf=0.145 mu=0.513 v=157454kb (C:157454 M:0 P1:0) o=3 b=0 0+1 p=0.948762ms (max 296.281477)...]
   5.290 [GC<0x118400108>: M a=1963kb hf=0.150 mu=0.510 v=157454kb (C:157454 M:0 P1:0) o=3 b=0 0+1 p=0.904707ms (max 296.281477)...]
   5.292 [GC<0x118400108>: M a=1963kb hf=0.150 mu=0.510 v=157454kb (C:157454 M:0 P1:0) o=3 b=0 110+1 p=0.815824ms (max 296.281477)...]
   5.294 [GC<0x118400108>: M a=1963kb hf=0.150 mu=0.510 v=157454kb (C:157454 M:0 P1:0) o=3 b=0 110+1 p=0.843228ms (max 296.281477)...]
   5.296 [GC<0x118400108>: M a=1963kb hf=0.150 mu=0.510 v=157454kb (C:157454 M:0 P1:0) o=3 b=0 310+1 p=0.838802ms (max 296.281477)...]
   5.298 [GC<0x118400108>: M a=1963kb hf=0.150 mu=0.510 v=157454kb (C:157454 M:0 P1:0) o=3 b=0 10+1 p=1.034160ms (max 296.281477)...]
   5.300 [GC<0x118400108>: M a=2261kb hf=0.172 mu=0.497 v=157454kb (C:157454 M:0 P1:0) o=3 b=0 0+1 p=0.997213ms (max 296.281477)...]
   5.302 [GC<0x118400108>: M a=2261kb hf=0.172 mu=0.497 v=157454kb (C:157454 M:0 P1:0) o=3 b=0 0+1 p=0.806140ms (max 296.281477)...]
   5.304 [GC<0x118400108>: M a=2355kb hf=0.180 mu=0.492 v=157454kb (C:157454 M:0 P1:0) o=3 b=0 0+1 p=0.629138ms (max 296.281477)...]
   5.307 [GC<0x118400108>: M a=2355kb hf=0.180 mu=0.492 v=157454kb (C:157454 M:0 P1:0) o=3 b=0 210+1 p=0.715900ms (max 296.281477)...]
   5.309 [GC<0x118400108>: M a=2355kb hf=0.180 mu=0.492 v=157454kb (C:157454 M:0 P1:0) o=3 b=0 210+1 p=0.592486ms (max 296.281477)...]
   5.311 [GC<0x118400108>: M a=2355kb hf=0.180 mu=0.492 v=157454kb (C:157454 M:0 P1:0) o=3 b=0 210+1 p=0.654626ms (max 296.281477)...]
   5.312 [GC<0x118400108>: M a=2355kb hf=0.180 mu=0.492 v=157454kb (C:157454 M:0 P1:0) o=3 b=0 210+1 p=0.632546ms (max 296.281477)...]
   5.314 [GC<0x118400108>: M a=2355kb hf=0.180 mu=0.492 v=157454kb (C:157454 M:0 P1:0) o=3 b=0 210+1 p=0.610386ms (max 296.281477)...]
   5.316 [GC<0x118400108>: M a=2355kb hf=0.180 mu=0.492 v=157454kb (C:157454 M:0 P1:0) o=3 b=0 210+1 p=0.827469ms (max 296.281477)...]
   5.318 [GC<0x118400108>: M a=2355kb hf=0.180 mu=0.492 v=157454kb (C:157454 M:0 P1:0) o=3 b=0 310+1 p=0.820517ms (max 296.281477)...]
   5.321 [GC<0x118400108>: M a=2748kb hf=0.210 mu=0.474 v=157454kb (C:157454 M:0 P1:0) o=3 b=0 0+1 p=0.613559ms (max 296.281477)...]
   5.322 [GC<0x118400108>: M a=3031kb hf=0.231 mu=0.461 v=157454kb (C:157454 M:0 P1:0) o=3 b=0 0+1 p=0.994576ms (max 296.281477)...]
   5.324 [GC<0x118400108>: M a=3141kb hf=0.240 mu=0.456 v=157454kb (C:157454 M:0 P1:0) o=3 b=0 0+1 p=0.875724ms (max 296.281477)...]
   5.327 [GC<0x118400108>: M a=3533kb hf=0.270 mu=0.438 v=157454kb (C:157454 M:0 P1:0) o=3 b=0 0+1 p=0.620727ms (max 296.281477)...]
   5.329 [GC<0x118400108>: M a=3706kb hf=0.283 mu=0.430 v=157454kb (C:157454 M:0 P1:0) o=3 b=0 0+1 p=1.218155ms (max 296.281477)...]
   5.330 [GC<0x118400108>: M a=3879kb hf=0.296 mu=0.422 v=157454kb (C:157454 M:0 P1:0) o=3 b=0 0+1 p=1.141790ms (max 296.281477)...]
   5.334 [GC<0x118400108>: M a=3926kb hf=0.299 mu=0.420 v=157454kb (C:157454 M:0 P1:0) o=3 b=0 0+1 p=0.804597ms (max 296.281477)...]
   5.339 [GC<0x118400108>: M a=4711kb hf=0.359 mu=0.384 v=157454kb (C:157454 M:0 P1:0) o=3 b=0 0+1 p=0.645012ms (max 296.281477)...]
   5.340 [GC<0x118400108>: M a=4758kb hf=0.363 mu=0.382 v=157454kb (C:157454 M:0 P1:0) o=3 b=0 0+1 p=1.230927ms (max 296.281477)...]
   5.345 [GC<0x118400108>: M a=5496kb hf=0.419 mu=0.348 v=157454kb (C:157454 M:0 P1:0) o=3 b=0 0+1 p=0.643579ms (max 296.281477)...]
   5.347 [GC<0x118400108>: M a=5496kb hf=0.419 mu=0.348 v=157454kb (C:157454 M:0 P1:0) o=3 b=0 0+1 p=0.615604ms (max 296.281477)...]
   5.349 [GC<0x118400108>: M a=5496kb hf=0.419 mu=0.348 v=157454kb (C:157454 M:0 P1:0) o=3 b=0 0+1 p=1.043334ms (max 296.281477)...]
   5.351 [GC<0x118400108>: M a=5496kb hf=0.419 mu=0.348 v=157454kb (C:157454 M:0 P1:0) o=3 b=0 0+1 p=0.681128ms (max 296.281477)...]
   5.353 [GC<0x118400108>: M a=5496kb hf=0.419 mu=0.348 v=157454kb (C:157454 M:0 P1:0) o=3 b=0 0+1 p=0.592757ms (max 296.281477)...]
   5.355 [GC<0x118400108>: M a=5496kb hf=0.419 mu=0.348 v=157454kb (C:157454 M:0 P1:0) o=3 b=0 0+1 p=0.542351ms (max 296.281477)...]
   5.357 [GC<0x118400108>: M a=5496kb hf=0.419 mu=0.348 v=157454kb (C:157454 M:0 P1:0) o=3 b=0 0+1 p=0.831609ms (max 296.281477)...]
   5.359 [GC<0x118400108>: M a=5496kb hf=0.419 mu=0.348 v=157454kb (C:157454 M:0 P1:0) o=3 b=0 410+1 p=0.927057ms (max 296.281477)...]
   5.360 [GC<0x118400108>: M a=5496kb hf=0.419 mu=0.348 v=157454kb (C:157454 M:0 P1:0) o=3 b=0 310+1 p=0.739639ms (max 296.281477)...]
   5.362 [GC<0x118400108>: M a=5496kb hf=0.419 mu=0.348 v=157454kb (C:157454 M:0 P1:0) o=3 b=0 310+1 p=0.936346ms (max 296.281477)...]
   5.365 [GC<0x118400108>: M a=5496kb hf=0.419 mu=0.348 v=157454kb (C:157454 M:0 P1:0) o=3 b=0 210+1 p=1.170542ms (max 296.281477)...]
   5.367 [GC<0x118400108>: M a=5496kb hf=0.419 mu=0.348 v=157454kb (C:157454 M:0 P1:0) o=3 b=0 210+1 p=0.628988ms (max 296.281477)...]
   5.369 [GC<0x118400108>: M a=5496kb hf=0.419 mu=0.348 v=157454kb (C:157454 M:0 P1:0) o=3 b=0 210+1 p=0.820716ms (max 296.281477)...]
   5.371 [GC<0x118400108>: M a=5496kb hf=0.419 mu=0.348 v=157454kb (C:157454 M:0 P1:0) o=3 b=0 410+1 p=0.822321ms (max 296.281477)...]
   5.373 [GC<0x118400108>: M a=5496kb hf=0.419 mu=0.348 v=157454kb (C:157454 M:0 P1:0) o=3 b=0 210+1 p=0.839143ms (max 296.281477)...]
   5.375 [GC<0x118400108>: M a=5496kb hf=0.419 mu=0.348 v=157454kb (C:157454 M:0 P1:0) o=3 b=0 310+1 p=0.845900ms (max 296.281477)...]
   5.377 [GC<0x118400108>: M a=5496kb hf=0.419 mu=0.348 v=157454kb (C:157454 M:0 P1:0) o=3 b=0 410+1 p=0.596592ms (max 296.281477)...]
   5.379 [GC<0x118400108>: M a=5496kb hf=0.419 mu=0.348 v=157454kb (C:157454 M:0 P1:0) o=3 b=0 410+1 p=0.796050ms (max 296.281477)...]
   5.381 [GC<0x118400108>: M a=5496kb hf=0.419 mu=0.348 v=157454kb (C:157454 M:0 P1:0) o=3 b=0 210+1 p=0.821268ms (max 296.281477)...]
   5.383 [GC<0x118400108>: M a=5496kb hf=0.419 mu=0.348 v=157454kb (C:157454 M:0 P1:0) o=3 b=0 210+1 p=0.807754ms (max 296.281477)...]
   5.385 [GC<0x118400108>: M a=5496kb hf=0.419 mu=0.348 v=157454kb (C:157454 M:0 P1:0) o=3 b=0 10+1 p=0.789103ms (max 296.281477)...]
   5.387 [GC<0x118400108>: M a=5496kb hf=0.419 mu=0.348 v=157454kb (C:157454 M:0 P1:0) o=3 b=0 210+1 p=0.816636ms (max 296.281477)...]
   5.389 [GC<0x118400108>: M a=5496kb hf=0.419 mu=0.348 v=157454kb (C:157454 M:0 P1:0) o=3 b=0 110+1 p=0.819619ms (max 296.281477)...]
   5.391 [GC<0x118400108>: M a=5496kb hf=0.419 mu=0.348 v=157454kb (C:157454 M:0 P1:0) o=3 b=0 10+1 p=0.808521ms (max 296.281477)...]
   5.393 [GC<0x118400108>: M a=5496kb hf=0.419 mu=0.348 v=157454kb (C:157454 M:0 P1:0) o=3 b=0 210+1 p=0.816837ms (max 296.281477)...]
   5.395 [GC<0x118400108>: M a=5496kb hf=0.419 mu=0.348 v=157454kb (C:157454 M:0 P1:0) o=3 b=0 210+1 p=0.811940ms (max 296.281477)...]
   5.397 [GC<0x118400108>: M a=5496kb hf=0.419 mu=0.348 v=157454kb (C:157454 M:0 P1:0) o=3 b=0 110+1 p=0.814742ms (max 296.281477)...]
   5.399 [GC<0x118400108>: M a=5496kb hf=0.419 mu=0.348 v=157454kb (C:157454 M:0 P1:0) o=3 b=0 10+1 p=0.823635ms (max 296.281477)...]
   5.401 [GC<0x118400108>: M a=5496kb hf=0.419 mu=0.348 v=157454kb (C:157454 M:0 P1:0) o=3 b=0 410+1 p=0.890421ms (max 296.281477)...]
   5.403 [GC<0x118400108>: M a=5496kb hf=0.419 mu=0.348 v=157454kb (C:157454 M:0 P1:0) o=3 b=0 310+1 p=0.823579ms (max 296.281477)...]
   5.405 [GC<0x118400108>: M a=5496kb hf=0.419 mu=0.348 v=157454kb (C:157454 M:0 P1:0) o=3 b=0 110+1 p=0.811128ms (max 296.281477)...]
   5.407 [GC<0x118400108>: M a=5496kb hf=0.419 mu=0.348 v=157454kb (C:157454 M:0 P1:0) o=3 b=0 110+1 p=0.722050ms (max 296.281477)...]
   5.409 [GC<0x118400108>: M a=5496kb hf=0.419 mu=0.348 v=157454kb (C:157454 M:0 P1:0) o=3 b=0 410+1 p=0.826215ms (max 296.281477)...]
   5.411 [GC<0x118400108>: M a=5496kb hf=0.419 mu=0.348 v=157454kb (C:157454 M:0 P1:0) o=3 b=0 210+1 p=0.840231ms (max 296.281477)...]
   5.413 [GC<0x118400108>: M a=5496kb hf=0.419 mu=0.348 v=157454kb (C:157454 M:0 P1:0) o=3 b=0 210+1 p=0.822732ms (max 296.281477)...]
   5.415 [GC<0x118400108>: M a=5496kb hf=0.419 mu=0.348 v=157454kb (C:157454 M:0 P1:0) o=3 b=0 110+1 p=0.832125ms (max 296.281477)...]
   5.417 [GC<0x118400108>: M a=5496kb hf=0.419 mu=0.348 v=157454kb (C:157454 M:0 P1:0) o=3 b=0 410+1 p=0.811148ms (max 296.281477)...]
   5.419 [GC<0x118400108>: M a=5496kb hf=0.419 mu=0.348 v=157454kb (C:157454 M:0 P1:0) o=3 b=0 310+1 p=0.812336ms (max 296.281477)...]
   5.421 [GC<0x118400108>: M a=5496kb hf=0.419 mu=0.348 v=157454kb (C:157454 M:0 P1:0) o=3 b=0 310+1 p=0.815760ms (max 296.281477)...]
   5.423 [GC<0x118400108>: M a=5496kb hf=0.419 mu=0.348 v=157454kb (C:157454 M:0 P1:0) o=3 b=0 410+1 p=0.809980ms (max 296.281477)...]
   5.425 [GC<0x118400108>: M a=5496kb hf=0.419 mu=0.348 v=157454kb (C:157454 M:0 P1:0) o=3 b=0 310+1 p=0.817960ms (max 296.281477)...]
   5.427 [GC<0x118400108>: M a=5496kb hf=0.419 mu=0.348 v=157454kb (C:157454 M:0 P1:0) o=3 b=0 210+1 p=0.818266ms (max 296.281477)...]
   5.429 [GC<0x118400108>: M a=5496kb hf=0.419 mu=0.348 v=157454kb (C:157454 M:0 P1:0) o=3 b=0 110+1 p=0.815965ms (max 296.281477)...]
   5.431 [GC<0x118400108>: M a=5496kb hf=0.419 mu=0.348 v=157454kb (C:157454 M:0 P1:0) o=3 b=0 10+1 p=0.834762ms (max 296.281477)...]
   5.433 [GC<0x118400108>: M a=5496kb hf=0.419 mu=0.348 v=157454kb (C:157454 M:0 P1:0) o=3 b=0 110+1 p=0.835163ms (max 296.281477)...]
   5.475 [GC<0x118400108>: M a=5496kb hf=0.419 mu=0.348 v=157454kb (C:157454 M:0 P1:0) o=3 b=0 i#2:N<WsOJw>Pbc 2+1 v=157455kb (C:157455 M:0 P1:0) o=3 b=0 i#3:P<WsOJw> 1+1 v=157455kb (C:157455 M:0 P1:0) o=3 b=0 i#4:P<JwWsOMsrShCs>Pbc 1+1 v=157455kb (C:157455 M:0 P1:0) o=3 b=0 i#5:P<CsMsm(1)> 0+1 p=42.456912ms (max 296.281477)...]
   5.477 [GC<0x118400108>: M a=5496kb hf=0.419 mu=0.348 v=162951kb (C:162951 M:0 P1:0) o=3 b=0 58599+0 p=0.609609ms (max 296.281477)...]
   5.479 [GC<0x118400108>: M a=5496kb hf=0.419 mu=0.348 v=162951kb (C:162951 M:0 P1:0) o=3 b=0 58599+0 p=0.727639ms (max 296.281477)...]
   5.481 [GC<0x118400108>: M a=5496kb hf=0.419 mu=0.348 v=162951kb (C:162951 M:0 P1:0) o=3 b=0 57330+0 p=0.812927ms (max 296.281477)...]
   5.483 [GC<0x118400108>: M a=5653kb hf=0.431 mu=0.341 v=162951kb (C:162951 M:0 P1:0) o=3 b=1 0+1 p=1.273238ms (max 296.281477)...]
   5.485 [GC<0x118400108>: M a=5653kb hf=0.431 mu=0.341 v=162951kb (C:162951 M:0 P1:0) o=3 b=0 210+1 p=0.807889ms (max 296.281477)...]
   5.487 [GC<0x118400108>: M a=5653kb hf=0.431 mu=0.341 v=162951kb (C:162951 M:0 P1:0) o=3 b=0 310+1 p=0.824526ms (max 296.281477)...]
   5.520 [GC<0x118400108>: M a=5669kb hf=0.432 mu=0.341 v=162951kb (C:162951 M:0 P1:0) o=3 b=0 i#6:Msm(1) 0+1 p=32.600050ms (max 296.281477)...]
   5.523 [GC<0x118400108>: M a=5669kb hf=0.432 mu=0.341 v=163124kb (C:163124 M:0 P1:0) o=3 b=0 1645+0 v=163124kb (C:163124 M:0 P1:0) o=3 b=0 i#7:P<Msm(0)CsMsrShDCbDomoJwWsO>Pbc => 163168kb, p=2.418367ms (max 296.281477), cycle 668.764869ms END]
   5.523 GC END!
   5.523 [GC<0x118400108>: epilogue 0.172617ms]
  21.797 Requesting GC because bytes allocated this cycle: 167094641 exceed bytes allowed: 167084562 normal bytes: 167094641 oversized bytes: 0 last oversized: 0
  21.799 [GC<0x118400108>: START M 333042kb => EdenCollection, a=0kb hf=0.000 mu=0.600 v=0kb (C:0 M:0 P1:0) o=3 b=8 i#1:N<CsMsrShDMsm(13)> 3+13 p=1.247945ms (max 296.281477)...]
  21.800 [GC<0x118400108>: M a=15kb hf=0.000 mu=0.600 v=27kb (C:27 M:0 P1:0) o=3 b=1 0+1 p=0.722747ms (max 296.281477)...]
  21.802 [GC<0x118400108>: M a=62kb hf=0.001 mu=0.599 v=27kb (C:27 M:0 P1:0) o=3 b=0 0+1 p=0.710923ms (max 296.281477)...]
  21.805 [GC<0x118400108>: M a=139kb hf=0.002 mu=0.599 v=27kb (C:27 M:0 P1:0) o=3 b=0 0+1 p=0.992085ms (max 296.281477)...]
  21.806 [GC<0x118400108>: M a=139kb hf=0.002 mu=0.599 v=27kb (C:27 M:0 P1:0) o=3 b=0 0+1 p=0.514281ms (max 296.281477)...]
  21.809 [GC<0x118400108>: M a=247kb hf=0.004 mu=0.598 v=27kb (C:27 M:0 P1:0) o=3 b=0 0+1 p=0.720892ms (max 296.281477)...]
  21.811 [GC<0x118400108>: M a=247kb hf=0.004 mu=0.598 v=27kb (C:27 M:0 P1:0) o=3 b=0 0+1 p=0.681724ms (max 296.281477)...]
  21.813 [GC<0x118400108>: M a=247kb hf=0.004 mu=0.598 v=27kb (C:27 M:0 P1:0) o=3 b=0 0+1 p=0.681323ms (max 296.281477)...]
  21.814 [GC<0x118400108>: M a=247kb hf=0.004 mu=0.598 v=27kb (C:27 M:0 P1:0) o=3 b=0 0+1 p=0.666321ms (max 296.281477)...]
  21.817 [GC<0x118400108>: M a=247kb hf=0.004 mu=0.598 v=27kb (C:27 M:0 P1:0) o=3 b=0 0+1 p=0.691659ms (max 296.281477)...]
  21.818 [GC<0x118400108>: M a=247kb hf=0.004 mu=0.598 v=27kb (C:27 M:0 P1:0) o=3 b=0 0+1 p=0.672832ms (max 296.281477)...]
  21.821 [GC<0x118400108>: M a=293kb hf=0.004 mu=0.597 v=27kb (C:27 M:0 P1:0) o=3 b=0 0+1 p=0.734972ms (max 296.281477)...]
  21.823 [GC<0x118400108>: M a=293kb hf=0.004 mu=0.597 v=27kb (C:27 M:0 P1:0) o=3 b=0 0+1 p=0.826406ms (max 296.281477)...]
  21.825 [GC<0x118400108>: M a=293kb hf=0.004 mu=0.597 v=744kb (C:27 M:0 P1:709) o=3 b=0 0+1 p=0.606160ms (max 296.281477)...]
  21.827 [GC<0x118400108>: M a=293kb hf=0.004 mu=0.597 v=1772kb (C:27 M:0 P1:1734) o=3 b=0 0+1 p=0.614998ms (max 296.281477)...]
  21.829 [GC<0x118400108>: M a=293kb hf=0.004 mu=0.597 v=2785kb (C:27 M:0 P1:2749) o=3 b=0 0+1 p=0.697780ms (max 296.281477)...]
  21.831 [GC<0x118400108>: M a=293kb hf=0.004 mu=0.597 v=3804kb (C:27 M:0 P1:3771) o=3 b=0 0+1 p=0.712872ms (max 296.281477)...]
  21.833 [GC<0x118400108>: M a=293kb hf=0.004 mu=0.597 v=4856kb (C:27 M:0 P1:4820) o=3 b=0 0+1 p=0.680251ms (max 296.281477)...]
  21.835 [GC<0x118400108>: M a=293kb hf=0.004 mu=0.597 v=5836kb (C:27 M:0 P1:5809) o=3 b=0 0+1 p=0.681940ms (max 296.281477)...]
  21.837 [GC<0x118400108>: M a=293kb hf=0.004 mu=0.597 v=6867kb (C:27 M:0 P1:6836) o=3 b=0 0+1 p=0.670165ms (max 296.281477)...]
  21.839 [GC<0x118400108>: M a=293kb hf=0.004 mu=0.597 v=7831kb (C:27 M:0 P1:7793) o=3 b=0 0+1 p=0.683138ms (max 296.281477)...]
  21.841 [GC<0x118400108>: M a=293kb hf=0.004 mu=0.597 v=8760kb (C:27 M:0 P1:8725) o=3 b=0 0+1 p=0.674973ms (max 296.281477)...]
  21.842 [GC<0x118400108>: M a=293kb hf=0.004 mu=0.597 v=9369kb (C:27 M:0 P1:9342) o=3 b=0 0+1 p=0.634652ms (max 296.281477)...]
  21.845 [GC<0x118400108>: M a=293kb hf=0.004 mu=0.597 v=9855kb (C:27 M:0 P1:9828) o=3 b=0 0+1 p=0.675814ms (max 296.281477)...]
  22.053 [GC<0x118400108>: M a=293kb hf=0.004 mu=0.597 v=10423kb (C:27 M:0 P1:10387) o=3 b=0 0+1 p=207.021826ms (max 296.281477)...]
  22.055 [GC<0x118400108>: M a=293kb hf=0.004 mu=0.597 v=110489kb (C:27 M:0 P1:110461) o=3 b=0 0+1 p=0.651880ms (max 296.281477)...]
  22.057 [GC<0x118400108>: M a=293kb hf=0.004 mu=0.597 v=110489kb (C:27 M:0 P1:110461) o=3 b=0 0+1 p=0.625709ms (max 296.281477)...]
  22.059 [GC<0x118400108>: M a=293kb hf=0.004 mu=0.597 v=110489kb (C:27 M:0 P1:110461) o=3 b=0 0+1 p=0.608135ms (max 296.281477)...]
  22.061 [GC<0x118400108>: M a=293kb hf=0.004 mu=0.597 v=110489kb (C:27 M:0 P1:110461) o=3 b=0 0+1 p=0.595875ms (max 296.281477)...]
  22.063 [GC<0x118400108>: M a=293kb hf=0.004 mu=0.597 v=110489kb (C:27 M:0 P1:110461) o=3 b=0 0+1 p=0.594471ms (max 296.281477)...]
  22.065 [GC<0x118400108>: M a=293kb hf=0.004 mu=0.597 v=110489kb (C:27 M:0 P1:110461) o=3 b=0 0+1 p=0.594617ms (max 296.281477)...]
  22.066 [GC<0x118400108>: M a=293kb hf=0.004 mu=0.597 v=110489kb (C:27 M:0 P1:110461) o=3 b=0 0+1 p=0.652296ms (max 296.281477)...]
  22.069 [GC<0x118400108>: M a=293kb hf=0.004 mu=0.597 v=110489kb (C:27 M:0 P1:110461) o=3 b=0 10+1 p=0.708757ms (max 296.281477)...]
  22.070 [GC<0x118400108>: M a=293kb hf=0.004 mu=0.597 v=110489kb (C:27 M:0 P1:110461) o=3 b=0 10+1 p=0.697880ms (max 296.281477)...]
  22.072 [GC<0x118400108>: M a=293kb hf=0.004 mu=0.597 v=110489kb (C:27 M:0 P1:110461) o=3 b=0 210+1 p=0.696516ms (max 296.281477)...]
  22.079 [GC<0x118400108>: M a=293kb hf=0.004 mu=0.597 v=110489kb (C:27 M:0 P1:110461) o=3 b=0 110+1 p=4.595279ms (max 296.281477)...]
  22.081 [GC<0x118400108>: M a=293kb hf=0.004 mu=0.597 v=110489kb (C:27 M:0 P1:110461) o=3 b=0 310+1 p=0.627022ms (max 296.281477)...]
  22.083 [GC<0x118400108>: M a=293kb hf=0.004 mu=0.597 v=110489kb (C:27 M:0 P1:110461) o=3 b=0 310+1 p=0.613649ms (max 296.281477)...]
  22.085 [GC<0x118400108>: M a=293kb hf=0.004 mu=0.597 v=110489kb (C:27 M:0 P1:110461) o=3 b=0 310+1 p=0.677289ms (max 296.281477)...]
  22.087 [GC<0x118400108>: M a=293kb hf=0.004 mu=0.597 v=110489kb (C:27 M:0 P1:110461) o=3 b=0 310+1 p=0.678331ms (max 296.281477)...]
  22.089 [GC<0x118400108>: M a=293kb hf=0.004 mu=0.597 v=110489kb (C:27 M:0 P1:110461) o=3 b=0 310+1 p=0.679178ms (max 296.281477)...]
  22.091 [GC<0x118400108>: M a=293kb hf=0.004 mu=0.597 v=110489kb (C:27 M:0 P1:110461) o=3 b=0 210+1 p=0.799143ms (max 296.281477)...]
  22.093 [GC<0x118400108>: M a=293kb hf=0.004 mu=0.597 v=110489kb (C:27 M:0 P1:110461) o=3 b=0 210+1 p=0.592205ms (max 296.281477)...]
  22.094 [GC<0x118400108>: M a=293kb hf=0.004 mu=0.597 v=110489kb (C:27 M:0 P1:110461) o=3 b=0 210+1 p=0.686476ms (max 296.281477)...]
  22.096 [GC<0x118400108>: M a=293kb hf=0.004 mu=0.597 v=110489kb (C:27 M:0 P1:110461) o=3 b=0 410+1 p=0.701559ms (max 296.281477)...]
  22.098 [GC<0x118400108>: M a=293kb hf=0.004 mu=0.597 v=110489kb (C:27 M:0 P1:110461) o=3 b=0 410+1 p=0.707824ms (max 296.281477)...]
  22.100 [GC<0x118400108>: M a=293kb hf=0.004 mu=0.597 v=110489kb (C:27 M:0 P1:110461) o=3 b=0 310+1 p=0.697424ms (max 296.281477)...]
  22.102 [GC<0x118400108>: M a=293kb hf=0.004 mu=0.597 v=110489kb (C:27 M:0 P1:110461) o=3 b=0 410+1 p=0.694260ms (max 296.281477)...]
  22.104 [GC<0x118400108>: M a=293kb hf=0.004 mu=0.597 v=110489kb (C:27 M:0 P1:110461) o=3 b=0 210+1 p=0.701935ms (max 296.281477)...]
  22.106 [GC<0x118400108>: M a=293kb hf=0.004 mu=0.597 v=110489kb (C:27 M:0 P1:110461) o=3 b=0 210+1 p=0.705905ms (max 296.281477)...]
  22.108 [GC<0x118400108>: M a=293kb hf=0.004 mu=0.597 v=110489kb (C:27 M:0 P1:110461) o=3 b=0 410+1 p=0.692201ms (max 296.281477)...]
  22.110 [GC<0x118400108>: M a=293kb hf=0.004 mu=0.597 v=110489kb (C:27 M:0 P1:110461) o=3 b=0 110+1 p=0.706752ms (max 296.281477)...]
  22.112 [GC<0x118400108>: M a=293kb hf=0.004 mu=0.597 v=110489kb (C:27 M:0 P1:110461) o=3 b=0 110+1 p=0.698361ms (max 296.281477)...]
  22.114 [GC<0x118400108>: M a=293kb hf=0.004 mu=0.597 v=110489kb (C:27 M:0 P1:110461) o=3 b=0 210+1 p=0.699087ms (max 296.281477)...]
  22.116 [GC<0x118400108>: M a=293kb hf=0.004 mu=0.597 v=110489kb (C:27 M:0 P1:110461) o=3 b=0 310+1 p=0.692887ms (max 296.281477)...]
  22.119 [GC<0x118400108>: M a=293kb hf=0.004 mu=0.597 v=110489kb (C:27 M:0 P1:110461) o=3 b=0 410+1 p=0.715103ms (max 296.281477)...]
  22.121 [GC<0x118400108>: M a=293kb hf=0.004 mu=0.597 v=110489kb (C:27 M:0 P1:110461) o=3 b=0 410+1 p=0.697589ms (max 296.281477)...]
  22.122 [GC<0x118400108>: M a=293kb hf=0.004 mu=0.597 v=110489kb (C:27 M:0 P1:110461) o=3 b=0 210+1 p=0.685990ms (max 296.281477)...]
  22.125 [GC<0x118400108>: M a=293kb hf=0.004 mu=0.597 v=110489kb (C:27 M:0 P1:110461) o=3 b=0 10+1 p=0.694225ms (max 296.281477)...]
  22.127 [GC<0x118400108>: M a=293kb hf=0.004 mu=0.597 v=110489kb (C:27 M:0 P1:110461) o=3 b=0 110+1 p=0.690025ms (max 296.281477)...]
  22.129 [GC<0x118400108>: M a=293kb hf=0.004 mu=0.597 v=110489kb (C:27 M:0 P1:110461) o=3 b=0 10+1 p=0.701243ms (max 296.281477)...]
  22.130 [GC<0x118400108>: M a=293kb hf=0.004 mu=0.597 v=110489kb (C:27 M:0 P1:110461) o=3 b=0 210+1 p=0.695434ms (max 296.281477)...]
  22.133 [GC<0x118400108>: M a=293kb hf=0.004 mu=0.597 v=110489kb (C:27 M:0 P1:110461) o=3 b=0 410+1 p=0.707529ms (max 296.281477)...]
  22.134 [GC<0x118400108>: M a=293kb hf=0.004 mu=0.597 v=110489kb (C:27 M:0 P1:110461) o=3 b=0 410+1 p=0.697444ms (max 296.281477)...]
  22.136 [GC<0x118400108>: M a=293kb hf=0.004 mu=0.597 v=110489kb (C:27 M:0 P1:110461) o=3 b=0 210+1 p=0.694541ms (max 296.281477)...]
  22.138 [GC<0x118400108>: M a=293kb hf=0.004 mu=0.597 v=110489kb (C:27 M:0 P1:110461) o=3 b=0 410+1 p=0.705143ms (max 296.281477)...]
  22.141 [GC<0x118400108>: M a=293kb hf=0.004 mu=0.597 v=110489kb (C:27 M:0 P1:110461) o=3 b=0 410+1 p=0.819048ms (max 296.281477)...]
  22.143 [GC<0x118400108>: M a=293kb hf=0.004 mu=0.597 v=110489kb (C:27 M:0 P1:110461) o=3 b=0 410+1 p=0.625870ms (max 296.281477)...]
  22.145 [GC<0x118400108>: M a=293kb hf=0.004 mu=0.597 v=110489kb (C:27 M:0 P1:110461) o=3 b=0 410+1 p=0.613739ms (max 296.281477)...]
  22.147 [GC<0x118400108>: M a=293kb hf=0.004 mu=0.597 v=110489kb (C:27 M:0 P1:110461) o=3 b=0 410+1 p=0.618592ms (max 296.281477)...]
  22.149 [GC<0x118400108>: M a=293kb hf=0.004 mu=0.597 v=110489kb (C:27 M:0 P1:110461) o=3 b=0 410+1 p=0.638365ms (max 296.281477)...]
  22.151 [GC<0x118400108>: M a=293kb hf=0.004 mu=0.597 v=110489kb (C:27 M:0 P1:110461) o=3 b=0 210+1 p=0.608301ms (max 296.281477)...]
  22.153 [GC<0x118400108>: M a=293kb hf=0.004 mu=0.597 v=110489kb (C:27 M:0 P1:110461) o=3 b=0 210+1 p=0.606878ms (max 296.281477)...]
  22.155 [GC<0x118400108>: M a=293kb hf=0.004 mu=0.597 v=110489kb (C:27 M:0 P1:110461) o=3 b=0 210+1 p=0.753023ms (max 296.281477)...]
  22.157 [GC<0x118400108>: M a=525kb hf=0.008 mu=0.595 v=110489kb (C:27 M:0 P1:110461) o=3 b=0 0+1 p=0.708306ms (max 296.281477)...]
  22.158 [GC<0x118400108>: M a=525kb hf=0.008 mu=0.595 v=110489kb (C:27 M:0 P1:110461) o=3 b=0 210+1 p=0.696441ms (max 296.281477)...]
  22.160 [GC<0x118400108>: M a=525kb hf=0.008 mu=0.595 v=110489kb (C:27 M:0 P1:110461) o=3 b=0 410+1 p=0.699564ms (max 296.281477)...]
  22.163 [GC<0x118400108>: M a=525kb hf=0.008 mu=0.595 v=110489kb (C:27 M:0 P1:110461) o=3 b=0 0+1 p=0.704466ms (max 296.281477)...]
  22.164 [GC<0x118400108>: M a=525kb hf=0.008 mu=0.595 v=110489kb (C:27 M:0 P1:110461) o=3 b=0 110+1 p=0.696592ms (max 296.281477)...]
  22.167 [GC<0x118400108>: M a=525kb hf=0.008 mu=0.595 v=110489kb (C:27 M:0 P1:110461) o=3 b=0 210+1 p=0.712065ms (max 296.281477)...]
  22.169 [GC<0x118400108>: M a=525kb hf=0.008 mu=0.595 v=110489kb (C:27 M:0 P1:110461) o=3 b=0 310+1 p=0.600953ms (max 296.281477)...]
  22.170 [GC<0x118400108>: M a=525kb hf=0.008 mu=0.595 v=110489kb (C:27 M:0 P1:110461) o=3 b=0 310+1 p=0.659650ms (max 296.281477)...]
  22.172 [GC<0x118400108>: M a=525kb hf=0.008 mu=0.595 v=110489kb (C:27 M:0 P1:110461) o=3 b=0 410+1 p=0.696706ms (max 296.281477)...]
  22.175 [GC<0x118400108>: M a=525kb hf=0.008 mu=0.595 v=110489kb (C:27 M:0 P1:110461) o=3 b=0 110+1 p=0.709013ms (max 296.281477)...]
  22.176 [GC<0x118400108>: M a=525kb hf=0.008 mu=0.595 v=110489kb (C:27 M:0 P1:110461) o=3 b=0 310+1 p=0.695509ms (max 296.281477)...]
  22.179 [GC<0x118400108>: M a=525kb hf=0.008 mu=0.595 v=110489kb (C:27 M:0 P1:110461) o=3 b=0 410+1 p=0.595659ms (max 296.281477)...]
  22.181 [GC<0x118400108>: M a=525kb hf=0.008 mu=0.595 v=110489kb (C:27 M:0 P1:110461) o=3 b=0 410+1 p=0.668301ms (max 296.281477)...]
  22.182 [GC<0x118400108>: M a=525kb hf=0.008 mu=0.595 v=110489kb (C:27 M:0 P1:110461) o=3 b=0 310+1 p=0.707599ms (max 296.281477)...]
  22.185 [GC<0x118400108>: M a=540kb hf=0.008 mu=0.595 v=110489kb (C:27 M:0 P1:110461) o=3 b=0 0+1 p=0.718346ms (max 296.281477)...]
  22.187 [GC<0x118400108>: M a=540kb hf=0.008 mu=0.595 v=110489kb (C:27 M:0 P1:110461) o=3 b=0 310+1 p=0.724160ms (max 296.281477)...]
  22.188 [GC<0x118400108>: M a=540kb hf=0.008 mu=0.595 v=110489kb (C:27 M:0 P1:110461) o=3 b=0 310+1 p=0.691293ms (max 296.281477)...]
  22.191 [GC<0x118400108>: M a=540kb hf=0.008 mu=0.595 v=110489kb (C:27 M:0 P1:110461) o=3 b=0 110+1 p=0.709594ms (max 296.281477)...]
  22.193 [GC<0x118400108>: M a=540kb hf=0.008 mu=0.595 v=110489kb (C:27 M:0 P1:110461) o=3 b=0 210+1 p=0.691439ms (max 296.281477)...]
  22.195 [GC<0x118400108>: M a=540kb hf=0.008 mu=0.595 v=110489kb (C:27 M:0 P1:110461) o=3 b=0 110+1 p=0.792868ms (max 296.281477)...]
  22.197 [GC<0x118400108>: M a=540kb hf=0.008 mu=0.595 v=110489kb (C:27 M:0 P1:110461) o=3 b=0 110+1 p=0.602326ms (max 296.281477)...]
  22.199 [GC<0x118400108>: M a=540kb hf=0.008 mu=0.595 v=110489kb (C:27 M:0 P1:110461) o=3 b=0 110+1 p=0.654235ms (max 296.281477)...]
  22.201 [GC<0x118400108>: M a=540kb hf=0.008 mu=0.595 v=110489kb (C:27 M:0 P1:110461) o=3 b=0 110+1 p=0.594005ms (max 296.281477)...]
  22.203 [GC<0x118400108>: M a=540kb hf=0.008 mu=0.595 v=110489kb (C:27 M:0 P1:110461) o=3 b=0 110+1 p=0.687438ms (max 296.281477)...]
  22.205 [GC<0x118400108>: M a=540kb hf=0.008 mu=0.595 v=110489kb (C:27 M:0 P1:110461) o=3 b=0 310+1 p=0.699854ms (max 296.281477)...]
  22.207 [GC<0x118400108>: M a=540kb hf=0.008 mu=0.595 v=110489kb (C:27 M:0 P1:110461) o=3 b=0 10+1 p=0.706260ms (max 296.281477)...]
  22.208 [GC<0x118400108>: M a=540kb hf=0.008 mu=0.595 v=110489kb (C:27 M:0 P1:110461) o=3 b=0 110+1 p=0.693198ms (max 296.281477)...]
  22.210 [GC<0x118400108>: M a=540kb hf=0.008 mu=0.595 v=110489kb (C:27 M:0 P1:110461) o=3 b=0 210+1 p=0.697804ms (max 296.281477)...]
  22.213 [GC<0x118400108>: M a=540kb hf=0.008 mu=0.595 v=110489kb (C:27 M:0 P1:110461) o=3 b=0 310+1 p=0.701744ms (max 296.281477)...]
  22.214 [GC<0x118400108>: M a=540kb hf=0.008 mu=0.595 v=110489kb (C:27 M:0 P1:110461) o=3 b=0 310+1 p=0.694281ms (max 296.281477)...]
  22.217 [GC<0x118400108>: M a=540kb hf=0.008 mu=0.595 v=110489kb (C:27 M:0 P1:110461) o=3 b=0 110+1 p=0.605178ms (max 296.281477)...]
  22.219 [GC<0x118400108>: M a=540kb hf=0.008 mu=0.595 v=110489kb (C:27 M:0 P1:110461) o=3 b=0 110+1 p=0.655273ms (max 296.281477)...]
  22.220 [GC<0x118400108>: M a=540kb hf=0.008 mu=0.595 v=110489kb (C:27 M:0 P1:110461) o=3 b=0 310+1 p=0.700997ms (max 296.281477)...]
  22.222 [GC<0x118400108>: M a=540kb hf=0.008 mu=0.595 v=110489kb (C:27 M:0 P1:110461) o=3 b=0 310+1 p=0.705037ms (max 296.281477)...]
  22.225 [GC<0x118400108>: M a=540kb hf=0.008 mu=0.595 v=110489kb (C:27 M:0 P1:110461) o=3 b=0 410+1 p=0.839208ms (max 296.281477)...]
  22.227 [GC<0x118400108>: M a=540kb hf=0.008 mu=0.595 v=110489kb (C:27 M:0 P1:110461) o=3 b=0 410+1 p=0.597674ms (max 296.281477)...]
  22.229 [GC<0x118400108>: M a=540kb hf=0.008 mu=0.595 v=110489kb (C:27 M:0 P1:110461) o=3 b=0 410+1 p=0.683885ms (max 296.281477)...]
  22.230 [GC<0x118400108>: M a=540kb hf=0.008 mu=0.595 v=110489kb (C:27 M:0 P1:110461) o=3 b=0 110+1 p=0.694982ms (max 296.281477)...]
  22.233 [GC<0x118400108>: M a=540kb hf=0.008 mu=0.595 v=110489kb (C:27 M:0 P1:110461) o=3 b=0 310+1 p=0.701829ms (max 296.281477)...]
  22.235 [GC<0x118400108>: M a=540kb hf=0.008 mu=0.595 v=110489kb (C:27 M:0 P1:110461) o=3 b=0 310+1 p=0.703855ms (max 296.281477)...]
  22.237 [GC<0x118400108>: M a=540kb hf=0.008 mu=0.595 v=110489kb (C:27 M:0 P1:110461) o=3 b=0 10+1 p=0.701594ms (max 296.281477)...]
  22.239 [GC<0x118400108>: M a=540kb hf=0.008 mu=0.595 v=110489kb (C:27 M:0 P1:110461) o=3 b=0 10+1 p=0.704231ms (max 296.281477)...]
  22.241 [GC<0x118400108>: M a=681kb hf=0.010 mu=0.594 v=110489kb (C:27 M:0 P1:110461) o=3 b=0 0+1 p=0.699670ms (max 296.281477)...]
  22.243 [GC<0x118400108>: M a=681kb hf=0.010 mu=0.594 v=110489kb (C:27 M:0 P1:110461) o=3 b=0 10+1 p=0.657795ms (max 296.281477)...]
  22.245 [GC<0x118400108>: M a=681kb hf=0.010 mu=0.594 v=110489kb (C:27 M:0 P1:110461) o=3 b=0 410+1 p=0.675438ms (max 296.281477)...]
  22.247 [GC<0x118400108>: M a=681kb hf=0.010 mu=0.594 v=110489kb (C:27 M:0 P1:110461) o=3 b=0 10+1 p=0.614431ms (max 296.281477)...]
  22.249 [GC<0x118400108>: M a=681kb hf=0.010 mu=0.594 v=110489kb (C:27 M:0 P1:110461) o=3 b=0 10+1 p=0.741589ms (max 296.281477)...]
  22.251 [GC<0x118400108>: M a=681kb hf=0.010 mu=0.594 v=110489kb (C:27 M:0 P1:110461) o=3 b=0 10+1 p=0.609544ms (max 296.281477)...]
  22.253 [GC<0x118400108>: M a=681kb hf=0.010 mu=0.594 v=110489kb (C:27 M:0 P1:110461) o=3 b=0 10+1 p=0.605379ms (max 296.281477)...]
  22.255 [GC<0x118400108>: M a=681kb hf=0.010 mu=0.594 v=110489kb (C:27 M:0 P1:110461) o=3 b=0 10+1 p=0.656041ms (max 296.281477)...]
  22.257 [GC<0x118400108>: M a=681kb hf=0.010 mu=0.594 v=110489kb (C:27 M:0 P1:110461) o=3 b=0 410+1 p=0.762617ms (max 296.281477)...]
  22.259 [GC<0x118400108>: M a=681kb hf=0.010 mu=0.594 v=110489kb (C:27 M:0 P1:110461) o=3 b=0 410+1 p=0.602250ms (max 296.281477)...]
  22.261 [GC<0x118400108>: M a=681kb hf=0.010 mu=0.594 v=110489kb (C:27 M:0 P1:110461) o=3 b=0 410+1 p=0.601725ms (max 296.281477)...]
  22.263 [GC<0x118400108>: M a=681kb hf=0.010 mu=0.594 v=110489kb (C:27 M:0 P1:110461) o=3 b=0 410+1 p=0.650210ms (max 296.281477)...]
  22.265 [GC<0x118400108>: M a=681kb hf=0.010 mu=0.594 v=110489kb (C:27 M:0 P1:110461) o=3 b=0 410+1 p=0.660837ms (max 296.281477)...]
  22.267 [GC<0x118400108>: M a=681kb hf=0.010 mu=0.594 v=110489kb (C:27 M:0 P1:110461) o=3 b=0 10+1 p=0.709148ms (max 296.281477)...]
  22.269 [GC<0x118400108>: M a=681kb hf=0.010 mu=0.594 v=110489kb (C:27 M:0 P1:110461) o=3 b=0 10+1 p=0.695283ms (max 296.281477)...]
  22.271 [GC<0x118400108>: M a=681kb hf=0.010 mu=0.594 v=110489kb (C:27 M:0 P1:110461) o=3 b=0 110+1 p=0.712812ms (max 296.281477)...]
  22.273 [GC<0x118400108>: M a=681kb hf=0.010 mu=0.594 v=110489kb (C:27 M:0 P1:110461) o=3 b=0 10+1 p=0.699173ms (max 296.281477)...]
  22.275 [GC<0x118400108>: M a=681kb hf=0.010 mu=0.594 v=110489kb (C:27 M:0 P1:110461) o=3 b=0 110+1 p=0.807785ms (max 296.281477)...]
  22.277 [GC<0x118400108>: M a=681kb hf=0.010 mu=0.594 v=110489kb (C:27 M:0 P1:110461) o=3 b=0 110+1 p=0.598742ms (max 296.281477)...]
  22.279 [GC<0x118400108>: M a=681kb hf=0.010 mu=0.594 v=110489kb (C:27 M:0 P1:110461) o=3 b=0 110+1 p=0.592938ms (max 296.281477)...]
  22.280 [GC<0x118400108>: M a=681kb hf=0.010 mu=0.594 v=110489kb (C:27 M:0 P1:110461) o=3 b=0 110+1 p=0.678928ms (max 296.281477)...]
  22.283 [GC<0x118400108>: M a=681kb hf=0.010 mu=0.594 v=110489kb (C:27 M:0 P1:110461) o=3 b=0 410+1 p=0.705298ms (max 296.281477)...]
  22.285 [GC<0x118400108>: M a=681kb hf=0.010 mu=0.594 v=110489kb (C:27 M:0 P1:110461) o=3 b=0 410+1 p=0.721820ms (max 296.281477)...]
  22.287 [GC<0x118400108>: M a=681kb hf=0.010 mu=0.594 v=110489kb (C:27 M:0 P1:110461) o=3 b=0 110+1 p=1.082817ms (max 296.281477)...]
  22.289 [GC<0x118400108>: M a=681kb hf=0.010 mu=0.594 v=110489kb (C:27 M:0 P1:110461) o=3 b=0 110+1 p=0.601333ms (max 296.281477)...]
  22.291 [GC<0x118400108>: M a=681kb hf=0.010 mu=0.594 v=110489kb (C:27 M:0 P1:110461) o=3 b=0 110+1 p=0.618561ms (max 296.281477)...]
  22.293 [GC<0x118400108>: M a=681kb hf=0.010 mu=0.594 v=110489kb (C:27 M:0 P1:110461) o=3 b=0 110+1 p=0.608873ms (max 296.281477)...]
  22.295 [GC<0x118400108>: M a=681kb hf=0.010 mu=0.594 v=110489kb (C:27 M:0 P1:110461) o=3 b=0 110+1 p=0.695990ms (max 296.281477)...]
  22.297 [GC<0x118400108>: M a=681kb hf=0.010 mu=0.594 v=110489kb (C:27 M:0 P1:110461) o=3 b=0 110+1 p=0.617834ms (max 296.281477)...]
  22.299 [GC<0x118400108>: M a=681kb hf=0.010 mu=0.594 v=110489kb (C:27 M:0 P1:110461) o=3 b=0 110+1 p=0.611078ms (max 296.281477)...]
  22.301 [GC<0x118400108>: M a=681kb hf=0.010 mu=0.594 v=110489kb (C:27 M:0 P1:110461) o=3 b=0 110+1 p=0.605449ms (max 296.281477)...]
  22.303 [GC<0x118400108>: M a=681kb hf=0.010 mu=0.594 v=110489kb (C:27 M:0 P1:110461) o=3 b=0 110+1 p=0.661579ms (max 296.281477)...]
  22.305 [GC<0x118400108>: M a=681kb hf=0.010 mu=0.594 v=110489kb (C:27 M:0 P1:110461) o=3 b=0 210+1 p=0.680421ms (max 296.281477)...]
  22.306 [GC<0x118400108>: M a=681kb hf=0.010 mu=0.594 v=110489kb (C:27 M:0 P1:110461) o=3 b=0 110+1 p=0.674145ms (max 296.281477)...]
  22.309 [GC<0x118400108>: M a=681kb hf=0.010 mu=0.594 v=110489kb (C:27 M:0 P1:110461) o=3 b=0 10+1 p=0.830837ms (max 296.281477)...]
  22.311 [GC<0x118400108>: M a=681kb hf=0.010 mu=0.594 v=110489kb (C:27 M:0 P1:110461) o=3 b=0 10+1 p=0.604306ms (max 296.281477)...]
  22.313 [GC<0x118400108>: M a=681kb hf=0.010 mu=0.594 v=110489kb (C:27 M:0 P1:110461) o=3 b=0 10+1 p=0.682988ms (max 296.281477)...]
  22.315 [GC<0x118400108>: M a=681kb hf=0.010 mu=0.594 v=110489kb (C:27 M:0 P1:110461) o=3 b=0 310+1 p=0.700963ms (max 296.281477)...]
  22.317 [GC<0x118400108>: M a=681kb hf=0.010 mu=0.594 v=110489kb (C:27 M:0 P1:110461) o=3 b=0 410+1 p=0.686656ms (max 296.281477)...]
  22.319 [GC<0x118400108>: M a=681kb hf=0.010 mu=0.594 v=110489kb (C:27 M:0 P1:110461) o=3 b=0 110+1 p=0.705805ms (max 296.281477)...]
  22.320 [GC<0x118400108>: M a=681kb hf=0.010 mu=0.594 v=110489kb (C:27 M:0 P1:110461) o=3 b=0 10+1 p=0.698531ms (max 296.281477)...]
  22.322 [GC<0x118400108>: M a=681kb hf=0.010 mu=0.594 v=110489kb (C:27 M:0 P1:110461) o=3 b=0 0+1 p=0.599058ms (max 296.281477)...]
  22.325 [GC<0x118400108>: M a=681kb hf=0.010 mu=0.594 v=110489kb (C:27 M:0 P1:110461) o=3 b=0 0+1 p=0.731404ms (max 296.281477)...]
  22.327 [GC<0x118400108>: M a=681kb hf=0.010 mu=0.594 v=110489kb (C:27 M:0 P1:110461) o=3 b=0 410+1 p=0.654858ms (max 296.281477)...]
  22.329 [GC<0x118400108>: M a=681kb hf=0.010 mu=0.594 v=110489kb (C:27 M:0 P1:110461) o=3 b=0 410+1 p=0.591679ms (max 296.281477)...]
  22.331 [GC<0x118400108>: M a=681kb hf=0.010 mu=0.594 v=110489kb (C:27 M:0 P1:110461) o=3 b=0 410+1 p=0.624837ms (max 296.281477)...]
  22.333 [GC<0x118400108>: M a=681kb hf=0.010 mu=0.594 v=110489kb (C:27 M:0 P1:110461) o=3 b=0 110+1 p=0.699699ms (max 296.281477)...]
  22.335 [GC<0x118400108>: M a=681kb hf=0.010 mu=0.594 v=110489kb (C:27 M:0 P1:110461) o=3 b=0 210+1 p=0.738105ms (max 296.281477)...]
  22.338 [GC<0x118400108>: M a=696kb hf=0.011 mu=0.594 v=110489kb (C:27 M:0 P1:110461) o=3 b=0 i#2:N<WsOJw>Pbc 1+1 v=110489kb (C:27 M:0 P1:110461) o=3 b=0 i#3:P<WsJwOMsm(1)>Pbc 0+1 v=110489kb (C:27 M:0 P1:110461) o=3 b=0 i#4:P<Cs> 0+0 v=110490kb (C:28 M:0 P1:110461) o=3 b=0 i#5:P<CsShMsm(0)MsrDCbDomoWsJwO>Pbc => 273679kb, p=3.476066ms (max 296.281477), cycle 541.057234ms END]
  22.339 GC END!
  22.339 [GC<0x118400108>: epilogue 0.094301ms]
  26.801 [GC<0x118400108>: START M 309047kb => EdenCollection, a=0kb hf=0.000 mu=0.600 v=0kb (C:0 M:0 P1:0) o=3 b=2 i#1:N<CsMsrShDMsm(4)> 0+4 v=0kb (C:0 M:0 P1:0) o=3 b=2 i#2:N<WsOJw>Pbc 0+0 v=0kb (C:0 M:0 P1:0) o=3 b=2 i#3:P<Msm(0)CsShMsrDCbDomoWsJwO>Pbc => 273681kb, p=1.075143ms (max 296.281477), cycle 1.008336ms END]
  26.801 GC END!
  26.801 [GC<0x118400108>: epilogue 0.024636ms]
  75.607 TIGER-EXIT pid 0x7406
  75.607  thread 0x117 state-kr 0x0 pc 0x90009817 leaf mach_msg_trap+0x7 frames: 0x90009817 0x9004626a 0x2dff05
  75.631 TIGER-EXIT pid 0x740a
  75.631  thread 0xd03 state-kr 0x0 pc 0x10b6dfe4e leaf mach_msg_trap+0xa crashinfo 0x206 0x270 0x0 0xe03 0x3 0x7fff5fbff430 0x270 frames: 0x10b6dfe4e 0x10b69511d 0x100329acc 0x10b684c75 0x10b684a0c 0x100001c53 0x100001b61 0x3
