   0.239 2026-09-23 18:33:36.711 TigerBrowser2[29517] *** _NSAutoreleaseNoPool(): Object 0x7c09180 of class NSCFString autoreleased with no pool in place - just leaking
   0.457 ERROR: invalid option: JSC_fullGCTimerMaxDelay=10
   0.736 Unknown logging channel: Loading
   0.737 Unknown logging channel: Layout
   0.752 [com.apple.WebKit:Process:4] 0x119030190 - NetworkProcess::initializeNetworkProcess: Presenting processPID=29521
   0.786 Unknown logging channel: Loading
   0.786 Unknown logging channel: Layout
   0.790 [com.apple.WebKit:Process:4] getNetworkProcessConnection: Request connection for core identifier 3
   0.792 [com.apple.WebKit:Process:4] 0x119030190 - NetworkProcess::createNetworkConnectionToWebProcess: Create connection for web process core identifier 3
   0.796 [com.apple.WebKit:Process:4] 0x11908c240 - NetworkConnectionToWebProcess::NetworkConnectionToWebProcess: Create connection for web process core identifier 3
   0.796 [com.apple.WebKit:Process:4] 0x11908c240 - NetworkConnectionToWebProcess::NetworkConnectionToWebProcess: Connection for web process core identifier 3 established service worker server connection
   0.796 [com.apple.WebKit:Process:4] 0x11908c240 - NetworkConnectionToWebProcess::NetworkConnectionToWebProcess: Connection for web process core identifier 3 established shared worker connection
   0.796 [com.apple.WebKit:Process:4] 0x119030190 - NetworkProcess::createNetworkConnectionToWebProcess: Finished creating connection for web process core identifier 3, notifying the UI process
   0.891 [com.apple.WebKit:Process:4] 0x119030190 - NetworkProcess::createNetworkConnectionToWebProcess: Handed off connect for web process core identifier 3 to the UI process
   0.899 [GC<0x118400108>: starting 0.134431ms]
   0.953 [com.apple.WebKit:Process:4] 0x1190300c0 - [sessionID=1] WebProcess::initializeWebProcess: Presenting processPID=29517
   0.955 [com.apple.WebKit:Loading:4] 0x119118b80 - [webPageID=5] WebPage::constructor:
   0.960 [com.apple.WebKit:Loading:4] WebPreferencesStore: non-default preferences: UseGPUProcessForDOMRenderingEnabled=false, AcceleratedCompositingEnabled=false
   0.989 [com.apple.WebKit:Layout:4] [webFrameID=4294967297, webPageID=5] WebLocalFrameLoaderClient::completePageTransitionIfNeeded: dispatching didCompletePageTransition
   0.991 [com.apple.WebKit:Loading:4] [webPageID=5] WebPage::loadRequest: navigationID=11, shouldTreatAsContinuingLoad=0, lastNavigationWasAppInitiated=1, existingNetworkResourceLoadIdentifierToResume=0
   1.030 [com.apple.WebKit:Loading:4] [pageID=5, frameID=4294967297] PolicyChecker::checkNavigationPolicy: continuing because this policyAction from dispatchDecidePolicyForNavigationAction is Use
   1.035 [com.apple.WebKit:Loading:4] 0x11908c240 - [webProcessIdentifier=3] NetworkConnectionToWebProcess::scheduleResourceLoad: (parentPID=29517, pageProxyID=4, webPageID=5, frameID=4294967297, resourceID=9, existingLoaderToResume=0)
   1.035 [com.apple.WebKit:Loading:4] 0x11908c240 - [webProcessIdentifier=3] NetworkConnectionToWebProcess::scheduleResourceLoad: Deferring resource load until service worker registrations for origin are imported
   1.035 [com.apple.WebKit:Loading:4] 0x11908c240 - [webProcessIdentifier=3] NetworkConnectionToWebProcess::scheduleResourceLoad: (parentPID=29517, pageProxyID=4, webPageID=5, frameID=4294967297, resourceID=9, existingLoaderToResume=0)
   1.035 [com.apple.WebKit:Loading:4] 0x11908c240 - [webProcessIdentifier=3] NetworkConnectionToWebProcess::resolveBlobReferences: (parentPID=29517, pageProxyID=4, webPageID=5, frameID=4294967297, resourceID=9)
   1.039 TIGER script: 
   1.071 [com.apple.WebKit:Layout:4] [webFrameID=4294967297, webPageID=5] WebLocalFrameLoaderClient::completePageTransitionIfNeeded: dispatching didCompletePageTransition
   1.156 Unknown logging channel: Loading
   1.156 Unknown logging channel: Layout
   1.159 [com.apple.WebKit:Process:4] getNetworkProcessConnection: Request connection for core identifier 5
   1.161 [com.apple.WebKit:Process:4] 0x119030190 - NetworkProcess::createNetworkConnectionToWebProcess: Create connection for web process core identifier 5
   1.163 [com.apple.WebKit:Process:4] 0x11908c370 - NetworkConnectionToWebProcess::NetworkConnectionToWebProcess: Create connection for web process core identifier 5
   1.163 [com.apple.WebKit:Process:4] 0x11908c370 - NetworkConnectionToWebProcess::NetworkConnectionToWebProcess: Connection for web process core identifier 5 established service worker server connection
   1.164 [com.apple.WebKit:Process:4] 0x11908c370 - NetworkConnectionToWebProcess::NetworkConnectionToWebProcess: Connection for web process core identifier 5 established shared worker connection
   1.164 [com.apple.WebKit:Process:4] 0x119030190 - NetworkProcess::createNetworkConnectionToWebProcess: Finished creating connection for web process core identifier 5, notifying the UI process
   1.164 [com.apple.WebKit:Process:4] 0x119030190 - NetworkProcess::createNetworkConnectionToWebProcess: Handed off connect for web process core identifier 5 to the UI process
   1.172 [GC<0x118400108>: starting 0.199458ms]
   1.220 [com.apple.WebKit:Process:4] 0x1190300c0 - [sessionID=1] WebProcess::initializeWebProcess: Presenting processPID=29517
   1.224 [com.apple.WebKit:Loading:4] 0x119118b80 - [webPageID=13] WebPage::constructor:
   1.231 [com.apple.WebKit:Loading:4] WebPreferencesStore: non-default preferences: UseGPUProcessForDOMRenderingEnabled=false, AcceleratedCompositingEnabled=false
   1.269 [com.apple.WebKit:Layout:4] [webFrameID=4294967298, webPageID=13] WebLocalFrameLoaderClient::completePageTransitionIfNeeded: dispatching didCompletePageTransition
   1.272 [com.apple.WebKit:Loading:4] [webPageID=13] WebPage::loadRequest: navigationID=11, shouldTreatAsContinuingLoad=2, lastNavigationWasAppInitiated=1, existingNetworkResourceLoadIdentifierToResume=1
   1.277 [com.apple.WebKit:Loading:4] 0x11908c370 - [webProcessIdentifier=5] NetworkConnectionToWebProcess::scheduleResourceLoad: (parentPID=29517, pageProxyID=4, webPageID=13, frameID=4294967298, resourceID=9, existingLoaderToResume=1)
   1.277 [com.apple.WebKit:Loading:4] 0x11908c370 - [webProcessIdentifier=5] NetworkConnectionToWebProcess::scheduleResourceLoad: Resuming existing NetworkResourceLoader
   1.308 [com.apple.WebKit:Loading:4] [webPageID=5] WebPage::close
   1.329 [com.apple.WebKit:Loading:4] 0x11908c240 - [webProcessIdentifier=3] NetworkConnectionToWebProcess::didClose: WebProcess closed its connection. Aborting related loaders.
   1.329 [com.apple.WebKit:Process:4] 0x119030190 - NetworkProcess::removeNetworkConnectionToWebProcess: Removing process 3
   1.435 [com.apple.WebKit:Layout:4] [pageID=13, frameID=4294967298, isMainFrame=1] LocalFrameView::fireLayoutRelatedMilestonesIfNeeded: Firing first visually non-empty layout milestone on the main frame
   1.435 [com.apple.WebKit:Layout:4] [webFrameID=4294967298, webPageID=13] WebLocalFrameLoaderClient::dispatchDidReachLayoutMilestone: dispatching DidReachLayoutMilestone (milestones=DidFirstVisuallyNonEmptyLayout)
   1.435 [com.apple.WebKit:Layout:4] [webFrameID=4294967298, webPageID=13] WebLocalFrameLoaderClient::dispatchDidReachLayoutMilestone: dispatching DidFirstVisuallyNonEmptyLayoutForFrame
   1.435 [com.apple.WebKit:Layout:4] [webFrameID=4294967298, webPageID=13] WebLocalFrameLoaderClient::completePageTransitionIfNeeded: dispatching didCompletePageTransition
   1.437 [com.apple.WebKit:Layout:4] [webFrameID=4294967298, webPageID=13] WebLocalFrameLoaderClient::dispatchDidReachLayoutMilestone: dispatching DidFirstLayoutForFrame
   1.437 [com.apple.WebKit:Layout:4] [webFrameID=4294967298, webPageID=13] WebLocalFrameLoaderClient::dispatchDidReachLayoutMilestone: dispatching DidReachLayoutMilestone (milestones=DidFirstLayout)
   1.453 [com.apple.WebKit:Layout:4] [webFrameID=4294967298, webPageID=13] WebLocalFrameLoaderClient::dispatchDidReachLayoutMilestone: dispatching DidReachLayoutMilestone (milestones=DidFirstMeaningfulPaint)
   1.466 TIGER title: allocbench
  31.248 Requesting GC because bytes allocated this cycle: 33565391 exceed bytes allowed: 33554432 normal bytes: 31968167 oversized bytes: 1597224 last oversized: 360651
  31.250 [GC<0x118400108>: START M 29158kb => EdenCollection, a=0kb hf=0.000 mu=0.600 v=0kb (C:0 M:0 P1:0) o=0 b=0 i#1:N<CsMsrShDMsm(0)> 3763+0 p=2.264968ms (max 2.264968)...]
  31.252 [GC<0x118400108>: M a=36kb hf=0.003 mu=0.598 v=373kb (C:232 M:0 P1:140) o=0 b=0 0+0 p=1.197429ms (max 2.264968)...]
  31.254 [GC<0x118400108>: M a=52kb hf=0.004 mu=0.598 v=963kb (C:510 M:0 P1:452) o=3 b=0 0+0 p=0.457493ms (max 2.264968)...]
  31.256 [GC<0x118400108>: M a=88kb hf=0.007 mu=0.596 v=1121kb (C:510 M:0 P1:610) o=3 b=0 0+0 p=0.256015ms (max 2.264968)...]
  31.267 [GC<0x118400108>: M a=112kb hf=0.009 mu=0.595 v=1268kb (C:510 M:0 P1:758) o=3 b=0 i#2:N<WsOJw>Pbc 2+0 v=1268kb (C:510 M:0 P1:758) o=3 b=0 i#3:P<WsOJwMsr>Pbc 1506+0 p=9.633810ms (max 9.633810)...]
  31.273 [GC<0x118400108>: M a=118kb hf=0.009 mu=0.595 v=1480kb (C:660 M:0 P1:820) o=3 b=0 i#4:P<MsrShCs> 195+0 v=1507kb (C:681 M:0 P1:826) o=3 b=0 i#5:P<MsrCsShDMsm(0)CbDomoWsOJw>Pbc => 2028kb, p=5.518167ms (max 9.633810), cycle 25.719853ms END]
  31.273 GC END!
  31.282 [GC<0x118400108>: epilogue 8.608638ms]
  31.656 Requesting GC because bytes allocated this cycle: 33724314 exceed bytes allowed: 33554432 normal bytes: 22831578 oversized bytes: 10892736 last oversized: 200000
  31.664 [GC<0x118400108>: START M 37355kb => EdenCollection, a=0kb hf=0.000 mu=0.600 v=0kb (C:0 M:0 P1:0) o=3 b=7 i#1:N<CsMsrShDMsm(14)> 11+14 v=1503kb (C:1502 M:0 P1:0) o=3 b=7 18988+4 p=8.277509ms (max 9.633810)...]
  31.669 [GC<0x118400108>: M a=195kb hf=0.015 mu=0.591 v=1503kb (C:1502 M:0 P1:0) o=3 b=0 i#2:N<WsOJw>Pbc 0+0 v=1503kb (C:1502 M:0 P1:0) o=3 b=0 i#3:P<OWsJw>Pbc 3+0 p=1.658527ms (max 9.633810)...]
  31.700 [GC<0x118400108>: M a=391kb hf=0.030 mu=0.582 v=5300kb (C:1579 M:0 P1:3720) o=3 b=1 i#4:P<JwOWsMsm(1)>Pbc 0+1 v=5300kb (C:1579 M:0 P1:3720) o=3 b=1 i#5:P<Cs> 3+0 v=5300kb (C:1579 M:0 P1:3720) o=3 b=1 i#6:P<CsMsm(0)ShMsrDCbDomoJwOWs>Pbc => 8702kb, p=1.780246ms (max 9.633810), cycle 44.468226ms END]
  31.700 GC END!
  31.700 [GC<0x118400108>: epilogue 0.099564ms]
  31.844 [GC<0x118400108>: START M 37710kb => FullCollection, a=0kb hf=0.000 mu=0.600 v=0kb (C:0 M:0 P1:0) o=0 b=7 i#1:N<CsMsrShDMsm(0)> 1450+0 p=2.330381ms (max 9.633810)...]
  31.847 [GC<0x118400108>: M a=0kb hf=0.000 mu=0.600 v=279kb (C:192 M:0 P1:87) o=3 b=0 i#2:N<WsOJw>Pbc 1+0 v=279kb (C:192 M:0 P1:87) o=3 b=0 i#3:P<WsJwOShMsrCsMsm(0)DCbDomo>Pbc => 560kb, p=2.033574ms (max 9.633810), cycle 5.158231ms END]
  31.847 GC END!
  31.847 [GC<0x118400108>: epilogue 0.160205ms]
  31.858 TIGER title: allocbench 27492
  60.554 TIGER-EXIT pid 0x734d
  60.554  thread 0x117 state-kr 0x0 pc 0x90009817 leaf mach_msg_trap+0x7 frames: 0x90009817 0x9004626a 0x2dff05
  60.575 TIGER-EXIT pid 0x7351
  60.576  thread 0xd03 state-kr 0x0 pc 0x10b6dfe4e leaf mach_msg_trap+0xa crashinfo 0x206 0x270 0x0 0xe03 0x3 0x7fff5fbff430 0x270 frames: 0x10b6dfe4e 0x10b69511d 0x100329acc 0x10b684c75 0x10b684a0c 0x100001c53 0x100001b61 0x3
