   0.468 2026-09-23 18:41:39.458 TigerBrowser2[1185] *** _NSAutoreleaseNoPool(): Object 0x7c09180 of class NSCFString autoreleased with no pool in place - just leaking
   0.670 ERROR: invalid option: JSC_fullGCTimerMaxDelay=10
   1.349 TIGER script: 
   2.202 TIGER-STACK main stack map entry 0x7fff5fbff000-0x7fff5fc00000, stack taken as 0x7fff5f400000-0x7fff5fc00000
   2.233 TIGER-STACK main stack map entry 0x7fff5fbff000-0x7fff5fc00000, stack taken as 0x7fff5f400000-0x7fff5fc00000
   2.236 Unknown logging channel: Loading
   2.236 Unknown logging channel: Layout
   2.273 Unknown logging channel: Loading
   2.273 Unknown logging channel: Layout
   2.313 [com.apple.WebKit:Process:4] getNetworkProcessConnection: Request connection for core identifier 3
   2.334 [com.apple.WebKit:Process:4] 0x119030190 - NetworkProcess::initializeNetworkProcess: Presenting processPID=1189
   2.348 [com.apple.WebKit:Process:4] 0x119030190 - NetworkProcess::createNetworkConnectionToWebProcess: Create connection for web process core identifier 3
   2.350 [com.apple.WebKit:Process:4] 0x119090240 - NetworkConnectionToWebProcess::NetworkConnectionToWebProcess: Create connection for web process core identifier 3
   2.356 [com.apple.WebKit:Process:4] 0x119090240 - NetworkConnectionToWebProcess::NetworkConnectionToWebProcess: Connection for web process core identifier 3 established service worker server connection
   2.357 [com.apple.WebKit:Process:4] 0x119090240 - NetworkConnectionToWebProcess::NetworkConnectionToWebProcess: Connection for web process core identifier 3 established shared worker connection
   2.357 [com.apple.WebKit:Process:4] 0x119030190 - NetworkProcess::createNetworkConnectionToWebProcess: Finished creating connection for web process core identifier 3, notifying the UI process
   2.512 [com.apple.WebKit:Process:4] 0x119030190 - NetworkProcess::createNetworkConnectionToWebProcess: Handed off connect for web process core identifier 3 to the UI process
   2.592 [GC<0x118400108>: starting 1.868436ms]
   2.746 [com.apple.WebKit:Process:4] 0x1190300c0 - [sessionID=1] WebProcess::initializeWebProcess: Presenting processPID=1185
   2.772 [com.apple.WebKit:Loading:4] 0x119118b80 - [webPageID=5] WebPage::constructor:
   2.853 [com.apple.WebKit:Loading:4] WebPreferencesStore: non-default preferences: UseGPUProcessForDOMRenderingEnabled=false, AcceleratedCompositingEnabled=false
   3.251 [com.apple.WebKit:Layout:4] [webFrameID=4294967297, webPageID=5] WebLocalFrameLoaderClient::completePageTransitionIfNeeded: dispatching didCompletePageTransition
   3.299 [com.apple.WebKit:Loading:4] [webPageID=5] WebPage::loadRequest: navigationID=11, shouldTreatAsContinuingLoad=0, lastNavigationWasAppInitiated=1, existingNetworkResourceLoadIdentifierToResume=0
   3.385 [com.apple.WebKit:Loading:4] [pageID=5, frameID=4294967297] PolicyChecker::checkNavigationPolicy: continuing because this policyAction from dispatchDecidePolicyForNavigationAction is Use
   3.425 [com.apple.WebKit:Loading:4] 0x119090240 - [webProcessIdentifier=3] NetworkConnectionToWebProcess::scheduleResourceLoad: (parentPID=1185, pageProxyID=4, webPageID=5, frameID=4294967297, resourceID=9, existingLoaderToResume=0)
   3.425 [com.apple.WebKit:Loading:4] 0x119090240 - [webProcessIdentifier=3] NetworkConnectionToWebProcess::scheduleResourceLoad: Deferring resource load until service worker registrations for origin are imported
   3.429 [com.apple.WebKit:Loading:4] 0x119090240 - [webProcessIdentifier=3] NetworkConnectionToWebProcess::scheduleResourceLoad: (parentPID=1185, pageProxyID=4, webPageID=5, frameID=4294967297, resourceID=9, existingLoaderToResume=0)
   3.429 [com.apple.WebKit:Loading:4] 0x119090240 - [webProcessIdentifier=3] NetworkConnectionToWebProcess::resolveBlobReferences: (parentPID=1185, pageProxyID=4, webPageID=5, frameID=4294967297, resourceID=9)
   3.539 [com.apple.WebKit:Layout:4] [webFrameID=4294967297, webPageID=5] WebLocalFrameLoaderClient::completePageTransitionIfNeeded: dispatching didCompletePageTransition
   3.926 Unknown logging channel: Loading
   3.926 Unknown logging channel: Layout
   3.928 [com.apple.WebKit:Process:4] getNetworkProcessConnection: Request connection for core identifier 5
   3.929 [com.apple.WebKit:Process:4] 0x119030190 - NetworkProcess::createNetworkConnectionToWebProcess: Create connection for web process core identifier 5
   3.929 [com.apple.WebKit:Process:4] 0x119104700 - NetworkConnectionToWebProcess::NetworkConnectionToWebProcess: Create connection for web process core identifier 5
   3.930 [com.apple.WebKit:Process:4] 0x119104700 - NetworkConnectionToWebProcess::NetworkConnectionToWebProcess: Connection for web process core identifier 5 established service worker server connection
   3.930 [com.apple.WebKit:Process:4] 0x119104700 - NetworkConnectionToWebProcess::NetworkConnectionToWebProcess: Connection for web process core identifier 5 established shared worker connection
   3.930 [com.apple.WebKit:Process:4] 0x119030190 - NetworkProcess::createNetworkConnectionToWebProcess: Finished creating connection for web process core identifier 5, notifying the UI process
   3.930 [com.apple.WebKit:Process:4] 0x119030190 - NetworkProcess::createNetworkConnectionToWebProcess: Handed off connect for web process core identifier 5 to the UI process
   3.935 [GC<0x118400108>: starting 0.111689ms]
   3.977 [com.apple.WebKit:Process:4] 0x1190300c0 - [sessionID=1] WebProcess::initializeWebProcess: Presenting processPID=1185
   3.980 [com.apple.WebKit:Loading:4] 0x119110b80 - [webPageID=13] WebPage::constructor:
   3.984 [com.apple.WebKit:Loading:4] WebPreferencesStore: non-default preferences: UseGPUProcessForDOMRenderingEnabled=false, AcceleratedCompositingEnabled=false
   4.017 [com.apple.WebKit:Layout:4] [webFrameID=4294967298, webPageID=13] WebLocalFrameLoaderClient::completePageTransitionIfNeeded: dispatching didCompletePageTransition
   4.021 [com.apple.WebKit:Loading:4] [webPageID=13] WebPage::loadRequest: navigationID=11, shouldTreatAsContinuingLoad=2, lastNavigationWasAppInitiated=1, existingNetworkResourceLoadIdentifierToResume=1
   4.024 [com.apple.WebKit:Loading:4] 0x119104700 - [webProcessIdentifier=5] NetworkConnectionToWebProcess::scheduleResourceLoad: (parentPID=1185, pageProxyID=4, webPageID=13, frameID=4294967298, resourceID=9, existingLoaderToResume=1)
   4.024 [com.apple.WebKit:Loading:4] 0x119104700 - [webProcessIdentifier=5] NetworkConnectionToWebProcess::scheduleResourceLoad: Resuming existing NetworkResourceLoader
   4.101 [com.apple.WebKit:Loading:4] [webPageID=5] WebPage::close
   4.155 [com.apple.WebKit:Loading:4] 0x119090240 - [webProcessIdentifier=3] NetworkConnectionToWebProcess::didClose: WebProcess closed its connection. Aborting related loaders.
   4.155 [com.apple.WebKit:Process:4] 0x119030190 - NetworkProcess::removeNetworkConnectionToWebProcess: Removing process 3
   4.487 [com.apple.WebKit:Layout:4] [pageID=13, frameID=4294967298, isMainFrame=1] LocalFrameView::fireLayoutRelatedMilestonesIfNeeded: Firing first visually non-empty layout milestone on the main frame
   4.487 [com.apple.WebKit:Layout:4] [webFrameID=4294967298, webPageID=13] WebLocalFrameLoaderClient::dispatchDidReachLayoutMilestone: dispatching DidReachLayoutMilestone (milestones=DidFirstVisuallyNonEmptyLayout)
   4.487 [com.apple.WebKit:Layout:4] [webFrameID=4294967298, webPageID=13] WebLocalFrameLoaderClient::dispatchDidReachLayoutMilestone: dispatching DidFirstVisuallyNonEmptyLayoutForFrame
   4.487 [com.apple.WebKit:Layout:4] [webFrameID=4294967298, webPageID=13] WebLocalFrameLoaderClient::completePageTransitionIfNeeded: dispatching didCompletePageTransition
   4.517 [com.apple.WebKit:Layout:4] [webFrameID=4294967298, webPageID=13] WebLocalFrameLoaderClient::dispatchDidReachLayoutMilestone: dispatching DidFirstLayoutForFrame
   4.517 [com.apple.WebKit:Layout:4] [webFrameID=4294967298, webPageID=13] WebLocalFrameLoaderClient::dispatchDidReachLayoutMilestone: dispatching DidReachLayoutMilestone (milestones=DidFirstLayout)
   4.581 [com.apple.WebKit:Layout:4] [webFrameID=4294967298, webPageID=13] WebLocalFrameLoaderClient::dispatchDidReachLayoutMilestone: dispatching DidReachLayoutMilestone (milestones=DidFirstMeaningfulPaint)
   6.981 Requesting GC because bytes allocated this cycle: 120004962 exceed bytes allowed: 33554432 normal bytes: 80004946 oversized bytes: 40000016 last oversized: 40000016
   6.996 [GC<0x118400108>: START M 119046kb => EdenCollection, a=0kb hf=0.000 mu=0.600 v=0kb (C:0 M:0 P1:0) o=0 b=0 i#1:N<CsMsrShDMsm(0)> 9+0 p=13.437671ms (max 13.437671)...]
   6.999 [GC<0x118400108>: M a=157kb hf=0.003 mu=0.598 v=39116kb (C:39075 M:0 P1:41) o=0 b=0 0+0 p=1.056266ms (max 13.437671)...]
   7.004 [GC<0x118400108>: M a=754kb hf=0.016 mu=0.590 v=41170kb (C:39075 M:0 P1:2083) o=3 b=1 0+1 p=3.000531ms (max 13.437671)...]
   7.008 [GC<0x118400108>: M a=754kb hf=0.016 mu=0.590 v=42488kb (C:39075 M:0 P1:3408) o=3 b=0 0+1 p=2.166973ms (max 13.437671)...]
   7.010 [GC<0x118400108>: M a=754kb hf=0.016 mu=0.590 v=44519kb (C:39075 M:0 P1:5438) o=3 b=0 0+1 p=0.626100ms (max 13.437671)...]
   7.016 [GC<0x118400108>: M a=754kb hf=0.016 mu=0.590 v=46806kb (C:39075 M:0 P1:7713) o=3 b=0 0+1 p=2.070567ms (max 13.437671)...]
   7.020 [GC<0x118400108>: M a=754kb hf=0.016 mu=0.590 v=48916kb (C:39075 M:0 P1:9830) o=3 b=0 0+1 p=0.656552ms (max 13.437671)...]
   7.024 [GC<0x118400108>: M a=754kb hf=0.016 mu=0.590 v=51064kb (C:39075 M:0 P1:11975) o=3 b=0 0+1 p=0.763529ms (max 13.437671)...]
   7.026 [GC<0x118400108>: M a=754kb hf=0.016 mu=0.590 v=53312kb (C:39075 M:0 P1:14224) o=3 b=0 0+1 p=0.632656ms (max 13.437671)...]
   7.030 [GC<0x118400108>: M a=754kb hf=0.016 mu=0.590 v=55470kb (C:39075 M:0 P1:16389) o=3 b=0 0+1 p=0.678040ms (max 13.437671)...]
   7.034 [GC<0x118400108>: M a=754kb hf=0.016 mu=0.590 v=57384kb (C:39075 M:0 P1:18303) o=3 b=0 0+1 p=0.636416ms (max 13.437671)...]
   7.038 [GC<0x118400108>: M a=754kb hf=0.016 mu=0.590 v=59506kb (C:39075 M:0 P1:20423) o=3 b=0 0+1 p=0.681790ms (max 13.437671)...]
   7.042 [GC<0x118400108>: M a=754kb hf=0.016 mu=0.590 v=61727kb (C:39075 M:0 P1:22640) o=3 b=0 0+1 p=0.641328ms (max 13.437671)...]
   7.051 [GC<0x118400108>: M a=754kb hf=0.016 mu=0.590 v=66552kb (C:39075 M:0 P1:27463) o=3 b=0 0+1 p=5.596658ms (max 13.437671)...]
   7.057 [GC<0x118400108>: M a=1146kb hf=0.024 mu=0.585 v=69204kb (C:39075 M:0 P1:30115) o=3 b=0 0+1 p=0.935048ms (max 13.437671)...]
   7.060 [GC<0x118400108>: M a=1602kb hf=0.034 mu=0.579 v=69973kb (C:39075 M:0 P1:30887) o=3 b=0 0+1 p=0.441334ms (max 13.437671)...]
   7.062 [GC<0x118400108>: M a=1602kb hf=0.034 mu=0.579 v=70886kb (C:39075 M:0 P1:31801) o=3 b=0 0+1 p=0.617003ms (max 13.437671)...]
   7.064 [GC<0x118400108>: M a=1602kb hf=0.034 mu=0.579 v=71385kb (C:39075 M:0 P1:32300) o=3 b=0 0+1 p=0.607268ms (max 13.437671)...]
   7.066 [GC<0x118400108>: M a=1602kb hf=0.034 mu=0.579 v=72044kb (C:39075 M:0 P1:32959) o=3 b=0 0+1 p=0.620471ms (max 13.437671)...]
   7.068 [GC<0x118400108>: M a=1602kb hf=0.034 mu=0.579 v=72626kb (C:39075 M:0 P1:33543) o=3 b=0 0+1 p=0.615143ms (max 13.437671)...]
   7.070 [GC<0x118400108>: M a=1602kb hf=0.034 mu=0.579 v=73543kb (C:39075 M:0 P1:34464) o=3 b=0 0+1 p=0.603464ms (max 13.437671)...]
   7.072 [GC<0x118400108>: M a=1602kb hf=0.034 mu=0.579 v=74529kb (C:39075 M:0 P1:35444) o=3 b=0 0+1 p=0.619760ms (max 13.437671)...]
   7.074 [GC<0x118400108>: M a=1602kb hf=0.034 mu=0.579 v=75673kb (C:39075 M:0 P1:36592) o=3 b=0 0+1 p=0.653293ms (max 13.437671)...]
   7.076 [GC<0x118400108>: M a=1602kb hf=0.034 mu=0.579 v=76801kb (C:39075 M:0 P1:37702) o=3 b=0 0+1 p=0.691243ms (max 13.437671)...]
   7.078 [GC<0x118400108>: M a=1602kb hf=0.034 mu=0.579 v=77926kb (C:39075 M:0 P1:38843) o=3 b=0 0+1 p=0.662216ms (max 13.437671)...]
   7.080 [GC<0x118400108>: M a=1602kb hf=0.034 mu=0.579 v=79057kb (C:39075 M:0 P1:39973) o=3 b=0 0+1 p=0.669293ms (max 13.437671)...]
   7.082 [GC<0x118400108>: M a=1602kb hf=0.034 mu=0.579 v=80161kb (C:39075 M:0 P1:41083) o=3 b=0 0+1 p=0.671028ms (max 13.437671)...]
   7.084 [GC<0x118400108>: M a=1602kb hf=0.034 mu=0.579 v=81371kb (C:39075 M:0 P1:42283) o=3 b=0 0+1 p=0.751519ms (max 13.437671)...]
   7.086 [GC<0x118400108>: M a=1602kb hf=0.034 mu=0.579 v=82473kb (C:39075 M:0 P1:43390) o=3 b=0 0+1 p=0.603052ms (max 13.437671)...]
   7.088 [GC<0x118400108>: M a=1602kb hf=0.034 mu=0.579 v=83642kb (C:39075 M:0 P1:44558) o=3 b=0 0+1 p=0.610727ms (max 13.437671)...]
   7.090 [GC<0x118400108>: M a=1602kb hf=0.034 mu=0.579 v=84943kb (C:39075 M:0 P1:45862) o=3 b=0 0+1 p=0.816647ms (max 13.437671)...]
   7.092 [GC<0x118400108>: M a=1602kb hf=0.034 mu=0.579 v=86018kb (C:39075 M:0 P1:46935) o=3 b=0 0+1 p=0.603940ms (max 13.437671)...]
   7.094 [GC<0x118400108>: M a=1602kb hf=0.034 mu=0.579 v=87109kb (C:39075 M:0 P1:48026) o=3 b=0 0+1 p=0.606526ms (max 13.437671)...]
   7.096 [GC<0x118400108>: M a=1602kb hf=0.034 mu=0.579 v=88194kb (C:39075 M:0 P1:49119) o=3 b=0 0+1 p=0.602261ms (max 13.437671)...]
   7.098 [GC<0x118400108>: M a=1602kb hf=0.034 mu=0.579 v=89290kb (C:39075 M:0 P1:50206) o=3 b=0 0+1 p=0.605117ms (max 13.437671)...]
   7.100 [GC<0x118400108>: M a=1602kb hf=0.034 mu=0.579 v=90337kb (C:39075 M:0 P1:51254) o=3 b=0 0+1 p=0.602281ms (max 13.437671)...]
   7.102 [GC<0x118400108>: M a=1602kb hf=0.034 mu=0.579 v=91410kb (C:39075 M:0 P1:52328) o=3 b=0 0+1 p=0.674421ms (max 13.437671)...]
   7.104 [GC<0x118400108>: M a=1602kb hf=0.034 mu=0.579 v=92545kb (C:39075 M:0 P1:53463) o=3 b=0 0+1 p=0.659970ms (max 13.437671)...]
   7.106 [GC<0x118400108>: M a=1602kb hf=0.034 mu=0.579 v=93668kb (C:39075 M:0 P1:54589) o=3 b=0 0+1 p=0.674963ms (max 13.437671)...]
   7.108 [GC<0x118400108>: M a=1602kb hf=0.034 mu=0.579 v=94693kb (C:39075 M:0 P1:55609) o=3 b=0 0+1 p=0.669649ms (max 13.437671)...]
   7.110 [GC<0x118400108>: M a=1602kb hf=0.034 mu=0.579 v=95820kb (C:39075 M:0 P1:56742) o=3 b=0 0+1 p=0.676782ms (max 13.437671)...]
   7.112 [GC<0x118400108>: M a=1602kb hf=0.034 mu=0.579 v=96938kb (C:39075 M:0 P1:57854) o=3 b=0 0+1 p=0.676105ms (max 13.437671)...]
   7.114 [GC<0x118400108>: M a=1602kb hf=0.034 mu=0.579 v=98139kb (C:39075 M:0 P1:59057) o=3 b=0 0+1 p=0.612817ms (max 13.437671)...]
   7.117 [GC<0x118400108>: M a=1602kb hf=0.034 mu=0.579 v=98932kb (C:39075 M:0 P1:59856) o=3 b=0 0+1 p=1.069935ms (max 13.437671)...]
   7.118 [GC<0x118400108>: M a=1602kb hf=0.034 mu=0.579 v=99502kb (C:39075 M:0 P1:60426) o=3 b=0 0+1 p=0.628712ms (max 13.437671)...]
   7.120 [GC<0x118400108>: M a=1602kb hf=0.034 mu=0.579 v=99988kb (C:39075 M:0 P1:60913) o=3 b=0 0+1 p=0.591955ms (max 13.437671)...]
   7.122 [GC<0x118400108>: M a=1602kb hf=0.034 mu=0.579 v=100314kb (C:39075 M:0 P1:61239) o=3 b=0 0+1 p=0.596080ms (max 13.437671)...]
   7.124 [GC<0x118400108>: M a=1602kb hf=0.034 mu=0.579 v=100601kb (C:39075 M:0 P1:61526) o=3 b=0 0+1 p=0.620942ms (max 13.437671)...]
   7.126 [GC<0x118400108>: M a=1602kb hf=0.034 mu=0.579 v=101175kb (C:39075 M:0 P1:62100) o=3 b=0 0+1 p=0.585594ms (max 13.437671)...]
   7.128 [GC<0x118400108>: M a=1602kb hf=0.034 mu=0.579 v=101668kb (C:39075 M:0 P1:62592) o=3 b=0 0+1 p=0.673439ms (max 13.437671)...]
   7.130 [GC<0x118400108>: M a=1602kb hf=0.034 mu=0.579 v=102252kb (C:39075 M:0 P1:63177) o=3 b=0 0+1 p=1.057028ms (max 13.437671)...]
   7.132 [GC<0x118400108>: M a=1602kb hf=0.034 mu=0.579 v=102800kb (C:39075 M:0 P1:63725) o=3 b=0 0+1 p=0.593359ms (max 13.437671)...]
   7.134 [GC<0x118400108>: M a=1602kb hf=0.034 mu=0.579 v=103301kb (C:39075 M:0 P1:64225) o=3 b=0 0+1 p=0.587338ms (max 13.437671)...]
   7.202 [GC<0x118400108>: M a=1602kb hf=0.034 mu=0.579 v=103866kb (C:39075 M:0 P1:64790) o=3 b=0 0+1 v=118809kb (C:39075 M:0 P1:79734) o=3 b=0 0+1 p=66.796961ms (max 66.796961)...]
   7.204 [GC<0x118400108>: M a=1602kb hf=0.034 mu=0.579 v=118809kb (C:39075 M:0 P1:79734) o=3 b=0 0+1 p=0.600983ms (max 66.796961)...]
   7.206 [GC<0x118400108>: M a=1617kb hf=0.035 mu=0.579 v=118809kb (C:39075 M:0 P1:79734) o=3 b=0 0+1 p=0.702050ms (max 66.796961)...]
   7.208 [GC<0x118400108>: M a=1617kb hf=0.035 mu=0.579 v=118809kb (C:39075 M:0 P1:79734) o=3 b=0 110+1 p=0.662216ms (max 66.796961)...]
   7.211 [GC<0x118400108>: M a=1994kb hf=0.043 mu=0.574 v=118809kb (C:39075 M:0 P1:79734) o=3 b=0 0+1 p=0.614616ms (max 66.796961)...]
   7.213 [GC<0x118400108>: M a=1994kb hf=0.043 mu=0.574 v=118809kb (C:39075 M:0 P1:79734) o=3 b=0 0+1 p=1.011835ms (max 66.796961)...]
   7.217 [GC<0x118400108>: M a=2387kb hf=0.051 mu=0.569 v=118809kb (C:39075 M:0 P1:79734) o=3 b=0 0+1 p=0.638290ms (max 66.796961)...]
   7.219 [GC<0x118400108>: M a=2387kb hf=0.051 mu=0.569 v=118809kb (C:39075 M:0 P1:79734) o=3 b=0 0+1 p=0.606411ms (max 66.796961)...]
   7.220 [GC<0x118400108>: M a=2387kb hf=0.051 mu=0.569 v=118809kb (C:39075 M:0 P1:79734) o=3 b=0 0+1 p=0.591965ms (max 66.796961)...]
   7.222 [GC<0x118400108>: M a=2387kb hf=0.051 mu=0.569 v=118809kb (C:39075 M:0 P1:79734) o=3 b=0 0+1 p=0.625695ms (max 66.796961)...]
   7.224 [GC<0x118400108>: M a=2387kb hf=0.051 mu=0.569 v=118809kb (C:39075 M:0 P1:79734) o=3 b=0 310+1 p=0.679058ms (max 66.796961)...]
   7.226 [GC<0x118400108>: M a=2387kb hf=0.051 mu=0.569 v=118809kb (C:39075 M:0 P1:79734) o=3 b=0 210+1 p=0.679229ms (max 66.796961)...]
   7.228 [GC<0x118400108>: M a=2418kb hf=0.052 mu=0.569 v=118809kb (C:39075 M:0 P1:79734) o=3 b=0 0+1 p=0.728240ms (max 66.796961)...]
   7.230 [GC<0x118400108>: M a=2418kb hf=0.052 mu=0.569 v=118809kb (C:39075 M:0 P1:79734) o=3 b=0 410+1 p=0.648868ms (max 66.796961)...]
   7.232 [GC<0x118400108>: M a=2418kb hf=0.052 mu=0.569 v=118809kb (C:39075 M:0 P1:79734) o=3 b=0 10+1 p=0.690045ms (max 66.796961)...]
   7.235 [GC<0x118400108>: M a=2779kb hf=0.059 mu=0.564 v=118809kb (C:39075 M:0 P1:79734) o=3 b=0 0+1 p=0.623885ms (max 66.796961)...]
   7.237 [GC<0x118400108>: M a=2779kb hf=0.059 mu=0.564 v=118809kb (C:39075 M:0 P1:79734) o=3 b=0 0+1 p=0.600842ms (max 66.796961)...]
   7.239 [GC<0x118400108>: M a=2779kb hf=0.059 mu=0.564 v=118809kb (C:39075 M:0 P1:79734) o=3 b=0 0+1 p=0.588080ms (max 66.796961)...]
   7.241 [GC<0x118400108>: M a=2779kb hf=0.059 mu=0.564 v=118809kb (C:39075 M:0 P1:79734) o=3 b=0 0+1 p=0.622601ms (max 66.796961)...]
   7.243 [GC<0x118400108>: M a=2779kb hf=0.059 mu=0.564 v=118809kb (C:39075 M:0 P1:79734) o=3 b=0 0+1 p=1.247333ms (max 66.796961)...]
   7.247 [GC<0x118400108>: M a=2968kb hf=0.063 mu=0.562 v=118809kb (C:39075 M:0 P1:79734) o=3 b=0 0+1 p=1.165915ms (max 66.796961)...]
   7.249 [GC<0x118400108>: M a=2968kb hf=0.063 mu=0.562 v=118809kb (C:39075 M:0 P1:79734) o=3 b=0 0+1 p=0.582621ms (max 66.796961)...]
   7.253 [GC<0x118400108>: M a=3172kb hf=0.068 mu=0.559 v=118809kb (C:39075 M:0 P1:79734) o=3 b=0 0+1 p=0.615028ms (max 66.796961)...]
   7.255 [GC<0x118400108>: M a=3172kb hf=0.068 mu=0.559 v=118809kb (C:39075 M:0 P1:79734) o=3 b=0 0+1 p=0.600502ms (max 66.796961)...]
   7.256 [GC<0x118400108>: M a=3172kb hf=0.068 mu=0.559 v=118809kb (C:39075 M:0 P1:79734) o=3 b=0 0+1 p=0.608406ms (max 66.796961)...]
   7.259 [GC<0x118400108>: M a=3172kb hf=0.068 mu=0.559 v=118809kb (C:39075 M:0 P1:79734) o=3 b=0 0+1 p=0.597083ms (max 66.796961)...]
   7.261 [GC<0x118400108>: M a=3172kb hf=0.068 mu=0.559 v=118809kb (C:39075 M:0 P1:79734) o=3 b=0 0+1 p=0.600481ms (max 66.796961)...]
   7.263 [GC<0x118400108>: M a=3172kb hf=0.068 mu=0.559 v=118809kb (C:39075 M:0 P1:79734) o=3 b=0 0+1 p=0.594492ms (max 66.796961)...]
   7.272 [GC<0x118400108>: M a=3172kb hf=0.068 mu=0.559 v=118809kb (C:39075 M:0 P1:79734) o=3 b=0 0+1 p=0.680793ms (max 66.796961)...]
   7.278 [GC<0x118400108>: M a=3172kb hf=0.068 mu=0.559 v=118809kb (C:39075 M:0 P1:79734) o=3 b=0 210+1 p=1.252511ms (max 66.796961)...]
   7.280 [GC<0x118400108>: M a=3172kb hf=0.068 mu=0.559 v=118809kb (C:39075 M:0 P1:79734) o=3 b=0 410+1 p=0.668396ms (max 66.796961)...]
   7.282 [GC<0x118400108>: M a=3172kb hf=0.068 mu=0.559 v=118809kb (C:39075 M:0 P1:79734) o=3 b=0 110+1 p=0.580601ms (max 66.796961)...]
   7.284 [GC<0x118400108>: M a=3172kb hf=0.068 mu=0.559 v=118809kb (C:39075 M:0 P1:79734) o=3 b=0 110+1 p=0.665133ms (max 66.796961)...]
   7.286 [GC<0x118400108>: M a=3172kb hf=0.068 mu=0.559 v=118809kb (C:39075 M:0 P1:79734) o=3 b=0 110+1 p=0.706101ms (max 66.796961)...]
   7.288 [GC<0x118400108>: M a=3172kb hf=0.068 mu=0.559 v=118809kb (C:39075 M:0 P1:79734) o=3 b=0 110+1 p=0.653393ms (max 66.796961)...]
   7.290 [GC<0x118400108>: M a=3172kb hf=0.068 mu=0.559 v=118809kb (C:39075 M:0 P1:79734) o=3 b=0 110+1 p=0.795178ms (max 66.796961)...]
   7.292 [GC<0x118400108>: M a=3172kb hf=0.068 mu=0.559 v=118809kb (C:39075 M:0 P1:79734) o=3 b=0 110+1 p=0.589233ms (max 66.796961)...]
   7.294 [GC<0x118400108>: M a=3172kb hf=0.068 mu=0.559 v=118809kb (C:39075 M:0 P1:79734) o=3 b=0 110+1 p=0.602280ms (max 66.796961)...]
   7.296 [GC<0x118400108>: M a=3172kb hf=0.068 mu=0.559 v=118809kb (C:39075 M:0 P1:79734) o=3 b=0 110+1 p=0.613083ms (max 66.796961)...]
   7.299 [GC<0x118400108>: M a=3565kb hf=0.076 mu=0.554 v=118809kb (C:39075 M:0 P1:79734) o=3 b=0 0+1 p=0.778616ms (max 66.796961)...]
   7.302 [GC<0x118400108>: M a=3894kb hf=0.083 mu=0.550 v=118809kb (C:39075 M:0 P1:79734) o=3 b=0 0+1 p=0.633975ms (max 66.796961)...]
   7.304 [GC<0x118400108>: M a=3894kb hf=0.083 mu=0.550 v=118809kb (C:39075 M:0 P1:79734) o=3 b=0 410+1 p=0.677865ms (max 66.796961)...]
   7.306 [GC<0x118400108>: M a=3926kb hf=0.084 mu=0.550 v=118809kb (C:39075 M:0 P1:79734) o=3 b=0 0+1 p=0.764401ms (max 66.796961)...]
   7.309 [GC<0x118400108>: M a=3926kb hf=0.084 mu=0.550 v=118809kb (C:39075 M:0 P1:79734) o=3 b=0 410+1 p=1.181398ms (max 66.796961)...]
   7.310 [GC<0x118400108>: M a=3926kb hf=0.084 mu=0.550 v=118809kb (C:39075 M:0 P1:79734) o=3 b=0 410+1 p=0.602692ms (max 66.796961)...]
   7.312 [GC<0x118400108>: M a=3926kb hf=0.084 mu=0.550 v=118809kb (C:39075 M:0 P1:79734) o=3 b=0 410+1 p=0.594436ms (max 66.796961)...]
   7.314 [GC<0x118400108>: M a=3926kb hf=0.084 mu=0.550 v=118809kb (C:39075 M:0 P1:79734) o=3 b=0 410+1 p=0.613498ms (max 66.796961)...]
   7.316 [GC<0x118400108>: M a=3926kb hf=0.084 mu=0.550 v=118809kb (C:39075 M:0 P1:79734) o=3 b=0 0+1 p=0.776476ms (max 66.796961)...]
   7.318 [GC<0x118400108>: M a=3926kb hf=0.084 mu=0.550 v=118809kb (C:39075 M:0 P1:79734) o=3 b=0 410+1 p=0.769438ms (max 66.796961)...]
   7.320 [GC<0x118400108>: M a=3926kb hf=0.084 mu=0.550 v=118809kb (C:39075 M:0 P1:79734) o=3 b=0 10+1 p=0.864842ms (max 66.796961)...]
   7.322 [GC<0x118400108>: M a=4114kb hf=0.088 mu=0.547 v=118809kb (C:39075 M:0 P1:79734) o=3 b=0 0+1 p=0.813634ms (max 66.796961)...]
   7.325 [GC<0x118400108>: M a=4114kb hf=0.088 mu=0.547 v=118809kb (C:39075 M:0 P1:79734) o=3 b=0 410+1 p=0.298105ms (max 66.796961)...]
   7.326 [GC<0x118400108>: M a=4271kb hf=0.091 mu=0.545 v=118809kb (C:39075 M:0 P1:79734) o=3 b=0 0+1 p=0.783263ms (max 66.796961)...]
   7.328 [GC<0x118400108>: M a=4522kb hf=0.096 mu=0.542 v=118809kb (C:39075 M:0 P1:79734) o=3 b=0 0+1 p=0.808321ms (max 66.796961)...]
   7.330 [GC<0x118400108>: M a=4522kb hf=0.096 mu=0.542 v=118809kb (C:39075 M:0 P1:79734) o=3 b=0 0+1 p=0.598226ms (max 66.796961)...]
   7.332 [GC<0x118400108>: M a=4554kb hf=0.097 mu=0.542 v=118809kb (C:39075 M:0 P1:79734) o=3 b=0 0+1 p=0.782135ms (max 66.796961)...]
   7.334 [GC<0x118400108>: M a=4554kb hf=0.097 mu=0.542 v=118809kb (C:39075 M:0 P1:79734) o=3 b=0 410+1 p=0.693043ms (max 66.796961)...]
   7.336 [GC<0x118400108>: M a=4554kb hf=0.097 mu=0.542 v=118809kb (C:39075 M:0 P1:79734) o=3 b=0 210+1 p=0.780296ms (max 66.796961)...]
   7.339 [GC<0x118400108>: M a=4554kb hf=0.097 mu=0.542 v=118809kb (C:39075 M:0 P1:79734) o=3 b=0 410+1 p=1.694862ms (max 66.796961)...]
   7.343 [GC<0x118400108>: M a=4915kb hf=0.105 mu=0.537 v=118809kb (C:39075 M:0 P1:79734) o=3 b=0 0+1 p=0.623865ms (max 66.796961)...]
   7.345 [GC<0x118400108>: M a=4915kb hf=0.105 mu=0.537 v=118809kb (C:39075 M:0 P1:79734) o=3 b=0 0+1 p=0.600862ms (max 66.796961)...]
   7.346 [GC<0x118400108>: M a=5088kb hf=0.109 mu=0.535 v=118809kb (C:39075 M:0 P1:79734) o=3 b=0 0+1 p=0.806822ms (max 66.796961)...]
   7.349 [GC<0x118400108>: M a=5308kb hf=0.113 mu=0.532 v=118809kb (C:39075 M:0 P1:79734) o=3 b=0 0+1 p=0.610842ms (max 66.796961)...]
   7.350 [GC<0x118400108>: M a=5308kb hf=0.113 mu=0.532 v=118809kb (C:39075 M:0 P1:79734) o=3 b=0 0+1 p=0.600682ms (max 66.796961)...]
   7.352 [GC<0x118400108>: M a=5308kb hf=0.113 mu=0.532 v=118809kb (C:39075 M:0 P1:79734) o=3 b=0 0+1 p=0.716877ms (max 66.796961)...]
   7.354 [GC<0x118400108>: M a=5308kb hf=0.113 mu=0.532 v=118809kb (C:39075 M:0 P1:79734) o=3 b=0 10+1 p=0.777634ms (max 66.796961)...]
   7.356 [GC<0x118400108>: M a=5308kb hf=0.113 mu=0.532 v=118809kb (C:39075 M:0 P1:79734) o=3 b=0 410+1 p=0.652326ms (max 66.796961)...]
   7.358 [GC<0x118400108>: M a=5308kb hf=0.113 mu=0.532 v=118809kb (C:39075 M:0 P1:79734) o=3 b=0 10+1 p=0.681654ms (max 66.796961)...]
   7.360 [GC<0x118400108>: M a=5308kb hf=0.113 mu=0.532 v=118809kb (C:39075 M:0 P1:79734) o=3 b=0 410+1 p=0.759519ms (max 66.796961)...]
   7.362 [GC<0x118400108>: M a=5355kb hf=0.114 mu=0.531 v=118809kb (C:39075 M:0 P1:79734) o=3 b=0 0+1 p=0.809710ms (max 66.796961)...]
   7.365 [GC<0x118400108>: M a=5433kb hf=0.116 mu=0.530 v=118809kb (C:39075 M:0 P1:79734) o=3 b=0 0+1 p=0.607559ms (max 66.796961)...]
   7.367 [GC<0x118400108>: M a=5433kb hf=0.116 mu=0.530 v=118809kb (C:39075 M:0 P1:79734) o=3 b=0 0+1 p=0.593173ms (max 66.796961)...]
   7.368 [GC<0x118400108>: M a=5433kb hf=0.116 mu=0.530 v=118809kb (C:39075 M:0 P1:79734) o=3 b=0 0+1 p=0.380326ms (max 66.796961)...]
   7.370 [GC<0x118400108>: M a=5433kb hf=0.116 mu=0.530 v=118809kb (C:39075 M:0 P1:79734) o=3 b=0 410+1 p=0.819840ms (max 66.796961)...]
   7.372 [GC<0x118400108>: M a=5433kb hf=0.116 mu=0.530 v=118809kb (C:39075 M:0 P1:79734) o=3 b=0 10+1 p=0.787689ms (max 66.796961)...]
   7.374 [GC<0x118400108>: M a=5480kb hf=0.117 mu=0.530 v=118809kb (C:39075 M:0 P1:79734) o=3 b=0 0+1 p=0.804942ms (max 66.796961)...]
   7.376 [GC<0x118400108>: M a=5590kb hf=0.119 mu=0.528 v=118809kb (C:39075 M:0 P1:79734) o=3 b=0 0+1 p=0.802361ms (max 66.796961)...]
   7.379 [GC<0x118400108>: M a=5700kb hf=0.122 mu=0.527 v=118809kb (C:39075 M:0 P1:79734) o=3 b=0 0+1 p=0.614116ms (max 66.796961)...]
   7.381 [GC<0x118400108>: M a=5700kb hf=0.122 mu=0.527 v=118809kb (C:39075 M:0 P1:79734) o=3 b=0 0+1 p=0.600742ms (max 66.796961)...]
   7.382 [GC<0x118400108>: M a=5779kb hf=0.123 mu=0.526 v=118809kb (C:39075 M:0 P1:79734) o=3 b=0 0+1 p=0.829684ms (max 66.796961)...]
   7.384 [GC<0x118400108>: M a=5873kb hf=0.125 mu=0.525 v=118809kb (C:39075 M:0 P1:79734) o=3 b=0 0+1 p=0.789584ms (max 66.796961)...]
   7.386 [GC<0x118400108>: M a=5873kb hf=0.125 mu=0.525 v=118809kb (C:39075 M:0 P1:79734) o=3 b=0 410+1 p=0.705409ms (max 66.796961)...]
   7.388 [GC<0x118400108>: M a=5873kb hf=0.125 mu=0.525 v=118809kb (C:39075 M:0 P1:79734) o=3 b=0 10+1 p=0.738341ms (max 66.796961)...]
   7.390 [GC<0x118400108>: M a=5873kb hf=0.125 mu=0.525 v=118809kb (C:39075 M:0 P1:79734) o=3 b=0 310+1 p=0.781805ms (max 66.796961)...]
   7.392 [GC<0x118400108>: M a=5920kb hf=0.126 mu=0.524 v=118809kb (C:39075 M:0 P1:79734) o=3 b=0 0+1 p=0.827970ms (max 66.796961)...]
   7.394 [GC<0x118400108>: M a=6030kb hf=0.129 mu=0.523 v=118809kb (C:39075 M:0 P1:79734) o=3 b=0 0+1 p=0.812306ms (max 66.796961)...]
   7.397 [GC<0x118400108>: M a=6093kb hf=0.130 mu=0.522 v=118809kb (C:39075 M:0 P1:79734) o=3 b=0 0+1 p=0.625529ms (max 66.796961)...]
   7.399 [GC<0x118400108>: M a=6093kb hf=0.130 mu=0.522 v=118809kb (C:39075 M:0 P1:79734) o=3 b=0 0+1 p=0.669524ms (max 66.796961)...]
   7.400 [GC<0x118400108>: M a=6093kb hf=0.130 mu=0.522 v=118809kb (C:39075 M:0 P1:79734) o=3 b=0 0+1 p=0.597404ms (max 66.796961)...]
   7.402 [GC<0x118400108>: M a=6093kb hf=0.130 mu=0.522 v=118809kb (C:39075 M:0 P1:79734) o=3 b=0 0+1 p=0.596271ms (max 66.796961)...]
   7.404 [GC<0x118400108>: M a=6093kb hf=0.130 mu=0.522 v=118809kb (C:39075 M:0 P1:79734) o=3 b=0 0+1 p=0.687424ms (max 66.796961)...]
   7.406 [GC<0x118400108>: M a=6093kb hf=0.130 mu=0.522 v=118809kb (C:39075 M:0 P1:79734) o=3 b=0 210+1 p=0.784953ms (max 66.796961)...]
   7.408 [GC<0x118400108>: M a=6124kb hf=0.131 mu=0.522 v=118809kb (C:39075 M:0 P1:79734) o=3 b=0 0+1 p=0.867509ms (max 66.796961)...]
   7.410 [GC<0x118400108>: M a=6124kb hf=0.131 mu=0.522 v=118809kb (C:39075 M:0 P1:79734) o=3 b=0 0+1 p=0.718672ms (max 66.796961)...]
   7.412 [GC<0x118400108>: M a=6124kb hf=0.131 mu=0.522 v=118809kb (C:39075 M:0 P1:79734) o=3 b=0 10+1 p=0.809654ms (max 66.796961)...]
   7.414 [GC<0x118400108>: M a=6156kb hf=0.131 mu=0.521 v=118809kb (C:39075 M:0 P1:79734) o=3 b=0 0+1 p=0.836256ms (max 66.796961)...]
   7.416 [GC<0x118400108>: M a=6281kb hf=0.134 mu=0.520 v=118809kb (C:39075 M:0 P1:79734) o=3 b=0 0+1 p=0.828858ms (max 66.796961)...]
   7.418 [GC<0x118400108>: M a=6281kb hf=0.134 mu=0.520 v=118809kb (C:39075 M:0 P1:79734) o=3 b=0 110+1 p=0.712913ms (max 66.796961)...]
   7.420 [GC<0x118400108>: M a=6281kb hf=0.134 mu=0.520 v=118809kb (C:39075 M:0 P1:79734) o=3 b=0 110+1 p=0.734972ms (max 66.796961)...]
   7.422 [GC<0x118400108>: M a=6281kb hf=0.134 mu=0.520 v=118809kb (C:39075 M:0 P1:79734) o=3 b=0 410+1 p=0.809243ms (max 66.796961)...]
   7.460 [GC<0x118400108>: M a=6328kb hf=0.135 mu=0.519 v=118809kb (C:39075 M:0 P1:79734) o=3 b=0 i#2:N<WsOJw>Pbc 1+1 v=118809kb (C:39075 M:0 P1:79734) o=3 b=0 i#3:P<WsJwOMsrShCs>Pbc 1+1 v=118810kb (C:39075 M:0 P1:79734) o=3 b=0 i#4:P<CsMsm(1)> 0+1 p=36.268591ms (max 66.796961)...]
   7.462 [GC<0x118400108>: M a=6438kb hf=0.137 mu=0.518 v=123536kb (C:43802 M:0 P1:79734) o=3 b=1 0+1 p=0.816151ms (max 66.796961)...]
   7.464 [GC<0x118400108>: M a=6438kb hf=0.137 mu=0.518 v=123536kb (C:43802 M:0 P1:79734) o=3 b=0 310+1 p=0.746642ms (max 66.796961)...]
   7.466 [GC<0x118400108>: M a=6438kb hf=0.137 mu=0.518 v=123536kb (C:43802 M:0 P1:79734) o=3 b=0 410+1 p=0.768697ms (max 66.796961)...]
   7.468 [GC<0x118400108>: M a=6438kb hf=0.137 mu=0.518 v=123536kb (C:43802 M:0 P1:79734) o=3 b=0 410+1 p=0.743443ms (max 66.796961)...]
   7.496 [GC<0x118400108>: M a=6438kb hf=0.137 mu=0.518 v=123536kb (C:43802 M:0 P1:79734) o=3 b=0 110+1 v=123536kb (C:43802 M:0 P1:79734) o=3 b=0 i#5:Msm(1) 0+1 p=27.018756ms (max 66.796961)...]
   7.497 [GC<0x118400108>: M a=6438kb hf=0.137 mu=0.518 v=123646kb (C:43912 M:0 P1:79734) o=3 b=0 1325+0 p=0.632351ms (max 66.796961)...]
   7.523 [GC<0x118400108>: M a=6485kb hf=0.138 mu=0.517 v=123646kb (C:43912 M:0 P1:79734) o=3 b=1 i#6:Msm(1) 0+1 p=26.037006ms (max 66.796961)...]
   7.550 [GC<0x118400108>: M a=6532kb hf=0.139 mu=0.516 v=123693kb (C:43959 M:0 P1:79734) o=3 b=1 i#7:Msm(1) 0+1 p=26.437212ms (max 66.796961)...]
   7.556 [GC<0x118400108>: M a=6532kb hf=0.139 mu=0.516 v=123740kb (C:44006 M:0 P1:79734) o=3 b=0 495+0 v=123740kb (C:44006 M:0 P1:79734) o=3 b=0 i#8:P<Msm(0)CsMsrShDCbDomoWsJwO>Pbc => 123785kb, p=4.823720ms (max 66.796961), cycle 570.090575ms END]
   7.556 GC END!
   7.557 [GC<0x118400108>: epilogue 0.969358ms]
   7.616 Requesting GC because bytes allocated this cycle: 33558960 exceed bytes allowed: 33554432 normal bytes: 33558960 oversized bytes: 0 last oversized: 0
   7.819 [GC<0x118400108>: START M 159138kb => FullCollection, a=0kb hf=0.000 mu=0.600 v=0kb (C:0 M:0 P1:0) o=0 b=1 i#1:N<CsMsrShDMsm(0)> 429+0 p=203.200843ms (max 203.200843)...]
   7.822 [GC<0x118400108>: M a=0kb hf=0.000 mu=0.600 v=156512kb (C:156461 M:0 P1:50) o=3 b=0 1251373+0 p=2.168176ms (max 203.200843)...]
   7.824 [GC<0x118400108>: M a=63kb hf=0.005 mu=0.597 v=156512kb (C:156461 M:0 P1:50) o=3 b=1 0+1 p=0.803098ms (max 203.200843)...]
   7.827 [GC<0x118400108>: M a=63kb hf=0.005 mu=0.597 v=156512kb (C:156461 M:0 P1:50) o=3 b=0 210+1 p=0.850060ms (max 203.200843)...]
   7.829 [GC<0x118400108>: M a=63kb hf=0.005 mu=0.597 v=156512kb (C:156461 M:0 P1:50) o=3 b=0 210+1 p=0.593995ms (max 203.200843)...]
   7.830 [GC<0x118400108>: M a=63kb hf=0.005 mu=0.597 v=156512kb (C:156461 M:0 P1:50) o=3 b=0 210+1 p=0.592547ms (max 203.200843)...]
   7.832 [GC<0x118400108>: M a=126kb hf=0.010 mu=0.594 v=156512kb (C:156461 M:0 P1:50) o=3 b=0 0+1 p=0.794978ms (max 203.200843)...]
   7.834 [GC<0x118400108>: M a=220kb hf=0.017 mu=0.590 v=156512kb (C:156461 M:0 P1:50) o=3 b=0 0+1 p=0.798983ms (max 203.200843)...]
   7.836 [GC<0x118400108>: M a=283kb hf=0.022 mu=0.587 v=156512kb (C:156461 M:0 P1:50) o=3 b=0 0+1 p=0.815715ms (max 203.200843)...]
   7.838 [GC<0x118400108>: M a=314kb hf=0.024 mu=0.586 v=156512kb (C:156461 M:0 P1:50) o=3 b=0 0+1 p=0.823754ms (max 203.200843)...]
   7.840 [GC<0x118400108>: M a=377kb hf=0.029 mu=0.583 v=156512kb (C:156461 M:0 P1:50) o=3 b=0 0+1 p=0.921885ms (max 203.200843)...]
   7.842 [GC<0x118400108>: M a=377kb hf=0.029 mu=0.583 v=156512kb (C:156461 M:0 P1:50) o=3 b=0 310+1 p=0.848527ms (max 203.200843)...]
   7.844 [GC<0x118400108>: M a=377kb hf=0.029 mu=0.583 v=156512kb (C:156461 M:0 P1:50) o=3 b=0 310+1 p=0.596196ms (max 203.200843)...]
   7.846 [GC<0x118400108>: M a=377kb hf=0.029 mu=0.583 v=156512kb (C:156461 M:0 P1:50) o=3 b=0 310+1 p=0.824266ms (max 203.200843)...]
   7.849 [GC<0x118400108>: M a=393kb hf=0.030 mu=0.582 v=156512kb (C:156461 M:0 P1:50) o=3 b=0 0+1 p=0.614466ms (max 203.200843)...]
   7.851 [GC<0x118400108>: M a=393kb hf=0.030 mu=0.582 v=156512kb (C:156461 M:0 P1:50) o=3 b=0 0+1 p=0.596857ms (max 203.200843)...]
   7.852 [GC<0x118400108>: M a=393kb hf=0.030 mu=0.582 v=156512kb (C:156461 M:0 P1:50) o=3 b=0 0+1 p=0.608807ms (max 203.200843)...]
   7.857 [GC<0x118400108>: M a=785kb hf=0.060 mu=0.564 v=156512kb (C:156461 M:0 P1:50) o=3 b=0 0+1 p=1.079359ms (max 203.200843)...]
   7.858 [GC<0x118400108>: M a=785kb hf=0.060 mu=0.564 v=156512kb (C:156461 M:0 P1:50) o=3 b=0 0+1 p=0.596191ms (max 203.200843)...]
   7.860 [GC<0x118400108>: M a=832kb hf=0.063 mu=0.562 v=156512kb (C:156461 M:0 P1:50) o=3 b=0 0+1 p=0.864236ms (max 203.200843)...]
   7.862 [GC<0x118400108>: M a=895kb hf=0.068 mu=0.559 v=156512kb (C:156461 M:0 P1:50) o=3 b=0 0+1 p=0.863689ms (max 203.200843)...]
   7.864 [GC<0x118400108>: M a=895kb hf=0.068 mu=0.559 v=156512kb (C:156461 M:0 P1:50) o=3 b=0 10+1 p=0.776997ms (max 203.200843)...]
   7.866 [GC<0x118400108>: M a=942kb hf=0.072 mu=0.557 v=156512kb (C:156461 M:0 P1:50) o=3 b=0 0+1 p=0.873464ms (max 203.200843)...]
   7.868 [GC<0x118400108>: M a=974kb hf=0.074 mu=0.555 v=156512kb (C:156461 M:0 P1:50) o=3 b=0 0+1 p=0.873745ms (max 203.200843)...]
   7.870 [GC<0x118400108>: M a=1005kb hf=0.077 mu=0.554 v=156512kb (C:156461 M:0 P1:50) o=3 b=0 0+1 p=0.892100ms (max 203.200843)...]
   7.872 [GC<0x118400108>: M a=1036kb hf=0.079 mu=0.553 v=156512kb (C:156461 M:0 P1:50) o=3 b=0 0+1 p=0.877940ms (max 203.200843)...]
   7.874 [GC<0x118400108>: M a=1084kb hf=0.083 mu=0.550 v=156512kb (C:156461 M:0 P1:50) o=3 b=0 0+1 p=0.891709ms (max 203.200843)...]
   7.876 [GC<0x118400108>: M a=1115kb hf=0.085 mu=0.549 v=156512kb (C:156461 M:0 P1:50) o=3 b=0 0+1 p=0.890341ms (max 203.200843)...]
   7.878 [GC<0x118400108>: M a=1115kb hf=0.085 mu=0.549 v=156512kb (C:156461 M:0 P1:50) o=3 b=0 210+1 p=0.685098ms (max 203.200843)...]
   7.880 [GC<0x118400108>: M a=1131kb hf=0.086 mu=0.548 v=156512kb (C:156461 M:0 P1:50) o=3 b=0 0+1 p=0.902777ms (max 203.200843)...]
   7.882 [GC<0x118400108>: M a=1162kb hf=0.089 mu=0.547 v=156512kb (C:156461 M:0 P1:50) o=3 b=0 0+1 p=0.894261ms (max 203.200843)...]
   7.885 [GC<0x118400108>: M a=1178kb hf=0.090 mu=0.546 v=156512kb (C:156461 M:0 P1:50) o=3 b=0 0+1 p=0.615940ms (max 203.200843)...]
   7.887 [GC<0x118400108>: M a=1178kb hf=0.090 mu=0.546 v=156512kb (C:156461 M:0 P1:50) o=3 b=0 0+1 p=0.598020ms (max 203.200843)...]
   7.888 [GC<0x118400108>: M a=1178kb hf=0.090 mu=0.546 v=156512kb (C:156461 M:0 P1:50) o=3 b=0 0+1 p=0.639063ms (max 203.200843)...]
   7.890 [GC<0x118400108>: M a=1209kb hf=0.092 mu=0.545 v=156512kb (C:156461 M:0 P1:50) o=3 b=0 0+1 p=0.904326ms (max 203.200843)...]
   7.892 [GC<0x118400108>: M a=1209kb hf=0.092 mu=0.545 v=156512kb (C:156461 M:0 P1:50) o=3 b=0 110+1 p=0.769664ms (max 203.200843)...]
   7.894 [GC<0x118400108>: M a=1209kb hf=0.092 mu=0.545 v=156512kb (C:156461 M:0 P1:50) o=3 b=0 10+1 p=0.733589ms (max 203.200843)...]
   7.896 [GC<0x118400108>: M a=1225kb hf=0.093 mu=0.544 v=156512kb (C:156461 M:0 P1:50) o=3 b=0 0+1 p=0.907955ms (max 203.200843)...]
   7.898 [GC<0x118400108>: M a=1241kb hf=0.095 mu=0.543 v=156512kb (C:156461 M:0 P1:50) o=3 b=0 0+1 p=0.913258ms (max 203.200843)...]
   7.900 [GC<0x118400108>: M a=1256kb hf=0.096 mu=0.543 v=156512kb (C:156461 M:0 P1:50) o=3 b=0 0+1 p=0.905183ms (max 203.200843)...]
   7.902 [GC<0x118400108>: M a=1272kb hf=0.097 mu=0.542 v=156512kb (C:156461 M:0 P1:50) o=3 b=0 0+1 p=0.900391ms (max 203.200843)...]
   7.904 [GC<0x118400108>: M a=1303kb hf=0.099 mu=0.540 v=156512kb (C:156461 M:0 P1:50) o=3 b=0 0+1 p=0.906165ms (max 203.200843)...]
   7.906 [GC<0x118400108>: M a=1319kb hf=0.101 mu=0.540 v=156512kb (C:156461 M:0 P1:50) o=3 b=0 0+1 p=0.904651ms (max 203.200843)...]
   7.908 [GC<0x118400108>: M a=1319kb hf=0.101 mu=0.540 v=156512kb (C:156461 M:0 P1:50) o=3 b=0 10+1 p=0.803564ms (max 203.200843)...]
   7.911 [GC<0x118400108>: M a=1319kb hf=0.101 mu=0.540 v=156512kb (C:156461 M:0 P1:50) o=3 b=0 110+1 p=0.809885ms (max 203.200843)...]
   7.912 [GC<0x118400108>: M a=1319kb hf=0.101 mu=0.540 v=156512kb (C:156461 M:0 P1:50) o=3 b=0 110+1 p=0.807830ms (max 203.200843)...]
   7.914 [GC<0x118400108>: M a=1319kb hf=0.101 mu=0.540 v=156512kb (C:156461 M:0 P1:50) o=3 b=0 210+1 p=0.853384ms (max 203.200843)...]
   7.916 [GC<0x118400108>: M a=1319kb hf=0.101 mu=0.540 v=156512kb (C:156461 M:0 P1:50) o=3 b=0 0+1 p=0.922877ms (max 203.200843)...]
   7.918 [GC<0x118400108>: M a=1366kb hf=0.104 mu=0.537 v=156512kb (C:156461 M:0 P1:50) o=3 b=0 0+1 p=0.912050ms (max 203.200843)...]
   7.920 [GC<0x118400108>: M a=1460kb hf=0.111 mu=0.533 v=156512kb (C:156461 M:0 P1:50) o=3 b=0 0+1 p=0.930992ms (max 203.200843)...]
   7.922 [GC<0x118400108>: M a=1460kb hf=0.111 mu=0.533 v=156512kb (C:156461 M:0 P1:50) o=3 b=0 310+1 p=0.932557ms (max 203.200843)...]
   7.924 [GC<0x118400108>: M a=1476kb hf=0.113 mu=0.532 v=156512kb (C:156461 M:0 P1:50) o=3 b=0 0+1 p=0.916692ms (max 203.200843)...]
   7.926 [GC<0x118400108>: M a=1492kb hf=0.114 mu=0.532 v=156512kb (C:156461 M:0 P1:50) o=3 b=0 0+1 p=0.923513ms (max 203.200843)...]
   7.928 [GC<0x118400108>: M a=1492kb hf=0.114 mu=0.532 v=156512kb (C:156461 M:0 P1:50) o=3 b=0 0+1 p=0.929785ms (max 203.200843)...]
   7.930 [GC<0x118400108>: M a=1508kb hf=0.115 mu=0.531 v=156512kb (C:156461 M:0 P1:50) o=3 b=0 0+1 p=0.908271ms (max 203.200843)...]
   7.932 [GC<0x118400108>: M a=1523kb hf=0.116 mu=0.530 v=156512kb (C:156461 M:0 P1:50) o=3 b=0 0+1 p=0.913254ms (max 203.200843)...]
   7.934 [GC<0x118400108>: M a=1539kb hf=0.117 mu=0.530 v=156512kb (C:156461 M:0 P1:50) o=3 b=0 0+1 p=0.914657ms (max 203.200843)...]
   7.936 [GC<0x118400108>: M a=1555kb hf=0.119 mu=0.529 v=156512kb (C:156461 M:0 P1:50) o=3 b=0 0+1 p=0.922041ms (max 203.200843)...]
   7.938 [GC<0x118400108>: M a=1555kb hf=0.119 mu=0.529 v=156512kb (C:156461 M:0 P1:50) o=3 b=0 410+1 p=0.913268ms (max 203.200843)...]
   7.940 [GC<0x118400108>: M a=1555kb hf=0.119 mu=0.529 v=156512kb (C:156461 M:0 P1:50) o=3 b=0 310+1 p=0.777695ms (max 203.200843)...]
   7.945 [GC<0x118400108>: M a=1963kb hf=0.150 mu=0.510 v=156512kb (C:156461 M:0 P1:50) o=3 b=0 0+1 p=0.653800ms (max 203.200843)...]
   7.947 [GC<0x118400108>: M a=1963kb hf=0.150 mu=0.510 v=156512kb (C:156461 M:0 P1:50) o=3 b=0 0+1 p=0.599313ms (max 203.200843)...]
   7.948 [GC<0x118400108>: M a=2151kb hf=0.164 mu=0.502 v=156512kb (C:156461 M:0 P1:50) o=3 b=0 0+1 p=0.993604ms (max 203.200843)...]
   7.950 [GC<0x118400108>: M a=2151kb hf=0.164 mu=0.502 v=156512kb (C:156461 M:0 P1:50) o=3 b=0 310+1 p=0.863734ms (max 203.200843)...]
   7.953 [GC<0x118400108>: M a=2151kb hf=0.164 mu=0.502 v=156512kb (C:156461 M:0 P1:50) o=3 b=0 210+1 p=0.593559ms (max 203.200843)...]
   7.955 [GC<0x118400108>: M a=2355kb hf=0.180 mu=0.492 v=156512kb (C:156461 M:0 P1:50) o=3 b=0 0+1 p=0.635289ms (max 203.200843)...]
   7.957 [GC<0x118400108>: M a=2355kb hf=0.180 mu=0.492 v=156512kb (C:156461 M:0 P1:50) o=3 b=0 0+1 p=0.598862ms (max 203.200843)...]
   7.959 [GC<0x118400108>: M a=2732kb hf=0.208 mu=0.475 v=156512kb (C:156461 M:0 P1:50) o=3 b=0 0+1 p=1.045118ms (max 203.200843)...]
   7.961 [GC<0x118400108>: M a=2732kb hf=0.208 mu=0.475 v=156512kb (C:156461 M:0 P1:50) o=3 b=0 10+1 p=0.948762ms (max 203.200843)...]
   7.963 [GC<0x118400108>: M a=2732kb hf=0.208 mu=0.475 v=156512kb (C:156461 M:0 P1:50) o=3 b=0 410+1 p=0.680055ms (max 203.200843)...]
   7.985 [GC<0x118400108>: M a=2748kb hf=0.210 mu=0.474 v=156512kb (C:156461 M:0 P1:50) o=3 b=0 0+1 p=21.641622ms (max 203.200843)...]
   7.997 [GC<0x118400108>: M a=2748kb hf=0.210 mu=0.474 v=156512kb (C:156461 M:0 P1:50) o=3 b=0 0+1 p=0.458325ms (max 203.200843)...]
   7.999 [GC<0x118400108>: M a=2748kb hf=0.210 mu=0.474 v=156512kb (C:156461 M:0 P1:50) o=3 b=0 410+1 p=0.603739ms (max 203.200843)...]
   8.001 [GC<0x118400108>: M a=2748kb hf=0.210 mu=0.474 v=156512kb (C:156461 M:0 P1:50) o=3 b=0 410+1 p=0.686346ms (max 203.200843)...]
   8.003 [GC<0x118400108>: M a=2748kb hf=0.210 mu=0.474 v=156512kb (C:156461 M:0 P1:50) o=3 b=0 110+1 p=0.729389ms (max 203.200843)...]
   8.005 [GC<0x118400108>: M a=3078kb hf=0.235 mu=0.459 v=156512kb (C:156461 M:0 P1:50) o=3 b=0 0+1 p=1.077264ms (max 203.200843)...]
   8.007 [GC<0x118400108>: M a=3078kb hf=0.235 mu=0.459 v=156512kb (C:156461 M:0 P1:50) o=3 b=0 210+1 p=0.809835ms (max 203.200843)...]
   8.009 [GC<0x118400108>: M a=3141kb hf=0.240 mu=0.456 v=156512kb (C:156461 M:0 P1:50) o=3 b=0 0+1 p=0.663569ms (max 203.200843)...]
   8.011 [GC<0x118400108>: M a=3533kb hf=0.270 mu=0.438 v=156512kb (C:156461 M:0 P1:50) o=3 b=0 0+1 p=0.429780ms (max 203.200843)...]
   8.013 [GC<0x118400108>: M a=3533kb hf=0.270 mu=0.438 v=156512kb (C:156461 M:0 P1:50) o=3 b=0 0+1 p=0.764552ms (max 203.200843)...]
   8.015 [GC<0x118400108>: M a=3533kb hf=0.270 mu=0.438 v=156512kb (C:156461 M:0 P1:50) o=3 b=0 10+1 p=0.922361ms (max 203.200843)...]
   8.017 [GC<0x118400108>: M a=3533kb hf=0.270 mu=0.438 v=156512kb (C:156461 M:0 P1:50) o=3 b=0 410+1 p=0.935428ms (max 203.200843)...]
   8.019 [GC<0x118400108>: M a=3533kb hf=0.270 mu=0.438 v=156512kb (C:156461 M:0 P1:50) o=3 b=0 410+1 p=0.860511ms (max 203.200843)...]
   8.021 [GC<0x118400108>: M a=3533kb hf=0.270 mu=0.438 v=156512kb (C:156461 M:0 P1:50) o=3 b=0 310+1 p=0.895284ms (max 203.200843)...]
   8.023 [GC<0x118400108>: M a=3533kb hf=0.270 mu=0.438 v=156512kb (C:156461 M:0 P1:50) o=3 b=0 410+1 p=0.953764ms (max 203.200843)...]
   8.025 [GC<0x118400108>: M a=3533kb hf=0.270 mu=0.438 v=156512kb (C:156461 M:0 P1:50) o=3 b=0 0+1 p=0.947113ms (max 203.200843)...]
   8.027 [GC<0x118400108>: M a=3533kb hf=0.270 mu=0.438 v=156512kb (C:156461 M:0 P1:50) o=3 b=0 110+1 p=1.126306ms (max 203.200843)...]
   8.029 [GC<0x118400108>: M a=3533kb hf=0.270 mu=0.438 v=156512kb (C:156461 M:0 P1:50) o=3 b=0 110+1 p=0.723248ms (max 203.200843)...]
   8.031 [GC<0x118400108>: M a=3533kb hf=0.270 mu=0.438 v=156512kb (C:156461 M:0 P1:50) o=3 b=0 10+1 p=0.971037ms (max 203.200843)...]
   8.033 [GC<0x118400108>: M a=3533kb hf=0.270 mu=0.438 v=156512kb (C:156461 M:0 P1:50) o=3 b=0 410+1 p=0.957965ms (max 203.200843)...]
   8.035 [GC<0x118400108>: M a=3533kb hf=0.270 mu=0.438 v=156512kb (C:156461 M:0 P1:50) o=3 b=0 410+1 p=0.826983ms (max 203.200843)...]
   8.037 [GC<0x118400108>: M a=3894kb hf=0.297 mu=0.422 v=156512kb (C:156461 M:0 P1:50) o=3 b=0 0+1 p=1.144451ms (max 203.200843)...]
   8.039 [GC<0x118400108>: M a=3926kb hf=0.299 mu=0.420 v=156512kb (C:156461 M:0 P1:50) o=3 b=0 0+1 p=0.740913ms (max 203.200843)...]
   8.041 [GC<0x118400108>: M a=4224kb hf=0.322 mu=0.407 v=156512kb (C:156461 M:0 P1:50) o=3 b=0 0+1 p=1.250170ms (max 203.200843)...]
   8.043 [GC<0x118400108>: M a=4224kb hf=0.322 mu=0.407 v=156512kb (C:156461 M:0 P1:50) o=3 b=0 10+1 p=0.639239ms (max 203.200843)...]
   8.045 [GC<0x118400108>: M a=4224kb hf=0.322 mu=0.407 v=156512kb (C:156461 M:0 P1:50) o=3 b=0 310+1 p=0.917113ms (max 203.200843)...]
   8.047 [GC<0x118400108>: M a=4224kb hf=0.322 mu=0.407 v=156512kb (C:156461 M:0 P1:50) o=3 b=0 410+1 p=0.937589ms (max 203.200843)...]
   8.049 [GC<0x118400108>: M a=4224kb hf=0.322 mu=0.407 v=156512kb (C:156461 M:0 P1:50) o=3 b=0 410+1 p=0.811960ms (max 203.200843)...]
   8.051 [GC<0x118400108>: M a=4318kb hf=0.329 mu=0.402 v=156512kb (C:156461 M:0 P1:50) o=3 b=0 0+1 p=0.639173ms (max 203.200843)...]
   8.053 [GC<0x118400108>: M a=4318kb hf=0.329 mu=0.402 v=156512kb (C:156461 M:0 P1:50) o=3 b=0 310+1 p=0.846381ms (max 203.200843)...]
   8.055 [GC<0x118400108>: M a=4318kb hf=0.329 mu=0.402 v=156512kb (C:156461 M:0 P1:50) o=3 b=0 410+1 p=0.936060ms (max 203.200843)...]
   8.057 [GC<0x118400108>: M a=4318kb hf=0.329 mu=0.402 v=156512kb (C:156461 M:0 P1:50) o=3 b=0 310+1 p=0.823920ms (max 203.200843)...]
   8.059 [GC<0x118400108>: M a=4585kb hf=0.350 mu=0.390 v=156512kb (C:156461 M:0 P1:50) o=3 b=0 0+1 p=1.309037ms (max 203.200843)...]
   8.061 [GC<0x118400108>: M a=4585kb hf=0.350 mu=0.390 v=156512kb (C:156461 M:0 P1:50) o=3 b=0 410+1 p=0.664892ms (max 203.200843)...]
   8.063 [GC<0x118400108>: M a=4585kb hf=0.350 mu=0.390 v=156512kb (C:156461 M:0 P1:50) o=3 b=0 410+1 p=0.694060ms (max 203.200843)...]
   8.065 [GC<0x118400108>: M a=4711kb hf=0.359 mu=0.384 v=156512kb (C:156461 M:0 P1:50) o=3 b=0 0+1 p=0.729408ms (max 203.200843)...]
   8.067 [GC<0x118400108>: M a=5041kb hf=0.385 mu=0.369 v=156512kb (C:156461 M:0 P1:50) o=3 b=0 0+1 p=1.249559ms (max 203.200843)...]
   8.069 [GC<0x118400108>: M a=5041kb hf=0.385 mu=0.369 v=156512kb (C:156461 M:0 P1:50) o=3 b=0 10+1 p=0.847279ms (max 203.200843)...]
   8.071 [GC<0x118400108>: M a=5104kb hf=0.389 mu=0.366 v=156512kb (C:156461 M:0 P1:50) o=3 b=0 0+1 p=0.741354ms (max 203.200843)...]
   8.073 [GC<0x118400108>: M a=5229kb hf=0.399 mu=0.361 v=156512kb (C:156461 M:0 P1:50) o=3 b=0 0+1 p=1.278406ms (max 203.200843)...]
   8.075 [GC<0x118400108>: M a=5229kb hf=0.399 mu=0.361 v=156512kb (C:156461 M:0 P1:50) o=3 b=0 310+1 p=0.893930ms (max 203.200843)...]
   8.077 [GC<0x118400108>: M a=5323kb hf=0.406 mu=0.356 v=156512kb (C:156461 M:0 P1:50) o=3 b=0 0+1 p=1.274657ms (max 203.200843)...]
   8.079 [GC<0x118400108>: M a=5323kb hf=0.406 mu=0.356 v=156512kb (C:156461 M:0 P1:50) o=3 b=0 410+1 p=0.820717ms (max 203.200843)...]
   8.081 [GC<0x118400108>: M a=5323kb hf=0.406 mu=0.356 v=156512kb (C:156461 M:0 P1:50) o=3 b=0 310+1 p=1.250647ms (max 203.200843)...]
   8.083 [GC<0x118400108>: M a=5323kb hf=0.406 mu=0.356 v=156512kb (C:156461 M:0 P1:50) o=3 b=0 410+1 p=0.894005ms (max 203.200843)...]
   8.125 [GC<0x118400108>: M a=5323kb hf=0.406 mu=0.356 v=156512kb (C:156461 M:0 P1:50) o=3 b=0 310+1 v=156512kb (C:156461 M:0 P1:50) o=3 b=0 i#2:N<WsOJw>Pbc 2+1 v=156512kb (C:156462 M:0 P1:50) o=3 b=0 i#3:P<WsOJw> 1+1 v=156513kb (C:156462 M:0 P1:50) o=3 b=0 i#4:P<JwWsOMsrShCs>Pbc 1+1 v=156513kb (C:156462 M:0 P1:50) o=3 b=0 i#5:P<CsMsm(1)> 0+1 p=40.893439ms (max 203.200843)...]
   8.126 [GC<0x118400108>: M a=5355kb hf=0.408 mu=0.355 v=161836kb (C:161785 M:0 P1:50) o=3 b=1 0+1 p=1.273208ms (max 203.200843)...]
   8.128 [GC<0x118400108>: M a=5355kb hf=0.408 mu=0.355 v=161836kb (C:161785 M:0 P1:50) o=3 b=0 410+1 p=0.801599ms (max 203.200843)...]
   8.130 [GC<0x118400108>: M a=5496kb hf=0.419 mu=0.348 v=161836kb (C:161785 M:0 P1:50) o=3 b=0 0+1 p=0.719053ms (max 203.200843)...]
   8.132 [GC<0x118400108>: M a=5496kb hf=0.419 mu=0.348 v=161836kb (C:161785 M:0 P1:50) o=3 b=0 410+1 p=0.835368ms (max 203.200843)...]
   8.134 [GC<0x118400108>: M a=5496kb hf=0.419 mu=0.348 v=161836kb (C:161785 M:0 P1:50) o=3 b=0 110+1 p=0.934546ms (max 203.200843)...]
   8.170 [GC<0x118400108>: M a=5496kb hf=0.419 mu=0.348 v=161836kb (C:161785 M:0 P1:50) o=3 b=0 510+1 v=161836kb (C:161785 M:0 P1:50) o=3 b=0 i#6:Msm(1) 0+1 v=162009kb (C:161958 M:0 P1:50) o=3 b=0 1645+0 v=162009kb (C:161958 M:0 P1:50) o=3 b=0 i#7:P<Msm(0)CsMsrShDCbDomoJwWsO>Pbc => 162053kb, p=34.925388ms (max 203.200843), cycle 553.943575ms END]
   8.170 GC END!
   8.171 [GC<0x118400108>: epilogue 0.178175ms]
  24.714 Requesting GC because bytes allocated this cycle: 165943041 exceed bytes allowed: 165942882 normal bytes: 165943041 oversized bytes: 0 last oversized: 0
  24.719 [GC<0x118400108>: START M 330722kb => EdenCollection, a=0kb hf=0.000 mu=0.600 v=0kb (C:0 M:0 P1:0) o=3 b=8 i#1:N<CsMsrShDMsm(13)> 5+13 p=4.613700ms (max 203.200843)...]
  24.723 [GC<0x118400108>: M a=581kb hf=0.009 mu=0.595 v=3kb (C:3 M:0 P1:0) o=3 b=1 0+1 p=0.698196ms (max 203.200843)...]
  24.725 [GC<0x118400108>: M a=581kb hf=0.009 mu=0.595 v=3kb (C:3 M:0 P1:0) o=3 b=0 0+1 p=0.636506ms (max 203.200843)...]
  24.727 [GC<0x118400108>: M a=581kb hf=0.009 mu=0.595 v=3kb (C:3 M:0 P1:0) o=3 b=0 0+1 p=0.645298ms (max 203.200843)...]
  24.779 [GC<0x118400108>: M a=983kb hf=0.015 mu=0.591 v=22475kb (C:3 M:0 P1:22463) o=3 b=0 0+1 p=0.666947ms (max 203.200843)...]
  24.781 [GC<0x118400108>: M a=983kb hf=0.015 mu=0.591 v=23483kb (C:3 M:0 P1:23464) o=3 b=0 7+4 p=0.682957ms (max 203.200843)...]
  24.783 [GC<0x118400108>: M a=983kb hf=0.015 mu=0.591 v=24622kb (C:22 M:0 P1:24591) o=3 b=0 198+3 p=0.636572ms (max 203.200843)...]
  24.785 [GC<0x118400108>: M a=983kb hf=0.015 mu=0.591 v=25989kb (C:26 M:0 P1:25957) o=3 b=0 49+3 p=0.613123ms (max 203.200843)...]
  24.787 [GC<0x118400108>: M a=983kb hf=0.015 mu=0.591 v=27095kb (C:26 M:0 P1:27062) o=3 b=0 49+3 p=0.611163ms (max 203.200843)...]
  24.789 [GC<0x118400108>: M a=983kb hf=0.015 mu=0.591 v=28180kb (C:26 M:0 P1:28144) o=3 b=0 49+3 p=0.598857ms (max 203.200843)...]
  24.791 [GC<0x118400108>: M a=983kb hf=0.015 mu=0.591 v=29253kb (C:26 M:0 P1:29217) o=3 b=0 49+3 p=0.606576ms (max 203.200843)...]
  24.793 [GC<0x118400108>: M a=983kb hf=0.015 mu=0.591 v=30331kb (C:26 M:0 P1:30296) o=3 b=0 49+3 p=0.605339ms (max 203.200843)...]
  24.827 [GC<0x118400108>: M a=1122kb hf=0.017 mu=0.590 v=47568kb (C:26 M:0 P1:47529) o=3 b=0 0+1 p=0.700482ms (max 203.200843)...]
  24.847 [GC<0x118400108>: M a=1122kb hf=0.017 mu=0.590 v=58406kb (C:27 M:0 P1:58379) o=3 b=0 0+3 p=0.547484ms (max 203.200843)...]
  24.849 [GC<0x118400108>: M a=1122kb hf=0.017 mu=0.590 v=58972kb (C:27 M:0 P1:58945) o=3 b=0 0+3 p=0.682968ms (max 203.200843)...]
  24.851 [GC<0x118400108>: M a=1122kb hf=0.017 mu=0.590 v=59554kb (C:27 M:0 P1:59526) o=3 b=0 0+1 p=0.720151ms (max 203.200843)...]
  24.853 [GC<0x118400108>: M a=1122kb hf=0.017 mu=0.590 v=60032kb (C:27 M:0 P1:60004) o=3 b=0 0+1 p=0.729654ms (max 203.200843)...]
  24.855 [GC<0x118400108>: M a=1122kb hf=0.017 mu=0.590 v=60660kb (C:27 M:0 P1:60633) o=3 b=0 0+1 p=0.574361ms (max 203.200843)...]
  24.857 [GC<0x118400108>: M a=1122kb hf=0.017 mu=0.590 v=61237kb (C:27 M:0 P1:61203) o=3 b=0 0+1 p=0.658210ms (max 203.200843)...]
  24.859 [GC<0x118400108>: M a=1122kb hf=0.017 mu=0.590 v=62342kb (C:27 M:0 P1:62307) o=3 b=0 0+1 p=0.713950ms (max 203.200843)...]
  24.861 [GC<0x118400108>: M a=1122kb hf=0.017 mu=0.590 v=63483kb (C:27 M:0 P1:63447) o=3 b=0 0+1 p=0.700477ms (max 203.200843)...]
  24.863 [GC<0x118400108>: M a=1122kb hf=0.017 mu=0.590 v=64618kb (C:27 M:0 P1:64583) o=3 b=0 0+1 p=0.741644ms (max 203.200843)...]
  24.865 [GC<0x118400108>: M a=1122kb hf=0.017 mu=0.590 v=65771kb (C:27 M:0 P1:65741) o=3 b=0 0+1 p=0.659890ms (max 203.200843)...]
  24.867 [GC<0x118400108>: M a=1122kb hf=0.017 mu=0.590 v=66877kb (C:27 M:0 P1:66842) o=3 b=0 0+1 p=0.696847ms (max 203.200843)...]
  24.869 [GC<0x118400108>: M a=1122kb hf=0.017 mu=0.590 v=68006kb (C:27 M:0 P1:67971) o=3 b=0 0+1 p=0.698872ms (max 203.200843)...]
  24.871 [GC<0x118400108>: M a=1122kb hf=0.017 mu=0.590 v=69164kb (C:27 M:0 P1:69130) o=3 b=0 0+1 p=0.700772ms (max 203.200843)...]
  24.873 [GC<0x118400108>: M a=1122kb hf=0.017 mu=0.590 v=70248kb (C:27 M:0 P1:70213) o=3 b=0 0+1 p=0.698627ms (max 203.200843)...]
  24.875 [GC<0x118400108>: M a=1122kb hf=0.017 mu=0.590 v=71341kb (C:27 M:0 P1:71288) o=3 b=0 0+1 p=0.703118ms (max 203.200843)...]
  24.877 [GC<0x118400108>: M a=1122kb hf=0.017 mu=0.590 v=72442kb (C:27 M:0 P1:72412) o=3 b=0 0+1 p=0.703293ms (max 203.200843)...]
  24.879 [GC<0x118400108>: M a=1122kb hf=0.017 mu=0.590 v=73574kb (C:27 M:0 P1:73538) o=3 b=0 0+1 p=0.708085ms (max 203.200843)...]
  24.881 [GC<0x118400108>: M a=1122kb hf=0.017 mu=0.590 v=74706kb (C:27 M:0 P1:74670) o=3 b=0 0+1 p=0.709484ms (max 203.200843)...]
  24.883 [GC<0x118400108>: M a=1122kb hf=0.017 mu=0.590 v=75841kb (C:27 M:0 P1:75806) o=3 b=0 0+1 p=0.705348ms (max 203.200843)...]
  24.885 [GC<0x118400108>: M a=1122kb hf=0.017 mu=0.590 v=76981kb (C:27 M:0 P1:76945) o=3 b=0 0+1 p=0.702070ms (max 203.200843)...]
  24.887 [GC<0x118400108>: M a=1122kb hf=0.017 mu=0.590 v=78236kb (C:27 M:0 P1:78200) o=3 b=0 0+1 p=0.825483ms (max 203.200843)...]
  24.889 [GC<0x118400108>: M a=1122kb hf=0.017 mu=0.590 v=79312kb (C:27 M:0 P1:79276) o=3 b=0 0+1 p=0.592220ms (max 203.200843)...]
  24.891 [GC<0x118400108>: M a=1122kb hf=0.017 mu=0.590 v=80376kb (C:27 M:0 P1:80341) o=3 b=0 0+1 p=0.709950ms (max 203.200843)...]
  24.893 [GC<0x118400108>: M a=1122kb hf=0.017 mu=0.590 v=81503kb (C:27 M:0 P1:81472) o=3 b=0 0+1 p=0.702432ms (max 203.200843)...]
  24.895 [GC<0x118400108>: M a=1122kb hf=0.017 mu=0.590 v=82642kb (C:27 M:0 P1:82606) o=3 b=0 0+1 p=0.699759ms (max 203.200843)...]
  24.897 [GC<0x118400108>: M a=1122kb hf=0.017 mu=0.590 v=83845kb (C:27 M:0 P1:83810) o=3 b=0 0+1 p=0.602632ms (max 203.200843)...]
  24.899 [GC<0x118400108>: M a=1122kb hf=0.017 mu=0.590 v=84925kb (C:27 M:0 P1:84891) o=3 b=0 0+1 p=0.703780ms (max 203.200843)...]
  24.901 [GC<0x118400108>: M a=1122kb hf=0.017 mu=0.590 v=86065kb (C:27 M:0 P1:86030) o=3 b=0 0+1 p=0.687860ms (max 203.200843)...]
  24.903 [GC<0x118400108>: M a=1122kb hf=0.017 mu=0.590 v=87198kb (C:27 M:0 P1:87163) o=3 b=0 0+1 p=0.700707ms (max 203.200843)...]
  24.905 [GC<0x118400108>: M a=1122kb hf=0.017 mu=0.590 v=88215kb (C:27 M:0 P1:88178) o=3 b=0 0+1 p=0.696903ms (max 203.200843)...]
  24.907 [GC<0x118400108>: M a=1122kb hf=0.017 mu=0.590 v=89350kb (C:27 M:0 P1:89315) o=3 b=0 0+1 p=0.706857ms (max 203.200843)...]
  24.909 [GC<0x118400108>: M a=1122kb hf=0.017 mu=0.590 v=90493kb (C:27 M:0 P1:90461) o=3 b=0 0+1 p=0.739223ms (max 203.200843)...]
  24.911 [GC<0x118400108>: M a=1122kb hf=0.017 mu=0.590 v=91645kb (C:27 M:0 P1:91609) o=3 b=0 0+1 p=0.671148ms (max 203.200843)...]
  24.913 [GC<0x118400108>: M a=1122kb hf=0.017 mu=0.590 v=92743kb (C:27 M:0 P1:92708) o=3 b=0 0+1 p=0.705679ms (max 203.200843)...]
  24.915 [GC<0x118400108>: M a=1122kb hf=0.017 mu=0.590 v=93596kb (C:27 M:0 P1:93569) o=3 b=0 0+1 p=0.789780ms (max 203.200843)...]
  24.917 [GC<0x118400108>: M a=1122kb hf=0.017 mu=0.590 v=94260kb (C:27 M:0 P1:94225) o=3 b=0 0+1 p=0.640080ms (max 203.200843)...]
  24.919 [GC<0x118400108>: M a=1122kb hf=0.017 mu=0.590 v=95350kb (C:27 M:0 P1:95314) o=3 b=0 0+1 p=0.711624ms (max 203.200843)...]
  24.921 [GC<0x118400108>: M a=1122kb hf=0.017 mu=0.590 v=96584kb (C:27 M:0 P1:96555) o=3 b=0 0+1 p=0.660361ms (max 203.200843)...]
  24.923 [GC<0x118400108>: M a=1122kb hf=0.017 mu=0.590 v=97644kb (C:27 M:0 P1:97609) o=3 b=0 0+1 p=0.592326ms (max 203.200843)...]
  24.925 [GC<0x118400108>: M a=1122kb hf=0.017 mu=0.590 v=98329kb (C:27 M:0 P1:98302) o=3 b=0 0+1 p=0.742873ms (max 203.200843)...]
  24.927 [GC<0x118400108>: M a=1122kb hf=0.017 mu=0.590 v=98951kb (C:27 M:0 P1:98916) o=3 b=0 0+1 p=0.720712ms (max 203.200843)...]
  24.929 [GC<0x118400108>: M a=1122kb hf=0.017 mu=0.590 v=99596kb (C:27 M:0 P1:99569) o=3 b=0 0+1 p=0.700225ms (max 203.200843)...]
  24.931 [GC<0x118400108>: M a=1122kb hf=0.017 mu=0.590 v=99985kb (C:27 M:0 P1:99958) o=3 b=0 0+1 p=0.727714ms (max 203.200843)...]
  24.933 [GC<0x118400108>: M a=1122kb hf=0.017 mu=0.590 v=100366kb (C:27 M:0 P1:100339) o=3 b=0 0+1 p=0.729715ms (max 203.200843)...]
  24.935 [GC<0x118400108>: M a=1122kb hf=0.017 mu=0.590 v=100756kb (C:27 M:0 P1:100729) o=3 b=0 0+1 p=0.732817ms (max 203.200843)...]
  24.937 [GC<0x118400108>: M a=1122kb hf=0.017 mu=0.590 v=101143kb (C:27 M:0 P1:101116) o=3 b=0 0+1 p=0.730201ms (max 203.200843)...]
  24.939 [GC<0x118400108>: M a=1122kb hf=0.017 mu=0.590 v=101533kb (C:27 M:0 P1:101506) o=3 b=0 0+1 p=0.728381ms (max 203.200843)...]
  24.941 [GC<0x118400108>: M a=1122kb hf=0.017 mu=0.590 v=101915kb (C:27 M:0 P1:101888) o=3 b=0 0+1 p=0.724135ms (max 203.200843)...]
  24.943 [GC<0x118400108>: M a=1122kb hf=0.017 mu=0.590 v=102298kb (C:27 M:0 P1:102271) o=3 b=0 0+1 p=0.729840ms (max 203.200843)...]
  24.945 [GC<0x118400108>: M a=1122kb hf=0.017 mu=0.590 v=102678kb (C:27 M:0 P1:102650) o=3 b=0 0+1 p=0.726902ms (max 203.200843)...]
  24.947 [GC<0x118400108>: M a=1122kb hf=0.017 mu=0.590 v=103069kb (C:27 M:0 P1:103042) o=3 b=0 0+1 p=0.729890ms (max 203.200843)...]
  24.949 [GC<0x118400108>: M a=1122kb hf=0.017 mu=0.590 v=104071kb (C:27 M:0 P1:104040) o=3 b=0 0+1 p=0.719965ms (max 203.200843)...]
  24.951 [GC<0x118400108>: M a=1122kb hf=0.017 mu=0.590 v=105225kb (C:27 M:0 P1:105189) o=3 b=0 0+1 p=0.702331ms (max 203.200843)...]
  24.953 [GC<0x118400108>: M a=1122kb hf=0.017 mu=0.590 v=106362kb (C:27 M:0 P1:106327) o=3 b=0 0+1 p=0.706341ms (max 203.200843)...]
  24.955 [GC<0x118400108>: M a=1122kb hf=0.017 mu=0.590 v=107369kb (C:27 M:0 P1:107338) o=3 b=0 0+1 p=0.701018ms (max 203.200843)...]
  24.957 [GC<0x118400108>: M a=1122kb hf=0.017 mu=0.590 v=108500kb (C:27 M:0 P1:108464) o=3 b=0 0+1 p=0.699404ms (max 203.200843)...]
  24.959 [GC<0x118400108>: M a=1122kb hf=0.017 mu=0.590 v=109695kb (C:27 M:0 P1:109658) o=3 b=0 0+1 p=0.611399ms (max 203.200843)...]
  24.961 [GC<0x118400108>: M a=1122kb hf=0.017 mu=0.590 v=110779kb (C:27 M:0 P1:110743) o=3 b=0 0+1 p=0.665002ms (max 203.200843)...]
  24.965 [GC<0x118400108>: M a=1690kb hf=0.026 mu=0.584 v=111603kb (C:27 M:0 P1:111576) o=3 b=0 0+1 p=0.709318ms (max 203.200843)...]
  24.967 [GC<0x118400108>: M a=1690kb hf=0.026 mu=0.584 v=111603kb (C:27 M:0 P1:111576) o=3 b=0 0+1 p=0.704803ms (max 203.200843)...]
  24.969 [GC<0x118400108>: M a=1690kb hf=0.026 mu=0.584 v=111603kb (C:27 M:0 P1:111576) o=3 b=0 410+1 p=0.727749ms (max 203.200843)...]
  24.971 [GC<0x118400108>: M a=1690kb hf=0.026 mu=0.584 v=111603kb (C:27 M:0 P1:111576) o=3 b=0 110+1 p=0.784627ms (max 203.200843)...]
  24.973 [GC<0x118400108>: M a=1690kb hf=0.026 mu=0.584 v=111603kb (C:27 M:0 P1:111576) o=3 b=0 110+1 p=0.690652ms (max 203.200843)...]
  24.975 [GC<0x118400108>: M a=1690kb hf=0.026 mu=0.584 v=111603kb (C:27 M:0 P1:111576) o=3 b=0 110+1 p=0.738351ms (max 203.200843)...]
  24.977 [GC<0x118400108>: M a=1690kb hf=0.026 mu=0.584 v=111603kb (C:27 M:0 P1:111576) o=3 b=0 110+1 p=0.897900ms (max 203.200843)...]
  24.979 [GC<0x118400108>: M a=1690kb hf=0.026 mu=0.584 v=111603kb (C:27 M:0 P1:111576) o=3 b=0 110+1 p=0.640376ms (max 203.200843)...]
  24.981 [GC<0x118400108>: M a=1690kb hf=0.026 mu=0.584 v=111603kb (C:27 M:0 P1:111576) o=3 b=0 110+1 p=0.689419ms (max 203.200843)...]
  24.983 [GC<0x118400108>: M a=1690kb hf=0.026 mu=0.584 v=111603kb (C:27 M:0 P1:111576) o=3 b=0 110+1 p=0.740822ms (max 203.200843)...]
  24.985 [GC<0x118400108>: M a=1690kb hf=0.026 mu=0.584 v=111603kb (C:27 M:0 P1:111576) o=3 b=0 210+1 p=0.745198ms (max 203.200843)...]
  24.987 [GC<0x118400108>: M a=1690kb hf=0.026 mu=0.584 v=111603kb (C:27 M:0 P1:111576) o=3 b=0 310+1 p=0.737584ms (max 203.200843)...]
  24.989 [GC<0x118400108>: M a=1690kb hf=0.026 mu=0.584 v=111603kb (C:27 M:0 P1:111576) o=3 b=0 410+1 p=0.581529ms (max 203.200843)...]
  24.991 [GC<0x118400108>: M a=1690kb hf=0.026 mu=0.584 v=111603kb (C:27 M:0 P1:111576) o=3 b=0 410+1 p=0.653939ms (max 203.200843)...]
  24.993 [GC<0x118400108>: M a=1690kb hf=0.026 mu=0.584 v=111603kb (C:27 M:0 P1:111576) o=3 b=0 210+1 p=0.735022ms (max 203.200843)...]
  24.995 [GC<0x118400108>: M a=1690kb hf=0.026 mu=0.584 v=111603kb (C:27 M:0 P1:111576) o=3 b=0 210+1 p=0.738171ms (max 203.200843)...]
  24.997 [GC<0x118400108>: M a=1690kb hf=0.026 mu=0.584 v=111603kb (C:27 M:0 P1:111576) o=3 b=0 410+1 p=0.727690ms (max 203.200843)...]
  24.999 [GC<0x118400108>: M a=1690kb hf=0.026 mu=0.584 v=111603kb (C:27 M:0 P1:111576) o=3 b=0 110+1 p=0.741669ms (max 203.200843)...]
  25.001 [GC<0x118400108>: M a=1690kb hf=0.026 mu=0.584 v=111603kb (C:27 M:0 P1:111576) o=3 b=0 210+1 p=0.737589ms (max 203.200843)...]
  25.003 [GC<0x118400108>: M a=1690kb hf=0.026 mu=0.584 v=111603kb (C:27 M:0 P1:111576) o=3 b=0 110+1 p=0.737760ms (max 203.200843)...]
  25.005 [GC<0x118400108>: M a=1690kb hf=0.026 mu=0.584 v=111603kb (C:27 M:0 P1:111576) o=3 b=0 110+1 p=0.730376ms (max 203.200843)...]
  25.007 [GC<0x118400108>: M a=1690kb hf=0.026 mu=0.584 v=111603kb (C:27 M:0 P1:111576) o=3 b=0 310+1 p=0.731349ms (max 203.200843)...]
  25.009 [GC<0x118400108>: M a=1690kb hf=0.026 mu=0.584 v=111603kb (C:27 M:0 P1:111576) o=3 b=0 410+1 p=0.655083ms (max 203.200843)...]
  25.011 [GC<0x118400108>: M a=1690kb hf=0.026 mu=0.584 v=111603kb (C:27 M:0 P1:111576) o=3 b=0 210+1 p=0.725143ms (max 203.200843)...]
  25.013 [GC<0x118400108>: M a=1690kb hf=0.026 mu=0.584 v=111603kb (C:27 M:0 P1:111576) o=3 b=0 410+1 p=0.723819ms (max 203.200843)...]
  25.015 [GC<0x118400108>: M a=1690kb hf=0.026 mu=0.584 v=111603kb (C:27 M:0 P1:111576) o=3 b=0 110+1 p=0.712927ms (max 203.200843)...]
  25.017 [GC<0x118400108>: M a=1690kb hf=0.026 mu=0.584 v=111603kb (C:27 M:0 P1:111576) o=3 b=0 410+1 p=0.712431ms (max 203.200843)...]
  25.019 [GC<0x118400108>: M a=1690kb hf=0.026 mu=0.584 v=111603kb (C:27 M:0 P1:111576) o=3 b=0 310+1 p=0.692932ms (max 203.200843)...]
  25.021 [GC<0x118400108>: M a=1690kb hf=0.026 mu=0.584 v=111603kb (C:27 M:0 P1:111576) o=3 b=0 110+1 p=0.840151ms (max 203.200843)...]
  25.023 [GC<0x118400108>: M a=1690kb hf=0.026 mu=0.584 v=111603kb (C:27 M:0 P1:111576) o=3 b=0 110+1 p=0.591489ms (max 203.200843)...]
  25.025 [GC<0x118400108>: M a=1690kb hf=0.026 mu=0.584 v=111603kb (C:27 M:0 P1:111576) o=3 b=0 110+1 p=0.621669ms (max 203.200843)...]
  25.027 [GC<0x118400108>: M a=1690kb hf=0.026 mu=0.584 v=111603kb (C:27 M:0 P1:111576) o=3 b=0 310+1 p=0.732256ms (max 203.200843)...]
  25.029 [GC<0x118400108>: M a=1690kb hf=0.026 mu=0.584 v=111603kb (C:27 M:0 P1:111576) o=3 b=0 210+1 p=0.669223ms (max 203.200843)...]
  25.031 [GC<0x118400108>: M a=1690kb hf=0.026 mu=0.584 v=111603kb (C:27 M:0 P1:111576) o=3 b=0 110+1 p=0.694692ms (max 203.200843)...]
  25.033 [GC<0x118400108>: M a=1690kb hf=0.026 mu=0.584 v=111603kb (C:27 M:0 P1:111576) o=3 b=0 310+1 p=0.687945ms (max 203.200843)...]
  25.035 [GC<0x118400108>: M a=1690kb hf=0.026 mu=0.584 v=111603kb (C:27 M:0 P1:111576) o=3 b=0 10+1 p=0.698777ms (max 203.200843)...]
  25.037 [GC<0x118400108>: M a=1690kb hf=0.026 mu=0.584 v=111603kb (C:27 M:0 P1:111576) o=3 b=0 110+1 p=0.773328ms (max 203.200843)...]
  25.039 [GC<0x118400108>: M a=1690kb hf=0.026 mu=0.584 v=111603kb (C:27 M:0 P1:111576) o=3 b=0 110+1 p=0.595388ms (max 203.200843)...]
  25.041 [GC<0x118400108>: M a=1690kb hf=0.026 mu=0.584 v=111603kb (C:27 M:0 P1:111576) o=3 b=0 110+1 p=0.669464ms (max 203.200843)...]
  25.043 [GC<0x118400108>: M a=1690kb hf=0.026 mu=0.584 v=111603kb (C:27 M:0 P1:111576) o=3 b=0 110+1 p=0.664361ms (max 203.200843)...]
  25.045 [GC<0x118400108>: M a=1690kb hf=0.026 mu=0.584 v=111603kb (C:27 M:0 P1:111576) o=3 b=0 110+1 p=0.714933ms (max 203.200843)...]
  25.047 [GC<0x118400108>: M a=1690kb hf=0.026 mu=0.584 v=111603kb (C:27 M:0 P1:111576) o=3 b=0 110+1 p=0.580566ms (max 203.200843)...]
  25.049 [GC<0x118400108>: M a=1690kb hf=0.026 mu=0.584 v=111603kb (C:27 M:0 P1:111576) o=3 b=0 110+1 p=0.702983ms (max 203.200843)...]
  25.051 [GC<0x118400108>: M a=1690kb hf=0.026 mu=0.584 v=111603kb (C:27 M:0 P1:111576) o=3 b=0 10+1 p=0.727364ms (max 203.200843)...]
  25.053 [GC<0x118400108>: M a=1690kb hf=0.026 mu=0.584 v=111603kb (C:27 M:0 P1:111576) o=3 b=0 110+1 p=0.730416ms (max 203.200843)...]
  25.055 [GC<0x118400108>: M a=1690kb hf=0.026 mu=0.584 v=111603kb (C:27 M:0 P1:111576) o=3 b=0 210+1 p=0.722331ms (max 203.200843)...]
  25.057 [GC<0x118400108>: M a=1690kb hf=0.026 mu=0.584 v=111603kb (C:27 M:0 P1:111576) o=3 b=0 10+1 p=0.722206ms (max 203.200843)...]
  25.059 [GC<0x118400108>: M a=1690kb hf=0.026 mu=0.584 v=111603kb (C:27 M:0 P1:111576) o=3 b=0 210+1 p=0.670426ms (max 203.200843)...]
  25.061 [GC<0x118400108>: M a=1690kb hf=0.026 mu=0.584 v=111603kb (C:27 M:0 P1:111576) o=3 b=0 310+1 p=0.668200ms (max 203.200843)...]
  25.063 [GC<0x118400108>: M a=1690kb hf=0.026 mu=0.584 v=111603kb (C:27 M:0 P1:111576) o=3 b=0 410+1 p=0.670396ms (max 203.200843)...]
  25.065 [GC<0x118400108>: M a=1690kb hf=0.026 mu=0.584 v=111603kb (C:27 M:0 P1:111576) o=3 b=0 10+1 p=0.671238ms (max 203.200843)...]
  25.067 [GC<0x118400108>: M a=1690kb hf=0.026 mu=0.584 v=111603kb (C:27 M:0 P1:111576) o=3 b=0 10+1 p=0.683750ms (max 203.200843)...]
  25.069 [GC<0x118400108>: M a=1690kb hf=0.026 mu=0.584 v=111603kb (C:27 M:0 P1:111576) o=3 b=0 110+1 p=0.738832ms (max 203.200843)...]
  25.071 [GC<0x118400108>: M a=1690kb hf=0.026 mu=0.584 v=111603kb (C:27 M:0 P1:111576) o=3 b=0 10+1 p=0.842261ms (max 203.200843)...]
  25.073 [GC<0x118400108>: M a=1690kb hf=0.026 mu=0.584 v=111603kb (C:27 M:0 P1:111576) o=3 b=0 10+1 p=0.628140ms (max 203.200843)...]
  25.075 [GC<0x118400108>: M a=1690kb hf=0.026 mu=0.584 v=111603kb (C:27 M:0 P1:111576) o=3 b=0 110+1 p=0.749725ms (max 203.200843)...]
  25.077 [GC<0x118400108>: M a=1690kb hf=0.026 mu=0.584 v=111603kb (C:27 M:0 P1:111576) o=3 b=0 310+1 p=0.730938ms (max 203.200843)...]
  25.079 [GC<0x118400108>: M a=1690kb hf=0.026 mu=0.584 v=111603kb (C:27 M:0 P1:111576) o=3 b=0 310+1 p=0.746120ms (max 203.200843)...]
  25.081 [GC<0x118400108>: M a=1690kb hf=0.026 mu=0.584 v=111603kb (C:27 M:0 P1:111576) o=3 b=0 210+1 p=0.646000ms (max 203.200843)...]
  25.083 [GC<0x118400108>: M a=1690kb hf=0.026 mu=0.584 v=111603kb (C:27 M:0 P1:111576) o=3 b=0 10+1 p=0.740496ms (max 203.200843)...]
  25.085 [GC<0x118400108>: M a=1690kb hf=0.026 mu=0.584 v=111603kb (C:27 M:0 P1:111576) o=3 b=0 410+1 p=0.749404ms (max 203.200843)...]
  25.087 [GC<0x118400108>: M a=1690kb hf=0.026 mu=0.584 v=111603kb (C:27 M:0 P1:111576) o=3 b=0 210+1 p=0.745323ms (max 203.200843)...]
  25.089 [GC<0x118400108>: M a=1690kb hf=0.026 mu=0.584 v=111603kb (C:27 M:0 P1:111576) o=3 b=0 110+1 p=0.743053ms (max 203.200843)...]
  25.091 [GC<0x118400108>: M a=1690kb hf=0.026 mu=0.584 v=111603kb (C:27 M:0 P1:111576) o=3 b=0 10+1 p=0.744852ms (max 203.200843)...]
  25.093 [GC<0x118400108>: M a=1690kb hf=0.026 mu=0.584 v=111603kb (C:27 M:0 P1:111576) o=3 b=0 410+1 p=0.755424ms (max 203.200843)...]
  25.095 [GC<0x118400108>: M a=1690kb hf=0.026 mu=0.584 v=111603kb (C:27 M:0 P1:111576) o=3 b=0 210+1 p=0.747364ms (max 203.200843)...]
  25.097 [GC<0x118400108>: M a=1690kb hf=0.026 mu=0.584 v=111603kb (C:27 M:0 P1:111576) o=3 b=0 110+1 p=0.741308ms (max 203.200843)...]
  25.099 [GC<0x118400108>: M a=1690kb hf=0.026 mu=0.584 v=111603kb (C:27 M:0 P1:111576) o=3 b=0 10+1 p=0.745358ms (max 203.200843)...]
  25.101 [GC<0x118400108>: M a=1690kb hf=0.026 mu=0.584 v=111603kb (C:27 M:0 P1:111576) o=3 b=0 410+1 p=0.746260ms (max 203.200843)...]
  25.103 [GC<0x118400108>: M a=1690kb hf=0.026 mu=0.584 v=111603kb (C:27 M:0 P1:111576) o=3 b=0 310+1 p=0.694882ms (max 203.200843)...]
  25.105 [GC<0x118400108>: M a=1690kb hf=0.026 mu=0.584 v=111603kb (C:27 M:0 P1:111576) o=3 b=0 210+1 p=0.669052ms (max 203.200843)...]
  25.107 [GC<0x118400108>: M a=1690kb hf=0.026 mu=0.584 v=111603kb (C:27 M:0 P1:111576) o=3 b=0 210+1 p=0.648141ms (max 203.200843)...]
  25.109 [GC<0x118400108>: M a=1690kb hf=0.026 mu=0.584 v=111603kb (C:27 M:0 P1:111576) o=3 b=0 10+1 p=0.742797ms (max 203.200843)...]
  25.111 [GC<0x118400108>: M a=1690kb hf=0.026 mu=0.584 v=111603kb (C:27 M:0 P1:111576) o=3 b=0 210+1 p=0.751489ms (max 203.200843)...]
  25.113 [GC<0x118400108>: M a=1690kb hf=0.026 mu=0.584 v=111603kb (C:27 M:0 P1:111576) o=3 b=0 10+1 p=0.743389ms (max 203.200843)...]
  25.115 [GC<0x118400108>: M a=1690kb hf=0.026 mu=0.584 v=111603kb (C:27 M:0 P1:111576) o=3 b=0 410+1 p=0.746075ms (max 203.200843)...]
  25.117 [GC<0x118400108>: M a=1690kb hf=0.026 mu=0.584 v=111603kb (C:27 M:0 P1:111576) o=3 b=0 410+1 p=0.754015ms (max 203.200843)...]
  25.119 [GC<0x118400108>: M a=1690kb hf=0.026 mu=0.584 v=111603kb (C:27 M:0 P1:111576) o=3 b=0 110+1 p=0.742843ms (max 203.200843)...]
  25.121 [GC<0x118400108>: M a=1690kb hf=0.026 mu=0.584 v=111603kb (C:27 M:0 P1:111576) o=3 b=0 10+1 p=0.934637ms (max 203.200843)...]
  25.123 [GC<0x118400108>: M a=1690kb hf=0.026 mu=0.584 v=111603kb (C:27 M:0 P1:111576) o=3 b=0 310+1 p=0.566917ms (max 203.200843)...]
  25.125 [GC<0x118400108>: M a=1690kb hf=0.026 mu=0.584 v=111603kb (C:27 M:0 P1:111576) o=3 b=0 310+1 p=0.742777ms (max 203.200843)...]
  25.127 [GC<0x118400108>: M a=1690kb hf=0.026 mu=0.584 v=111603kb (C:27 M:0 P1:111576) o=3 b=0 410+1 p=0.737433ms (max 203.200843)...]
  25.129 [GC<0x118400108>: M a=1690kb hf=0.026 mu=0.584 v=111603kb (C:27 M:0 P1:111576) o=3 b=0 310+1 p=0.747709ms (max 203.200843)...]
  25.131 [GC<0x118400108>: M a=1690kb hf=0.026 mu=0.584 v=111603kb (C:27 M:0 P1:111576) o=3 b=0 110+1 p=0.742787ms (max 203.200843)...]
  25.133 [GC<0x118400108>: M a=1690kb hf=0.026 mu=0.584 v=111603kb (C:27 M:0 P1:111576) o=3 b=0 0+1 p=0.751328ms (max 203.200843)...]
  25.135 [GC<0x118400108>: M a=1690kb hf=0.026 mu=0.584 v=111603kb (C:27 M:0 P1:111576) o=3 b=0 310+1 p=0.738521ms (max 203.200843)...]
  25.137 [GC<0x118400108>: M a=1690kb hf=0.026 mu=0.584 v=111603kb (C:27 M:0 P1:111576) o=3 b=0 310+1 p=0.702336ms (max 203.200843)...]
  25.139 [GC<0x118400108>: M a=1690kb hf=0.026 mu=0.584 v=111603kb (C:27 M:0 P1:111576) o=3 b=0 210+1 p=0.780808ms (max 203.200843)...]
  25.141 [GC<0x118400108>: M a=1690kb hf=0.026 mu=0.584 v=111603kb (C:27 M:0 P1:111576) o=3 b=0 310+1 p=0.666902ms (max 203.200843)...]
  25.143 [GC<0x118400108>: M a=1690kb hf=0.026 mu=0.584 v=111603kb (C:27 M:0 P1:111576) o=3 b=0 10+1 p=0.616938ms (max 203.200843)...]
  25.145 [GC<0x118400108>: M a=1690kb hf=0.026 mu=0.584 v=111603kb (C:27 M:0 P1:111576) o=3 b=0 10+1 p=0.655203ms (max 203.200843)...]
  25.147 [GC<0x118400108>: M a=1690kb hf=0.026 mu=0.584 v=111603kb (C:27 M:0 P1:111576) o=3 b=0 410+1 p=0.752451ms (max 203.200843)...]
  25.149 [GC<0x118400108>: M a=1690kb hf=0.026 mu=0.584 v=111603kb (C:27 M:0 P1:111576) o=3 b=0 10+1 p=0.749218ms (max 203.200843)...]
  25.151 [GC<0x118400108>: M a=1690kb hf=0.026 mu=0.584 v=111603kb (C:27 M:0 P1:111576) o=3 b=0 10+1 p=0.613855ms (max 203.200843)...]
  25.153 [GC<0x118400108>: M a=1690kb hf=0.026 mu=0.584 v=111603kb (C:27 M:0 P1:111576) o=3 b=0 10+1 p=0.605118ms (max 203.200843)...]
  25.155 [GC<0x118400108>: M a=1690kb hf=0.026 mu=0.584 v=111603kb (C:27 M:0 P1:111576) o=3 b=0 10+1 p=0.554351ms (max 203.200843)...]
  25.157 [GC<0x118400108>: M a=1690kb hf=0.026 mu=0.584 v=111603kb (C:27 M:0 P1:111576) o=3 b=0 210+1 p=0.666411ms (max 203.200843)...]
  25.159 [GC<0x118400108>: M a=1690kb hf=0.026 mu=0.584 v=111603kb (C:27 M:0 P1:111576) o=3 b=0 210+1 p=0.690697ms (max 203.200843)...]
  25.161 [GC<0x118400108>: M a=1690kb hf=0.026 mu=0.584 v=111603kb (C:27 M:0 P1:111576) o=3 b=0 410+1 p=0.684406ms (max 203.200843)...]
  25.163 [GC<0x118400108>: M a=1690kb hf=0.026 mu=0.584 v=111603kb (C:27 M:0 P1:111576) o=3 b=0 210+1 p=0.682592ms (max 203.200843)...]
  25.165 [GC<0x118400108>: M a=1690kb hf=0.026 mu=0.584 v=111603kb (C:27 M:0 P1:111576) o=3 b=0 10+1 p=0.674662ms (max 203.200843)...]
  25.167 [GC<0x118400108>: M a=1690kb hf=0.026 mu=0.584 v=111603kb (C:27 M:0 P1:111576) o=3 b=0 10+1 p=0.686496ms (max 203.200843)...]
  25.169 [GC<0x118400108>: M a=1690kb hf=0.026 mu=0.584 v=111603kb (C:27 M:0 P1:111576) o=3 b=0 410+1 p=0.703945ms (max 203.200843)...]
  25.171 [GC<0x118400108>: M a=1690kb hf=0.026 mu=0.584 v=111603kb (C:27 M:0 P1:111576) o=3 b=0 410+1 p=0.688050ms (max 203.200843)...]
  25.173 [GC<0x118400108>: M a=1690kb hf=0.026 mu=0.584 v=111603kb (C:27 M:0 P1:111576) o=3 b=0 210+1 p=0.685258ms (max 203.200843)...]
  25.175 [GC<0x118400108>: M a=1690kb hf=0.026 mu=0.584 v=111603kb (C:27 M:0 P1:111576) o=3 b=0 110+1 p=0.727584ms (max 203.200843)...]
  25.177 [GC<0x118400108>: M a=1690kb hf=0.026 mu=0.584 v=111603kb (C:27 M:0 P1:111576) o=3 b=0 110+1 p=0.631304ms (max 203.200843)...]
  25.179 [GC<0x118400108>: M a=1690kb hf=0.026 mu=0.584 v=111603kb (C:27 M:0 P1:111576) o=3 b=0 110+1 p=0.670501ms (max 203.200843)...]
  25.181 [GC<0x118400108>: M a=1690kb hf=0.026 mu=0.584 v=111603kb (C:27 M:0 P1:111576) o=3 b=0 310+1 p=0.689735ms (max 203.200843)...]
  25.183 [GC<0x118400108>: M a=1690kb hf=0.026 mu=0.584 v=111603kb (C:27 M:0 P1:111576) o=3 b=0 210+1 p=0.696431ms (max 203.200843)...]
  25.185 [GC<0x118400108>: M a=1690kb hf=0.026 mu=0.584 v=111603kb (C:27 M:0 P1:111576) o=3 b=0 10+1 p=0.724000ms (max 203.200843)...]
  25.187 [GC<0x118400108>: M a=1690kb hf=0.026 mu=0.584 v=111603kb (C:27 M:0 P1:111576) o=3 b=0 310+1 p=0.645714ms (max 203.200843)...]
  25.189 [GC<0x118400108>: M a=1690kb hf=0.026 mu=0.584 v=111603kb (C:27 M:0 P1:111576) o=3 b=0 410+1 p=0.693213ms (max 203.200843)...]
  25.191 [GC<0x118400108>: M a=1690kb hf=0.026 mu=0.584 v=111603kb (C:27 M:0 P1:111576) o=3 b=0 210+1 p=0.681002ms (max 203.200843)...]
  25.193 [GC<0x118400108>: M a=1690kb hf=0.026 mu=0.584 v=111603kb (C:27 M:0 P1:111576) o=3 b=0 110+1 p=0.693238ms (max 203.200843)...]
  25.195 [GC<0x118400108>: M a=1690kb hf=0.026 mu=0.584 v=111603kb (C:27 M:0 P1:111576) o=3 b=0 410+1 p=0.690276ms (max 203.200843)...]
  25.197 [GC<0x118400108>: M a=1690kb hf=0.026 mu=0.584 v=111603kb (C:27 M:0 P1:111576) o=3 b=0 110+1 p=0.719123ms (max 203.200843)...]
  25.199 [GC<0x118400108>: M a=1690kb hf=0.026 mu=0.584 v=111603kb (C:27 M:0 P1:111576) o=3 b=0 10+1 p=0.693810ms (max 203.200843)...]
  25.201 [GC<0x118400108>: M a=1690kb hf=0.026 mu=0.584 v=111603kb (C:27 M:0 P1:111576) o=3 b=0 210+1 p=1.081283ms (max 203.200843)...]
  25.205 [GC<0x118400108>: M a=1690kb hf=0.026 mu=0.584 v=111603kb (C:27 M:0 P1:111576) o=3 b=0 210+1 p=1.747228ms (max 203.200843)...]
  25.208 [GC<0x118400108>: M a=1690kb hf=0.026 mu=0.584 v=111603kb (C:27 M:0 P1:111576) o=3 b=0 410+1 p=1.299449ms (max 203.200843)...]
  25.219 [GC<0x118400108>: M a=2846kb hf=0.044 mu=0.574 v=111603kb (C:27 M:0 P1:111576) o=3 b=0 0+1 p=0.133168ms (max 203.200843)...]
  25.221 [GC<0x118400108>: M a=2846kb hf=0.044 mu=0.574 v=111603kb (C:27 M:0 P1:111576) o=3 b=0 0+1 p=0.860371ms (max 203.200843)...]
  25.223 [GC<0x118400108>: M a=2846kb hf=0.044 mu=0.574 v=111603kb (C:27 M:0 P1:111576) o=3 b=0 0+1 p=0.592471ms (max 203.200843)...]
  25.226 [GC<0x118400108>: M a=2846kb hf=0.044 mu=0.574 v=111603kb (C:27 M:0 P1:111576) o=3 b=0 0+1 p=0.952962ms (max 203.200843)...]
  25.235 [GC<0x118400108>: M a=3232kb hf=0.050 mu=0.570 v=111603kb (C:27 M:0 P1:111576) o=3 b=0 0+1 p=0.269268ms (max 203.200843)...]
  25.237 [GC<0x118400108>: M a=3232kb hf=0.050 mu=0.570 v=111603kb (C:27 M:0 P1:111576) o=3 b=0 0+1 p=0.691163ms (max 203.200843)...]
  25.239 [GC<0x118400108>: M a=3232kb hf=0.050 mu=0.570 v=111603kb (C:27 M:0 P1:111576) o=3 b=0 110+1 p=0.604622ms (max 203.200843)...]
  25.241 [GC<0x118400108>: M a=3232kb hf=0.050 mu=0.570 v=111603kb (C:27 M:0 P1:111576) o=3 b=0 110+1 p=0.722656ms (max 203.200843)...]
  25.244 [GC<0x118400108>: M a=3232kb hf=0.050 mu=0.570 v=111603kb (C:27 M:0 P1:111576) o=3 b=0 110+1 p=0.670200ms (max 203.200843)...]
  25.248 [GC<0x118400108>: M a=3607kb hf=0.056 mu=0.567 v=111603kb (C:27 M:0 P1:111576) o=3 b=0 0+1 p=1.146020ms (max 203.200843)...]
  25.250 [GC<0x118400108>: M a=3607kb hf=0.056 mu=0.567 v=111603kb (C:27 M:0 P1:111576) o=3 b=0 0+1 p=0.846060ms (max 203.200843)...]
  25.253 [GC<0x118400108>: M a=3993kb hf=0.062 mu=0.563 v=111603kb (C:27 M:0 P1:111576) o=3 b=0 0+1 p=0.737815ms (max 203.200843)...]
  25.255 [GC<0x118400108>: M a=3993kb hf=0.062 mu=0.563 v=111603kb (C:27 M:0 P1:111576) o=3 b=0 10+1 p=0.544336ms (max 203.200843)...]
  25.257 [GC<0x118400108>: M a=3993kb hf=0.062 mu=0.563 v=111603kb (C:27 M:0 P1:111576) o=3 b=0 10+1 p=0.772727ms (max 203.200843)...]
  25.268 [GC<0x118400108>: M a=4364kb hf=0.067 mu=0.560 v=111603kb (C:27 M:0 P1:111576) o=3 b=0 0+1 p=0.779639ms (max 203.200843)...]
  25.269 [GC<0x118400108>: M a=4364kb hf=0.067 mu=0.560 v=111603kb (C:27 M:0 P1:111576) o=3 b=0 0+1 p=0.610401ms (max 203.200843)...]
  25.272 [GC<0x118400108>: M a=4364kb hf=0.067 mu=0.560 v=111603kb (C:27 M:0 P1:111576) o=3 b=0 0+1 p=0.714060ms (max 203.200843)...]
  25.274 [GC<0x118400108>: M a=4364kb hf=0.067 mu=0.560 v=111603kb (C:27 M:0 P1:111576) o=3 b=0 0+1 p=0.604165ms (max 203.200843)...]
  25.275 [GC<0x118400108>: M a=4364kb hf=0.067 mu=0.560 v=111603kb (C:27 M:0 P1:111576) o=3 b=0 0+1 p=0.589904ms (max 203.200843)...]
  25.277 [GC<0x118400108>: M a=4364kb hf=0.067 mu=0.560 v=111603kb (C:27 M:0 P1:111576) o=3 b=0 0+1 p=0.625805ms (max 203.200843)...]
  25.279 [GC<0x118400108>: M a=4364kb hf=0.067 mu=0.560 v=111603kb (C:27 M:0 P1:111576) o=3 b=0 0+1 p=0.585053ms (max 203.200843)...]
  25.281 [GC<0x118400108>: M a=4364kb hf=0.067 mu=0.560 v=111603kb (C:27 M:0 P1:111576) o=3 b=0 0+1 p=0.598867ms (max 203.200843)...]
  25.283 [GC<0x118400108>: M a=4364kb hf=0.067 mu=0.560 v=111603kb (C:27 M:0 P1:111576) o=3 b=0 0+1 p=0.614160ms (max 203.200843)...]
  25.285 [GC<0x118400108>: M a=4364kb hf=0.067 mu=0.560 v=111603kb (C:27 M:0 P1:111576) o=3 b=0 410+1 p=0.725645ms (max 203.200843)...]
  25.287 [GC<0x118400108>: M a=4710kb hf=0.073 mu=0.556 v=111603kb (C:27 M:0 P1:111576) o=3 b=0 0+1 p=0.728361ms (max 203.200843)...]
  25.289 [GC<0x118400108>: M a=4741kb hf=0.073 mu=0.556 v=111603kb (C:27 M:0 P1:111576) o=3 b=0 0+1 p=0.628857ms (max 203.200843)...]
  25.291 [GC<0x118400108>: M a=4741kb hf=0.073 mu=0.556 v=111603kb (C:27 M:0 P1:111576) o=3 b=0 0+1 p=0.607468ms (max 203.200843)...]
  25.293 [GC<0x118400108>: M a=4741kb hf=0.073 mu=0.556 v=111603kb (C:27 M:0 P1:111576) o=3 b=0 0+1 p=0.590576ms (max 203.200843)...]
  25.295 [GC<0x118400108>: M a=4741kb hf=0.073 mu=0.556 v=111603kb (C:27 M:0 P1:111576) o=3 b=0 0+1 p=0.604908ms (max 203.200843)...]
  25.297 [GC<0x118400108>: M a=4741kb hf=0.073 mu=0.556 v=111603kb (C:27 M:0 P1:111576) o=3 b=0 410+1 p=0.723604ms (max 203.200843)...]
  25.299 [GC<0x118400108>: M a=4741kb hf=0.073 mu=0.556 v=111603kb (C:27 M:0 P1:111576) o=3 b=0 110+1 p=0.720913ms (max 203.200843)...]
  25.301 [GC<0x118400108>: M a=4741kb hf=0.073 mu=0.556 v=111603kb (C:27 M:0 P1:111576) o=3 b=0 310+1 p=0.666737ms (max 203.200843)...]
  25.303 [GC<0x118400108>: M a=4741kb hf=0.073 mu=0.556 v=111603kb (C:27 M:0 P1:111576) o=3 b=0 0+1 p=0.738527ms (max 203.200843)...]
  25.305 [GC<0x118400108>: M a=4741kb hf=0.073 mu=0.556 v=111603kb (C:27 M:0 P1:111576) o=3 b=0 10+1 p=0.723188ms (max 203.200843)...]
  25.307 [GC<0x118400108>: M a=4741kb hf=0.073 mu=0.556 v=111603kb (C:27 M:0 P1:111576) o=3 b=0 310+1 p=0.585840ms (max 203.200843)...]
  25.309 [GC<0x118400108>: M a=4772kb hf=0.074 mu=0.556 v=111603kb (C:27 M:0 P1:111576) o=3 b=0 0+1 p=0.791634ms (max 203.200843)...]
  25.311 [GC<0x118400108>: M a=4772kb hf=0.074 mu=0.556 v=111603kb (C:27 M:0 P1:111576) o=3 b=0 10+1 p=0.714772ms (max 203.200843)...]
  25.313 [GC<0x118400108>: M a=4772kb hf=0.074 mu=0.556 v=111603kb (C:27 M:0 P1:111576) o=3 b=0 310+1 p=0.722015ms (max 203.200843)...]
  25.315 [GC<0x118400108>: M a=4772kb hf=0.074 mu=0.556 v=111603kb (C:27 M:0 P1:111576) o=3 b=0 10+1 p=0.714026ms (max 203.200843)...]
  25.317 [GC<0x118400108>: M a=4772kb hf=0.074 mu=0.556 v=111603kb (C:27 M:0 P1:111576) o=3 b=0 310+1 p=0.714682ms (max 203.200843)...]
  25.319 [GC<0x118400108>: M a=4772kb hf=0.074 mu=0.556 v=111603kb (C:27 M:0 P1:111576) o=3 b=0 310+1 p=0.724306ms (max 203.200843)...]
  25.321 [GC<0x118400108>: M a=4772kb hf=0.074 mu=0.556 v=111603kb (C:27 M:0 P1:111576) o=3 b=0 10+1 p=0.602306ms (max 203.200843)...]
  25.323 [GC<0x118400108>: M a=4772kb hf=0.074 mu=0.556 v=111603kb (C:27 M:0 P1:111576) o=3 b=0 10+1 p=0.731614ms (max 203.200843)...]
  25.325 [GC<0x118400108>: M a=4772kb hf=0.074 mu=0.556 v=111603kb (C:27 M:0 P1:111576) o=3 b=0 110+1 p=0.728606ms (max 203.200843)...]
  25.327 [GC<0x118400108>: M a=4772kb hf=0.074 mu=0.556 v=111603kb (C:27 M:0 P1:111576) o=3 b=0 110+1 p=0.725704ms (max 203.200843)...]
  25.329 [GC<0x118400108>: M a=4772kb hf=0.074 mu=0.556 v=111603kb (C:27 M:0 P1:111576) o=3 b=0 110+1 p=0.730566ms (max 203.200843)...]
  25.331 [GC<0x118400108>: M a=4772kb hf=0.074 mu=0.556 v=111603kb (C:27 M:0 P1:111576) o=3 b=0 210+1 p=0.734050ms (max 203.200843)...]
  25.333 [GC<0x118400108>: M a=4772kb hf=0.074 mu=0.556 v=111603kb (C:27 M:0 P1:111576) o=3 b=0 410+1 p=0.666983ms (max 203.200843)...]
  25.335 [GC<0x118400108>: M a=4772kb hf=0.074 mu=0.556 v=111603kb (C:27 M:0 P1:111576) o=3 b=0 210+1 p=0.720812ms (max 203.200843)...]
  25.337 [GC<0x118400108>: M a=4772kb hf=0.074 mu=0.556 v=111603kb (C:27 M:0 P1:111576) o=3 b=0 110+1 p=0.711830ms (max 203.200843)...]
  25.339 [GC<0x118400108>: M a=4772kb hf=0.074 mu=0.556 v=111603kb (C:27 M:0 P1:111576) o=3 b=0 10+1 p=0.814742ms (max 203.200843)...]
  25.341 [GC<0x118400108>: M a=4772kb hf=0.074 mu=0.556 v=111603kb (C:27 M:0 P1:111576) o=3 b=0 10+1 p=0.637143ms (max 203.200843)...]
  25.343 [GC<0x118400108>: M a=4772kb hf=0.074 mu=0.556 v=111603kb (C:27 M:0 P1:111576) o=3 b=0 110+1 p=0.734010ms (max 203.200843)...]
  25.345 [GC<0x118400108>: M a=4772kb hf=0.074 mu=0.556 v=111603kb (C:27 M:0 P1:111576) o=3 b=0 210+1 p=0.724567ms (max 203.200843)...]
  25.347 [GC<0x118400108>: M a=4772kb hf=0.074 mu=0.556 v=111603kb (C:27 M:0 P1:111576) o=3 b=0 10+1 p=0.727760ms (max 203.200843)...]
  25.349 [GC<0x118400108>: M a=4772kb hf=0.074 mu=0.556 v=111603kb (C:27 M:0 P1:111576) o=3 b=0 210+1 p=0.708061ms (max 203.200843)...]
  25.351 [GC<0x118400108>: M a=4772kb hf=0.074 mu=0.556 v=111603kb (C:27 M:0 P1:111576) o=3 b=0 110+1 p=0.715689ms (max 203.200843)...]
  25.353 [GC<0x118400108>: M a=4772kb hf=0.074 mu=0.556 v=111603kb (C:27 M:0 P1:111576) o=3 b=0 10+1 p=0.711839ms (max 203.200843)...]
  25.355 [GC<0x118400108>: M a=4772kb hf=0.074 mu=0.556 v=111603kb (C:27 M:0 P1:111576) o=3 b=0 10+1 p=0.585068ms (max 203.200843)...]
  25.357 [GC<0x118400108>: M a=4772kb hf=0.074 mu=0.556 v=111603kb (C:27 M:0 P1:111576) o=3 b=0 10+1 p=0.722471ms (max 203.200843)...]
  25.359 [GC<0x118400108>: M a=4772kb hf=0.074 mu=0.556 v=111603kb (C:27 M:0 P1:111576) o=3 b=0 210+1 p=0.782556ms (max 203.200843)...]
  25.361 [GC<0x118400108>: M a=4772kb hf=0.074 mu=0.556 v=111603kb (C:27 M:0 P1:111576) o=3 b=0 410+1 p=0.661394ms (max 203.200843)...]
  25.363 [GC<0x118400108>: M a=4772kb hf=0.074 mu=0.556 v=111603kb (C:27 M:0 P1:111576) o=3 b=0 110+1 p=0.707765ms (max 203.200843)...]
  25.365 [GC<0x118400108>: M a=5127kb hf=0.079 mu=0.553 v=111603kb (C:27 M:0 P1:111576) o=3 b=0 0+1 p=0.797093ms (max 203.200843)...]
  25.367 [GC<0x118400108>: M a=5127kb hf=0.079 mu=0.553 v=111603kb (C:27 M:0 P1:111576) o=3 b=0 310+1 p=0.703003ms (max 203.200843)...]
  25.369 [GC<0x118400108>: M a=5127kb hf=0.079 mu=0.553 v=111603kb (C:27 M:0 P1:111576) o=3 b=0 110+1 p=0.704146ms (max 203.200843)...]
  25.371 [GC<0x118400108>: M a=5127kb hf=0.079 mu=0.553 v=111603kb (C:27 M:0 P1:111576) o=3 b=0 10+1 p=0.731815ms (max 203.200843)...]
  25.373 [GC<0x118400108>: M a=5127kb hf=0.079 mu=0.553 v=111603kb (C:27 M:0 P1:111576) o=3 b=0 210+1 p=0.718205ms (max 203.200843)...]
  25.375 [GC<0x118400108>: M a=5127kb hf=0.079 mu=0.553 v=111603kb (C:27 M:0 P1:111576) o=3 b=0 10+1 p=0.708281ms (max 203.200843)...]
  25.377 [GC<0x118400108>: M a=5127kb hf=0.079 mu=0.553 v=111603kb (C:27 M:0 P1:111576) o=3 b=0 10+1 p=0.727063ms (max 203.200843)...]
  25.379 [GC<0x118400108>: M a=5127kb hf=0.079 mu=0.553 v=111603kb (C:27 M:0 P1:111576) o=3 b=0 310+1 p=0.723349ms (max 203.200843)...]
  25.381 [GC<0x118400108>: M a=5127kb hf=0.079 mu=0.553 v=111603kb (C:27 M:0 P1:111576) o=3 b=0 10+1 p=0.718066ms (max 203.200843)...]
  25.383 [GC<0x118400108>: M a=5127kb hf=0.079 mu=0.553 v=111603kb (C:27 M:0 P1:111576) o=3 b=0 310+1 p=0.719895ms (max 203.200843)...]
  25.385 [GC<0x118400108>: M a=5127kb hf=0.079 mu=0.553 v=111603kb (C:27 M:0 P1:111576) o=3 b=0 110+1 p=0.723173ms (max 203.200843)...]
  25.387 [GC<0x118400108>: M a=5127kb hf=0.079 mu=0.553 v=111603kb (C:27 M:0 P1:111576) o=3 b=0 410+1 p=0.792066ms (max 203.200843)...]
  25.389 [GC<0x118400108>: M a=5127kb hf=0.079 mu=0.553 v=111603kb (C:27 M:0 P1:111576) o=3 b=0 110+1 p=0.705689ms (max 203.200843)...]
  25.391 [GC<0x118400108>: M a=5500kb hf=0.085 mu=0.549 v=111603kb (C:27 M:0 P1:111576) o=3 b=0 0+1 p=0.627063ms (max 203.200843)...]
  25.400 [GC<0x118400108>: M a=5879kb hf=0.091 mu=0.546 v=111603kb (C:27 M:0 P1:111576) o=3 b=0 0+1 p=0.649749ms (max 203.200843)...]
  25.402 [GC<0x118400108>: M a=5879kb hf=0.091 mu=0.546 v=111603kb (C:27 M:0 P1:111576) o=3 b=0 0+1 p=0.574942ms (max 203.200843)...]
  25.403 [GC<0x118400108>: M a=5879kb hf=0.091 mu=0.546 v=111603kb (C:27 M:0 P1:111576) o=3 b=0 0+1 p=0.577073ms (max 203.200843)...]
  25.405 [GC<0x118400108>: M a=5879kb hf=0.091 mu=0.546 v=111603kb (C:27 M:0 P1:111576) o=3 b=0 0+1 p=0.607554ms (max 203.200843)...]
  25.407 [GC<0x118400108>: M a=5879kb hf=0.091 mu=0.546 v=111603kb (C:27 M:0 P1:111576) o=3 b=0 0+1 p=0.590867ms (max 203.200843)...]
  25.409 [GC<0x118400108>: M a=5879kb hf=0.091 mu=0.546 v=111603kb (C:27 M:0 P1:111576) o=3 b=0 0+1 p=0.597414ms (max 203.200843)...]
  25.411 [GC<0x118400108>: M a=5879kb hf=0.091 mu=0.546 v=111603kb (C:27 M:0 P1:111576) o=3 b=0 0+1 p=0.647123ms (max 203.200843)...]
  25.413 [GC<0x118400108>: M a=5879kb hf=0.091 mu=0.546 v=111603kb (C:27 M:0 P1:111576) o=3 b=0 10+1 p=0.713975ms (max 203.200843)...]
  25.415 [GC<0x118400108>: M a=5879kb hf=0.091 mu=0.546 v=111603kb (C:27 M:0 P1:111576) o=3 b=0 410+1 p=0.711388ms (max 203.200843)...]
  25.417 [GC<0x118400108>: M a=5879kb hf=0.091 mu=0.546 v=111603kb (C:27 M:0 P1:111576) o=3 b=0 410+1 p=0.712802ms (max 203.200843)...]
  25.419 [GC<0x118400108>: M a=5879kb hf=0.091 mu=0.546 v=111603kb (C:27 M:0 P1:111576) o=3 b=0 210+1 p=0.705729ms (max 203.200843)...]
  25.421 [GC<0x118400108>: M a=5879kb hf=0.091 mu=0.546 v=111603kb (C:27 M:0 P1:111576) o=3 b=0 310+1 p=0.700682ms (max 203.200843)...]
  25.423 [GC<0x118400108>: M a=5879kb hf=0.091 mu=0.546 v=111603kb (C:27 M:0 P1:111576) o=3 b=0 410+1 p=0.606196ms (max 203.200843)...]
  25.425 [GC<0x118400108>: M a=5879kb hf=0.091 mu=0.546 v=111603kb (C:27 M:0 P1:111576) o=3 b=0 410+1 p=0.724241ms (max 203.200843)...]
  25.427 [GC<0x118400108>: M a=5879kb hf=0.091 mu=0.546 v=111603kb (C:27 M:0 P1:111576) o=3 b=0 410+1 p=0.707860ms (max 203.200843)...]
  25.429 [GC<0x118400108>: M a=5879kb hf=0.091 mu=0.546 v=111603kb (C:27 M:0 P1:111576) o=3 b=0 310+1 p=0.691795ms (max 203.200843)...]
  25.431 [GC<0x118400108>: M a=5879kb hf=0.091 mu=0.546 v=111603kb (C:27 M:0 P1:111576) o=3 b=0 10+1 p=0.724226ms (max 203.200843)...]
  25.433 [GC<0x118400108>: M a=5879kb hf=0.091 mu=0.546 v=111603kb (C:27 M:0 P1:111576) o=3 b=0 310+1 p=0.721965ms (max 203.200843)...]
  25.435 [GC<0x118400108>: M a=5879kb hf=0.091 mu=0.546 v=111603kb (C:27 M:0 P1:111576) o=3 b=0 210+1 p=0.721368ms (max 203.200843)...]
  25.437 [GC<0x118400108>: M a=5879kb hf=0.091 mu=0.546 v=111603kb (C:27 M:0 P1:111576) o=3 b=0 10+1 p=0.730461ms (max 203.200843)...]
  25.439 [GC<0x118400108>: M a=5879kb hf=0.091 mu=0.546 v=111603kb (C:27 M:0 P1:111576) o=3 b=0 410+1 p=0.721068ms (max 203.200843)...]
  25.441 [GC<0x118400108>: M a=5879kb hf=0.091 mu=0.546 v=111603kb (C:27 M:0 P1:111576) o=3 b=0 210+1 p=0.722260ms (max 203.200843)...]
  25.443 [GC<0x118400108>: M a=5879kb hf=0.091 mu=0.546 v=111603kb (C:27 M:0 P1:111576) o=3 b=0 510+1 p=0.732582ms (max 203.200843)...]
  25.445 [GC<0x118400108>: M a=5879kb hf=0.091 mu=0.546 v=111603kb (C:27 M:0 P1:111576) o=3 b=0 210+1 p=0.720115ms (max 203.200843)...]
  25.456 [GC<0x118400108>: M a=5879kb hf=0.091 mu=0.546 v=111603kb (C:27 M:0 P1:111576) o=3 b=0 10+1 v=111603kb (C:27 M:0 P1:111576) o=3 b=0 i#2:N<WsOJw>Pbc 1+1 v=111604kb (C:27 M:0 P1:111576) o=3 b=0 i#3:P<WsJwOMsm(1)>Pbc 0+1 v=111604kb (C:27 M:0 P1:111576) o=3 b=0 i#4:P<Cs> 0+0 v=111605kb (C:28 M:0 P1:111576) o=3 b=0 i#5:P<CsMsm(0)ShMsrDCbDomoWsJwO>Pbc => 273679kb, p=10.069375ms (max 203.200843), cycle 741.345365ms END]
  25.456 GC END!
  25.457 [GC<0x118400108>: epilogue 0.093083ms]
  30.424 [GC<0x118400108>: START M 305927kb => EdenCollection, a=0kb hf=0.000 mu=0.600 v=0kb (C:0 M:0 P1:0) o=3 b=2 i#1:N<CsMsrShDMsm(4)> 0+0 v=0kb (C:0 M:0 P1:0) o=3 b=2 i#2:N<WsOJw>Pbc 0+0 v=0kb (C:0 M:0 P1:0) o=3 b=2 i#3:P<Msm(0)CsShMsrDCbDomoWsJwO>Pbc => 273681kb, p=1.432050ms (max 203.200843), cycle 1.356025ms END]
  30.424 GC END!
  30.424 [GC<0x118400108>: epilogue 0.027524ms]
  35.458 [GC<0x118400108>: START M 278537kb => FullCollection, a=0kb hf=0.000 mu=0.600 v=0kb (C:0 M:0 P1:0) o=0 b=0 i#1:N<CsMsrShDMsm(0)> 130+0 v=171kb (C:95 M:0 P1:76) o=3 b=0 i#2:N<WsOJw>Pbc 2+0 v=172kb (C:96 M:0 P1:76) o=3 b=0 i#3:P<WsJwOMsrShMsm(0)CsDCbDomo>Pbc => 212kb, p=1.621819ms (max 203.200843), cycle 1.575328ms END]
  35.458 GC END!
  35.458 [GC<0x118400108>: epilogue 0.143904ms]
  75.887 TIGER-EXIT pid 0x4a1
  75.887  thread 0x117 state-kr 0x0 pc 0x90009817 leaf mach_msg_trap+0x7 frames: 0x90009817 0x9004626a 0x2dff05
  75.967 TIGER-EXIT pid 0x4a5
  75.967  thread 0xd03 state-kr 0x0 pc 0x10b6dfe4e leaf mach_msg_trap+0xa crashinfo 0x206 0x270 0x0 0xe03 0x3 0x7fff5fbff430 0x270 frames: 0x10b6dfe4e 0x10b69511d 0x100329acc 0x10b684c75 0x10b684a0c 0x100001c53 0x100001b61 0x3
