   0.361 TigerWK2App: loading https://en.wikipedia.org/wiki/Mac_OS_X_Tiger
   0.534 [com.apple.WebKit:Process:4] 0x109a011a0 - NetworkProcess::initializeNetworkProcess: Presenting processPID=3497
   0.548 [com.apple.WebKit:Process:4] getNetworkProcessConnection: Request connection for core identifier 3
   0.550 [com.apple.WebKit:Process:4] 0x109a011a0 - NetworkProcess::createNetworkConnectionToWebProcess: Create connection for web process core identifier 3
   0.551 [com.apple.WebKit:Process:4] 0x109a02e00 - NetworkConnectionToWebProcess::NetworkConnectionToWebProcess: Create connection for web process core identifier 3
   0.551 [com.apple.WebKit:Process:4] 0x109a02e00 - NetworkConnectionToWebProcess::NetworkConnectionToWebProcess: Connection for web process core identifier 3 established service worker server connection
   0.551 [com.apple.WebKit:Process:4] 0x109a02e00 - NetworkConnectionToWebProcess::NetworkConnectionToWebProcess: Connection for web process core identifier 3 established shared worker connection
   0.551 [com.apple.WebKit:Process:4] 0x109a011a0 - NetworkProcess::createNetworkConnectionToWebProcess: Finished creating connection for web process core identifier 3, notifying the UI process
   0.556 [com.apple.WebKit:Process:4] 0x109a011a0 - NetworkProcess::createNetworkConnectionToWebProcess: Handed off connect for web process core identifier 3 to the UI process
   0.611 [com.apple.WebKit:Process:4] 0x109c011a0 - [sessionID=1] WebProcess::initializeWebProcess: Presenting processPID=3493
   0.612 [com.apple.WebKit:Loading:4] 0x10c024400 - [webPageID=5] WebPage::constructor:
   0.617 [com.apple.WebKit:Loading:4] WebPreferencesStore: non-default preferences: UseGPUProcessForDOMRenderingEnabled=false, AcceleratedCompositingEnabled=false
   0.645 [com.apple.WebKit:Loading:4] [webPageID=5] WebPage::loadRequest: navigationID=11, shouldTreatAsContinuingLoad=0, lastNavigationWasAppInitiated=1, existingNetworkResourceLoadIdentifierToResume=0
   0.656 [com.apple.WebKit:Process:4] GPUProcessConnection::create(12)
   0.662 [com.apple.WebKit:Loading:4] 0x109a02e00 - [webProcessIdentifier=3] NetworkConnectionToWebProcess::scheduleResourceLoad: (parentPID=3493, pageProxyID=4, webPageID=5, frameID=4294967297, resourceID=13, existingLoaderToResume=0)
   0.662 [com.apple.WebKit:Loading:4] 0x109a02e00 - [webProcessIdentifier=3] NetworkConnectionToWebProcess::scheduleResourceLoad: Deferring resource load until service worker registrations for origin are imported
   0.662 [com.apple.WebKit:Loading:4] 0x109a02e00 - [webProcessIdentifier=3] NetworkConnectionToWebProcess::scheduleResourceLoad: (parentPID=3493, pageProxyID=4, webPageID=5, frameID=4294967297, resourceID=13, existingLoaderToResume=0)
   0.662 [com.apple.WebKit:Loading:4] 0x109a02e00 - [webProcessIdentifier=3] NetworkConnectionToWebProcess::resolveBlobReferences: (parentPID=3493, pageProxyID=4, webPageID=5, frameID=4294967297, resourceID=13)
   0.914 [com.apple.WebKit:Process:4] GPUProcessConnection::didInitialize(12)
   1.021 [com.apple.WebKit:Loading:4] 0x109a02e00 - [webProcessIdentifier=3] NetworkConnectionToWebProcess::scheduleResourceLoad: (parentPID=3493, pageProxyID=4, webPageID=5, frameID=4294967297, resourceID=20, existingLoaderToResume=0)
   1.022 [com.apple.WebKit:Loading:4] 0x109a02e00 - [webProcessIdentifier=3] NetworkConnectionToWebProcess::resolveBlobReferences: (parentPID=3493, pageProxyID=4, webPageID=5, frameID=4294967297, resourceID=20)
   1.022 [com.apple.WebKit:Loading:4] 0x109a02e00 - [webProcessIdentifier=3] NetworkConnectionToWebProcess::scheduleResourceLoad: (parentPID=3493, pageProxyID=4, webPageID=5, frameID=4294967297, resourceID=21, existingLoaderToResume=0)
   1.022 [com.apple.WebKit:Loading:4] 0x109a02e00 - [webProcessIdentifier=3] NetworkConnectionToWebProcess::resolveBlobReferences: (parentPID=3493, pageProxyID=4, webPageID=5, frameID=4294967297, resourceID=21)
   1.023 [com.apple.WebKit:Loading:4] 0x109a02e00 - [webProcessIdentifier=3] NetworkConnectionToWebProcess::scheduleResourceLoad: (parentPID=3493, pageProxyID=4, webPageID=5, frameID=4294967297, resourceID=22, existingLoaderToResume=0)
   1.023 [com.apple.WebKit:Loading:4] 0x109a02e00 - [webProcessIdentifier=3] NetworkConnectionToWebProcess::resolveBlobReferences: (parentPID=3493, pageProxyID=4, webPageID=5, frameID=4294967297, resourceID=22)
   1.041 [com.apple.WebKit:Loading:4] 0x109a02e00 - [webProcessIdentifier=3] NetworkConnectionToWebProcess::scheduleResourceLoad: (parentPID=3493, pageProxyID=4, webPageID=5, frameID=4294967297, resourceID=23, existingLoaderToResume=0)
   1.041 [com.apple.WebKit:Loading:4] 0x109a02e00 - [webProcessIdentifier=3] NetworkConnectionToWebProcess::resolveBlobReferences: (parentPID=3493, pageProxyID=4, webPageID=5, frameID=4294967297, resourceID=23)
   1.042 [com.apple.WebKit:Loading:4] 0x109a02e00 - [webProcessIdentifier=3] NetworkConnectionToWebProcess::scheduleResourceLoad: (parentPID=3493, pageProxyID=4, webPageID=5, frameID=4294967297, resourceID=24, existingLoaderToResume=0)
   1.042 [com.apple.WebKit:Loading:4] 0x109a02e00 - [webProcessIdentifier=3] NetworkConnectionToWebProcess::resolveBlobReferences: (parentPID=3493, pageProxyID=4, webPageID=5, frameID=4294967297, resourceID=24)
   1.043 [com.apple.WebKit:Loading:4] 0x109a02e00 - [webProcessIdentifier=3] NetworkConnectionToWebProcess::scheduleResourceLoad: (parentPID=3493, pageProxyID=4, webPageID=5, frameID=4294967297, resourceID=25, existingLoaderToResume=0)
   1.043 [com.apple.WebKit:Loading:4] 0x109a02e00 - [webProcessIdentifier=3] NetworkConnectionToWebProcess::resolveBlobReferences: (parentPID=3493, pageProxyID=4, webPageID=5, frameID=4294967297, resourceID=25)
   1.096 [com.apple.WebKit:Loading:4] 0x109a02e00 - [webProcessIdentifier=3] NetworkConnectionToWebProcess::scheduleResourceLoad: (parentPID=3493, pageProxyID=4, webPageID=5, frameID=4294967297, resourceID=26, existingLoaderToResume=0)
   1.096 [com.apple.WebKit:Loading:4] 0x109a02e00 - [webProcessIdentifier=3] NetworkConnectionToWebProcess::resolveBlobReferences: (parentPID=3493, pageProxyID=4, webPageID=5, frameID=4294967297, resourceID=26)
   1.497 [com.apple.WebKit:Loading:4] 0x109a02e00 - [webProcessIdentifier=3] NetworkConnectionToWebProcess::scheduleResourceLoad: (parentPID=3493, pageProxyID=4, webPageID=5, frameID=4294967297, resourceID=36, existingLoaderToResume=0)
   1.497 [com.apple.WebKit:Loading:4] 0x109a02e00 - [webProcessIdentifier=3] NetworkConnectionToWebProcess::resolveBlobReferences: (parentPID=3493, pageProxyID=4, webPageID=5, frameID=4294967297, resourceID=36)
   1.499 [com.apple.WebKit:Loading:4] 0x109a02e00 - [webProcessIdentifier=3] NetworkConnectionToWebProcess::scheduleResourceLoad: (parentPID=3493, pageProxyID=4, webPageID=5, frameID=4294967297, resourceID=37, existingLoaderToResume=0)
   1.499 [com.apple.WebKit:Loading:4] 0x109a02e00 - [webProcessIdentifier=3] NetworkConnectionToWebProcess::resolveBlobReferences: (parentPID=3493, pageProxyID=4, webPageID=5, frameID=4294967297, resourceID=37)
   1.502 [com.apple.WebKit:Loading:4] 0x109a02e00 - [webProcessIdentifier=3] NetworkConnectionToWebProcess::scheduleResourceLoad: (parentPID=3493, pageProxyID=4, webPageID=5, frameID=4294967297, resourceID=38, existingLoaderToResume=0)
   1.502 [com.apple.WebKit:Loading:4] 0x109a02e00 - [webProcessIdentifier=3] NetworkConnectionToWebProcess::resolveBlobReferences: (parentPID=3493, pageProxyID=4, webPageID=5, frameID=4294967297, resourceID=38)
   1.506 [com.apple.WebKit:Loading:4] 0x109a02e00 - [webProcessIdentifier=3] NetworkConnectionToWebProcess::scheduleResourceLoad: (parentPID=3493, pageProxyID=4, webPageID=5, frameID=4294967297, resourceID=41, existingLoaderToResume=0)
   1.506 [com.apple.WebKit:Loading:4] 0x109a02e00 - [webProcessIdentifier=3] NetworkConnectionToWebProcess::resolveBlobReferences: (parentPID=3493, pageProxyID=4, webPageID=5, frameID=4294967297, resourceID=41)
   1.507 [com.apple.WebKit:Loading:4] 0x109a02e00 - [webProcessIdentifier=3] NetworkConnectionToWebProcess::scheduleResourceLoad: (parentPID=3493, pageProxyID=4, webPageID=5, frameID=4294967297, resourceID=42, existingLoaderToResume=0)
   1.507 [com.apple.WebKit:Loading:4] 0x109a02e00 - [webProcessIdentifier=3] NetworkConnectionToWebProcess::resolveBlobReferences: (parentPID=3493, pageProxyID=4, webPageID=5, frameID=4294967297, resourceID=42)
   1.510 [com.apple.WebKit:Loading:4] 0x109a02e00 - [webProcessIdentifier=3] NetworkConnectionToWebProcess::scheduleResourceLoad: (parentPID=3493, pageProxyID=4, webPageID=5, frameID=4294967297, resourceID=43, existingLoaderToResume=0)
   1.511 [com.apple.WebKit:Loading:4] 0x109a02e00 - [webProcessIdentifier=3] NetworkConnectionToWebProcess::resolveBlobReferences: (parentPID=3493, pageProxyID=4, webPageID=5, frameID=4294967297, resourceID=43)
   1.516 [com.apple.WebKit:Loading:4] 0x109a02e00 - [webProcessIdentifier=3] NetworkConnectionToWebProcess::scheduleResourceLoad: (parentPID=3493, pageProxyID=4, webPageID=5, frameID=4294967297, resourceID=44, existingLoaderToResume=0)
   1.516 [com.apple.WebKit:Loading:4] 0x109a02e00 - [webProcessIdentifier=3] NetworkConnectionToWebProcess::resolveBlobReferences: (parentPID=3493, pageProxyID=4, webPageID=5, frameID=4294967297, resourceID=44)
   1.539 [com.apple.WebKit:Loading:4] 0x109a02e00 - [webProcessIdentifier=3] NetworkConnectionToWebProcess::scheduleResourceLoad: (parentPID=3493, pageProxyID=4, webPageID=5, frameID=4294967297, resourceID=45, existingLoaderToResume=0)
   1.539 [com.apple.WebKit:Loading:4] 0x109a02e00 - [webProcessIdentifier=3] NetworkConnectionToWebProcess::resolveBlobReferences: (parentPID=3493, pageProxyID=4, webPageID=5, frameID=4294967297, resourceID=45)
   1.671 [com.apple.WebKit:Loading:4] 0x109a02e00 - [webProcessIdentifier=3] NetworkConnectionToWebProcess::scheduleResourceLoad: (parentPID=3493, pageProxyID=4, webPageID=5, frameID=4294967297, resourceID=70, existingLoaderToResume=0)
   1.671 [com.apple.WebKit:Loading:4] 0x109a02e00 - [webProcessIdentifier=3] NetworkConnectionToWebProcess::resolveBlobReferences: (parentPID=3493, pageProxyID=4, webPageID=5, frameID=4294967297, resourceID=70)
   1.830 [com.apple.WebKit:Loading:4] 0x109a02e00 - [webProcessIdentifier=3] NetworkConnectionToWebProcess::scheduleResourceLoad: (parentPID=3493, pageProxyID=4, webPageID=5, frameID=4294967297, resourceID=71, existingLoaderToResume=0)
   1.830 [com.apple.WebKit:Loading:4] 0x109a02e00 - [webProcessIdentifier=3] NetworkConnectionToWebProcess::resolveBlobReferences: (parentPID=3493, pageProxyID=4, webPageID=5, frameID=4294967297, resourceID=71)
   1.831 [com.apple.WebKit:Loading:4] 0x109a02e00 - [webProcessIdentifier=3] NetworkConnectionToWebProcess::scheduleResourceLoad: (parentPID=3493, pageProxyID=4, webPageID=5, frameID=4294967297, resourceID=72, existingLoaderToResume=0)
   1.831 [com.apple.WebKit:Loading:4] 0x109a02e00 - [webProcessIdentifier=3] NetworkConnectionToWebProcess::resolveBlobReferences: (parentPID=3493, pageProxyID=4, webPageID=5, frameID=4294967297, resourceID=72)
   2.240 [com.apple.WebKit:Loading:4] 0x109a02e00 - [webProcessIdentifier=3] NetworkConnectionToWebProcess::scheduleResourceLoad: (parentPID=3493, pageProxyID=4, webPageID=5, frameID=4294967297, resourceID=83, existingLoaderToResume=0)
   2.240 [com.apple.WebKit:Loading:4] 0x109a02e00 - [webProcessIdentifier=3] NetworkConnectionToWebProcess::resolveBlobReferences: (parentPID=3493, pageProxyID=4, webPageID=5, frameID=4294967297, resourceID=83)
   3.250 [com.apple.WebKit:Loading:4] 0x109a02e00 - [webProcessIdentifier=3] NetworkConnectionToWebProcess::scheduleResourceLoad: (parentPID=3493, pageProxyID=4, webPageID=5, frameID=4294967297, resourceID=92, existingLoaderToResume=0)
   3.250 [com.apple.WebKit:Loading:4] 0x109a02e00 - [webProcessIdentifier=3] NetworkConnectionToWebProcess::resolveBlobReferences: (parentPID=3493, pageProxyID=4, webPageID=5, frameID=4294967297, resourceID=92)
