   0.201 2026-09-23 12:28:23.562 TigerBrowser2[24413] *** _NSAutoreleaseNoPool(): Object 0x7c09180 of class NSCFString autoreleased with no pool in place - just leaking
   0.666 Unknown logging channel: Loading
   0.667 Unknown logging channel: Layout
   0.681 [com.apple.WebKit:Process:4] 0x119030190 - NetworkProcess::initializeNetworkProcess: Presenting processPID=24418
   0.681 Unknown logging channel: Loading
   0.681 Unknown logging channel: Layout
   0.694 [com.apple.WebKit:Process:4] getNetworkProcessConnection: Request connection for core identifier 3
   0.717 [com.apple.WebKit:Process:4] 0x119030190 - NetworkProcess::createNetworkConnectionToWebProcess: Create connection for web process core identifier 3
   0.719 [com.apple.WebKit:Process:4] 0x119088240 - NetworkConnectionToWebProcess::NetworkConnectionToWebProcess: Create connection for web process core identifier 3
   0.719 [com.apple.WebKit:Process:4] 0x119088240 - NetworkConnectionToWebProcess::NetworkConnectionToWebProcess: Connection for web process core identifier 3 established service worker server connection
   0.719 [com.apple.WebKit:Process:4] 0x119088240 - NetworkConnectionToWebProcess::NetworkConnectionToWebProcess: Connection for web process core identifier 3 established shared worker connection
   0.719 [com.apple.WebKit:Process:4] 0x119030190 - NetworkProcess::createNetworkConnectionToWebProcess: Finished creating connection for web process core identifier 3, notifying the UI process
   0.727 [com.apple.WebKit:Process:4] 0x119030190 - NetworkProcess::createNetworkConnectionToWebProcess: Handed off connect for web process core identifier 3 to the UI process
   0.856 [com.apple.WebKit:Process:4] 0x1190300c0 - [sessionID=1] WebProcess::initializeWebProcess: Presenting processPID=24413
   0.859 [com.apple.WebKit:Loading:4] 0x119118b80 - [webPageID=5] WebPage::constructor:
   0.867 [com.apple.WebKit:Loading:4] WebPreferencesStore: non-default preferences: UseGPUProcessForDOMRenderingEnabled=false, AcceleratedCompositingEnabled=false
   0.917 [com.apple.WebKit:Layout:4] [webFrameID=4294967297, webPageID=5] WebLocalFrameLoaderClient::completePageTransitionIfNeeded: dispatching didCompletePageTransition
   0.920 TIGER script: 
   0.921 [com.apple.WebKit:Loading:4] [webPageID=5] WebPage::loadRequest: navigationID=11, shouldTreatAsContinuingLoad=0, lastNavigationWasAppInitiated=1, existingNetworkResourceLoadIdentifierToResume=0
   0.948 [com.apple.WebKit:Loading:4] [pageID=5, frameID=4294967297] PolicyChecker::checkNavigationPolicy: continuing because this policyAction from dispatchDecidePolicyForNavigationAction is Use
   0.970 [com.apple.WebKit:Loading:4] 0x119088240 - [webProcessIdentifier=3] NetworkConnectionToWebProcess::scheduleResourceLoad: (parentPID=24413, pageProxyID=4, webPageID=5, frameID=4294967297, resourceID=9, existingLoaderToResume=0)
   0.970 [com.apple.WebKit:Loading:4] 0x119088240 - [webProcessIdentifier=3] NetworkConnectionToWebProcess::scheduleResourceLoad: Deferring resource load until service worker registrations for origin are imported
   0.970 [com.apple.WebKit:Loading:4] 0x119088240 - [webProcessIdentifier=3] NetworkConnectionToWebProcess::scheduleResourceLoad: (parentPID=24413, pageProxyID=4, webPageID=5, frameID=4294967297, resourceID=9, existingLoaderToResume=0)
   0.970 [com.apple.WebKit:Loading:4] 0x119088240 - [webProcessIdentifier=3] NetworkConnectionToWebProcess::resolveBlobReferences: (parentPID=24413, pageProxyID=4, webPageID=5, frameID=4294967297, resourceID=9)
   1.349 [com.apple.WebKit:Loading:4] 0x119088240 - [webProcessIdentifier=3] NetworkConnectionToWebProcess::scheduleResourceLoad: (parentPID=24413, pageProxyID=4, webPageID=5, frameID=4294967297, resourceID=16, existingLoaderToResume=0)
   1.349 [com.apple.WebKit:Loading:4] 0x119088240 - [webProcessIdentifier=3] NetworkConnectionToWebProcess::resolveBlobReferences: (parentPID=24413, pageProxyID=4, webPageID=5, frameID=4294967297, resourceID=16)
   1.353 [com.apple.WebKit:Loading:4] 0x119088240 - [webProcessIdentifier=3] NetworkConnectionToWebProcess::scheduleResourceLoad: (parentPID=24413, pageProxyID=4, webPageID=5, frameID=4294967297, resourceID=17, existingLoaderToResume=0)
   1.354 [com.apple.WebKit:Loading:4] 0x119088240 - [webProcessIdentifier=3] NetworkConnectionToWebProcess::resolveBlobReferences: (parentPID=24413, pageProxyID=4, webPageID=5, frameID=4294967297, resourceID=17)
   1.360 [com.apple.WebKit:Loading:4] 0x119088240 - [webProcessIdentifier=3] NetworkConnectionToWebProcess::scheduleResourceLoad: (parentPID=24413, pageProxyID=4, webPageID=5, frameID=4294967297, resourceID=18, existingLoaderToResume=0)
   1.360 [com.apple.WebKit:Loading:4] 0x119088240 - [webProcessIdentifier=3] NetworkConnectionToWebProcess::resolveBlobReferences: (parentPID=24413, pageProxyID=4, webPageID=5, frameID=4294967297, resourceID=18)
   1.445 [com.apple.WebKit:Loading:4] 0x119088240 - [webProcessIdentifier=3] NetworkConnectionToWebProcess::scheduleResourceLoad: (parentPID=24413, pageProxyID=4, webPageID=5, frameID=4294967297, resourceID=19, existingLoaderToResume=0)
   1.445 [com.apple.WebKit:Loading:4] 0x119088240 - [webProcessIdentifier=3] NetworkConnectionToWebProcess::resolveBlobReferences: (parentPID=24413, pageProxyID=4, webPageID=5, frameID=4294967297, resourceID=19)
   1.446 [com.apple.WebKit:Loading:4] 0x119088240 - [webProcessIdentifier=3] NetworkConnectionToWebProcess::scheduleResourceLoad: (parentPID=24413, pageProxyID=4, webPageID=5, frameID=4294967297, resourceID=20, existingLoaderToResume=0)
   1.446 [com.apple.WebKit:Loading:4] 0x119088240 - [webProcessIdentifier=3] NetworkConnectionToWebProcess::resolveBlobReferences: (parentPID=24413, pageProxyID=4, webPageID=5, frameID=4294967297, resourceID=20)
   1.447 [com.apple.WebKit:Loading:4] 0x119088240 - [webProcessIdentifier=3] NetworkConnectionToWebProcess::scheduleResourceLoad: (parentPID=24413, pageProxyID=4, webPageID=5, frameID=4294967297, resourceID=21, existingLoaderToResume=0)
   1.447 [com.apple.WebKit:Loading:4] 0x119088240 - [webProcessIdentifier=3] NetworkConnectionToWebProcess::resolveBlobReferences: (parentPID=24413, pageProxyID=4, webPageID=5, frameID=4294967297, resourceID=21)
   1.519 [com.apple.WebKit:Loading:4] 0x119088240 - [webProcessIdentifier=3] NetworkConnectionToWebProcess::scheduleResourceLoad: (parentPID=24413, pageProxyID=4, webPageID=5, frameID=4294967297, resourceID=22, existingLoaderToResume=0)
   1.519 [com.apple.WebKit:Loading:4] 0x119088240 - [webProcessIdentifier=3] NetworkConnectionToWebProcess::resolveBlobReferences: (parentPID=24413, pageProxyID=4, webPageID=5, frameID=4294967297, resourceID=22)
   2.397 [com.apple.WebKit:Loading:4] 0x119088240 - [webProcessIdentifier=3] NetworkConnectionToWebProcess::scheduleResourceLoad: (parentPID=24413, pageProxyID=4, webPageID=5, frameID=4294967297, resourceID=32, existingLoaderToResume=0)
   2.397 [com.apple.WebKit:Loading:4] 0x119088240 - [webProcessIdentifier=3] NetworkConnectionToWebProcess::resolveBlobReferences: (parentPID=24413, pageProxyID=4, webPageID=5, frameID=4294967297, resourceID=32)
   2.404 [com.apple.WebKit:Loading:4] 0x119088240 - [webProcessIdentifier=3] NetworkConnectionToWebProcess::scheduleResourceLoad: (parentPID=24413, pageProxyID=4, webPageID=5, frameID=4294967297, resourceID=33, existingLoaderToResume=0)
   2.404 [com.apple.WebKit:Loading:4] 0x119088240 - [webProcessIdentifier=3] NetworkConnectionToWebProcess::resolveBlobReferences: (parentPID=24413, pageProxyID=4, webPageID=5, frameID=4294967297, resourceID=33)
   2.406 [com.apple.WebKit:Loading:4] 0x119088240 - [webProcessIdentifier=3] NetworkConnectionToWebProcess::scheduleResourceLoad: (parentPID=24413, pageProxyID=4, webPageID=5, frameID=4294967297, resourceID=34, existingLoaderToResume=0)
   2.406 [com.apple.WebKit:Loading:4] 0x119088240 - [webProcessIdentifier=3] NetworkConnectionToWebProcess::resolveBlobReferences: (parentPID=24413, pageProxyID=4, webPageID=5, frameID=4294967297, resourceID=34)
   2.418 [com.apple.WebKit:Loading:4] 0x119088240 - [webProcessIdentifier=3] NetworkConnectionToWebProcess::scheduleResourceLoad: (parentPID=24413, pageProxyID=4, webPageID=5, frameID=4294967297, resourceID=37, existingLoaderToResume=0)
   2.418 [com.apple.WebKit:Loading:4] 0x119088240 - [webProcessIdentifier=3] NetworkConnectionToWebProcess::resolveBlobReferences: (parentPID=24413, pageProxyID=4, webPageID=5, frameID=4294967297, resourceID=37)
   2.418 [com.apple.WebKit:Loading:4] 0x119088240 - [webProcessIdentifier=3] NetworkConnectionToWebProcess::scheduleResourceLoad: (parentPID=24413, pageProxyID=4, webPageID=5, frameID=4294967297, resourceID=38, existingLoaderToResume=0)
   2.418 [com.apple.WebKit:Loading:4] 0x119088240 - [webProcessIdentifier=3] NetworkConnectionToWebProcess::resolveBlobReferences: (parentPID=24413, pageProxyID=4, webPageID=5, frameID=4294967297, resourceID=38)
   2.423 [com.apple.WebKit:Loading:4] 0x119088240 - [webProcessIdentifier=3] NetworkConnectionToWebProcess::scheduleResourceLoad: (parentPID=24413, pageProxyID=4, webPageID=5, frameID=4294967297, resourceID=39, existingLoaderToResume=0)
   2.424 [com.apple.WebKit:Loading:4] 0x119088240 - [webProcessIdentifier=3] NetworkConnectionToWebProcess::resolveBlobReferences: (parentPID=24413, pageProxyID=4, webPageID=5, frameID=4294967297, resourceID=39)
   2.435 [com.apple.WebKit:Loading:4] 0x119088240 - [webProcessIdentifier=3] NetworkConnectionToWebProcess::scheduleResourceLoad: (parentPID=24413, pageProxyID=4, webPageID=5, frameID=4294967297, resourceID=40, existingLoaderToResume=0)
   2.435 [com.apple.WebKit:Loading:4] 0x119088240 - [webProcessIdentifier=3] NetworkConnectionToWebProcess::resolveBlobReferences: (parentPID=24413, pageProxyID=4, webPageID=5, frameID=4294967297, resourceID=40)
   2.466 [com.apple.WebKit:Loading:4] 0x119088240 - [webProcessIdentifier=3] NetworkConnectionToWebProcess::scheduleResourceLoad: (parentPID=24413, pageProxyID=4, webPageID=5, frameID=4294967297, resourceID=41, existingLoaderToResume=0)
   2.466 [com.apple.WebKit:Loading:4] 0x119088240 - [webProcessIdentifier=3] NetworkConnectionToWebProcess::resolveBlobReferences: (parentPID=24413, pageProxyID=4, webPageID=5, frameID=4294967297, resourceID=41)
   2.521 [com.apple.WebKit:Layout:4] [pageID=5, frameID=4294967297, isMainFrame=1] LocalFrameView::fireLayoutRelatedMilestonesIfNeeded: Firing first visually non-empty layout milestone on the main frame
   2.521 [com.apple.WebKit:Layout:4] [webFrameID=4294967297, webPageID=5] WebLocalFrameLoaderClient::dispatchDidReachLayoutMilestone: dispatching DidReachLayoutMilestone (milestones=DidFirstVisuallyNonEmptyLayout)
   2.521 [com.apple.WebKit:Layout:4] [webFrameID=4294967297, webPageID=5] WebLocalFrameLoaderClient::dispatchDidReachLayoutMilestone: dispatching DidFirstVisuallyNonEmptyLayoutForFrame
   2.521 [com.apple.WebKit:Layout:4] [webFrameID=4294967297, webPageID=5] WebLocalFrameLoaderClient::completePageTransitionIfNeeded: dispatching didCompletePageTransition
   2.674 [com.apple.WebKit:Loading:4] 0x119088240 - [webProcessIdentifier=3] NetworkConnectionToWebProcess::scheduleResourceLoad: (parentPID=24413, pageProxyID=4, webPageID=5, frameID=4294967297, resourceID=66, existingLoaderToResume=0)
   2.674 [com.apple.WebKit:Loading:4] 0x119088240 - [webProcessIdentifier=3] NetworkConnectionToWebProcess::resolveBlobReferences: (parentPID=24413, pageProxyID=4, webPageID=5, frameID=4294967297, resourceID=66)
   2.895 [com.apple.WebKit:Layout:4] [webFrameID=4294967297, webPageID=5] WebLocalFrameLoaderClient::dispatchDidReachLayoutMilestone: dispatching DidFirstLayoutForFrame
   2.895 [com.apple.WebKit:Layout:4] [webFrameID=4294967297, webPageID=5] WebLocalFrameLoaderClient::dispatchDidReachLayoutMilestone: dispatching DidReachLayoutMilestone (milestones=DidFirstLayout)
   2.900 [com.apple.WebKit:Loading:4] 0x119088240 - [webProcessIdentifier=3] NetworkConnectionToWebProcess::scheduleResourceLoad: (parentPID=24413, pageProxyID=4, webPageID=5, frameID=4294967297, resourceID=67, existingLoaderToResume=0)
   2.900 [com.apple.WebKit:Loading:4] 0x119088240 - [webProcessIdentifier=3] NetworkConnectionToWebProcess::resolveBlobReferences: (parentPID=24413, pageProxyID=4, webPageID=5, frameID=4294967297, resourceID=67)
   2.901 [com.apple.WebKit:Loading:4] 0x119088240 - [webProcessIdentifier=3] NetworkConnectionToWebProcess::scheduleResourceLoad: (parentPID=24413, pageProxyID=4, webPageID=5, frameID=4294967297, resourceID=68, existingLoaderToResume=0)
   2.901 [com.apple.WebKit:Loading:4] 0x119088240 - [webProcessIdentifier=3] NetworkConnectionToWebProcess::resolveBlobReferences: (parentPID=24413, pageProxyID=4, webPageID=5, frameID=4294967297, resourceID=68)
   2.987 [com.apple.WebKit:Layout:4] [webFrameID=4294967297, webPageID=5] WebLocalFrameLoaderClient::dispatchDidReachLayoutMilestone: dispatching DidReachLayoutMilestone (milestones=DidFirstMeaningfulPaint)
   3.449 [com.apple.WebKit:Loading:4] 0x119088240 - [webProcessIdentifier=3] NetworkConnectionToWebProcess::scheduleResourceLoad: (parentPID=24413, pageProxyID=4, webPageID=5, frameID=4294967297, resourceID=78, existingLoaderToResume=0)
   3.449 [com.apple.WebKit:Loading:4] 0x119088240 - [webProcessIdentifier=3] NetworkConnectionToWebProcess::resolveBlobReferences: (parentPID=24413, pageProxyID=4, webPageID=5, frameID=4294967297, resourceID=78)
   4.805 [com.apple.WebKit:Loading:4] 0x119088240 - [webProcessIdentifier=3] NetworkConnectionToWebProcess::scheduleResourceLoad: (parentPID=24413, pageProxyID=4, webPageID=5, frameID=4294967297, resourceID=87, existingLoaderToResume=0)
   4.805 [com.apple.WebKit:Loading:4] 0x119088240 - [webProcessIdentifier=3] NetworkConnectionToWebProcess::resolveBlobReferences: (parentPID=24413, pageProxyID=4, webPageID=5, frameID=4294967297, resourceID=87)
  75.465 TIGER-EXIT pid 0x5f5d
  75.467  thread 0x117 state-kr 0x0 pc 0x90009817 leaf mach_msg_trap+0x7 frames: 0x90009817 0x9004626a 0x2dd615
  75.527 TIGER-EXIT pid 0x5f62
  75.527  thread 0xd03 state-kr 0x0 pc 0x10b6dfe4e leaf mach_msg_trap+0xa frames: 0x10b6dfe4e 0x10b69511d 0x1003286fd 0x10b684c75 0x10b684a0c 0x100001893 0x1000017a1 0x3
