   0.207 2026-09-23 03:50:18.670 TigerBrowser2[4470] *** _NSAutoreleaseNoPool(): Object 0x7c09150 of class NSCFString autoreleased with no pool in place - just leaking
   0.589 Unknown logging channel: Loading
   0.589 Unknown logging channel: Layout
   0.606 [com.apple.WebKit:Process:4] getNetworkProcessConnection: Request connection for core identifier 3
   0.646 Unknown logging channel: Loading
   0.646 Unknown logging channel: Layout
   0.653 [com.apple.WebKit:Process:4] 0x10c6011a0 - NetworkProcess::initializeNetworkProcess: Presenting processPID=4474
   0.674 [com.apple.WebKit:Process:4] 0x10c6011a0 - NetworkProcess::createNetworkConnectionToWebProcess: Create connection for web process core identifier 3
   0.674 [com.apple.WebKit:Process:4] 0x10c612980 - NetworkConnectionToWebProcess::NetworkConnectionToWebProcess: Create connection for web process core identifier 3
   0.675 [com.apple.WebKit:Process:4] 0x10c612980 - NetworkConnectionToWebProcess::NetworkConnectionToWebProcess: Connection for web process core identifier 3 established service worker server connection
   0.675 [com.apple.WebKit:Process:4] 0x10c612980 - NetworkConnectionToWebProcess::NetworkConnectionToWebProcess: Connection for web process core identifier 3 established shared worker connection
   0.675 [com.apple.WebKit:Process:4] 0x10c6011a0 - NetworkProcess::createNetworkConnectionToWebProcess: Finished creating connection for web process core identifier 3, notifying the UI process
   0.682 [com.apple.WebKit:Process:4] 0x10c6011a0 - NetworkProcess::createNetworkConnectionToWebProcess: Handed off connect for web process core identifier 3 to the UI process
   0.736 [com.apple.WebKit:Process:4] 0x10c6011a0 - [sessionID=1] WebProcess::initializeWebProcess: Presenting processPID=4470
   0.738 [com.apple.WebKit:Loading:4] 0x10d024400 - [webPageID=5] WebPage::constructor:
   0.743 [com.apple.WebKit:Loading:4] WebPreferencesStore: non-default preferences: AcceleratedCompositingEnabled=false, UseGPUProcessForDOMRenderingEnabled=false
   0.772 [com.apple.WebKit:Layout:4] [webFrameID=4294967297, webPageID=5] WebLocalFrameLoaderClient::completePageTransitionIfNeeded: dispatching didCompletePageTransition
   0.774 [com.apple.WebKit:Loading:4] [webPageID=5] WebPage::loadRequest: navigationID=11, shouldTreatAsContinuingLoad=0, lastNavigationWasAppInitiated=1, existingNetworkResourceLoadIdentifierToResume=0
   0.807 [com.apple.WebKit:Loading:4] [pageID=5, frameID=4294967297] PolicyChecker::checkNavigationPolicy: continuing because this policyAction from dispatchDecidePolicyForNavigationAction is Use
   0.810 [com.apple.WebKit:Loading:4] 0x10c612980 - [webProcessIdentifier=3] NetworkConnectionToWebProcess::scheduleResourceLoad: (parentPID=4470, pageProxyID=4, webPageID=5, frameID=4294967297, resourceID=9, existingLoaderToResume=0)
   0.810 [com.apple.WebKit:Loading:4] 0x10c612980 - [webProcessIdentifier=3] NetworkConnectionToWebProcess::scheduleResourceLoad: Deferring resource load until service worker registrations for origin are imported
   0.810 [com.apple.WebKit:Loading:4] 0x10c612980 - [webProcessIdentifier=3] NetworkConnectionToWebProcess::scheduleResourceLoad: (parentPID=4470, pageProxyID=4, webPageID=5, frameID=4294967297, resourceID=9, existingLoaderToResume=0)
   0.810 [com.apple.WebKit:Loading:4] 0x10c612980 - [webProcessIdentifier=3] NetworkConnectionToWebProcess::resolveBlobReferences: (parentPID=4470, pageProxyID=4, webPageID=5, frameID=4294967297, resourceID=9)
   0.899 TIGER script: 
   0.909 [com.apple.WebKit:Layout:4] [webFrameID=4294967297, webPageID=5] WebLocalFrameLoaderClient::completePageTransitionIfNeeded: dispatching didCompletePageTransition
   0.973 Unknown logging channel: Loading
   0.973 Unknown logging channel: Layout
   0.975 [com.apple.WebKit:Process:4] getNetworkProcessConnection: Request connection for core identifier 5
   0.976 [com.apple.WebKit:Process:4] 0x10c6011a0 - NetworkProcess::createNetworkConnectionToWebProcess: Create connection for web process core identifier 5
   0.976 [com.apple.WebKit:Process:4] 0x10c6196c0 - NetworkConnectionToWebProcess::NetworkConnectionToWebProcess: Create connection for web process core identifier 5
   0.976 [com.apple.WebKit:Process:4] 0x10c6196c0 - NetworkConnectionToWebProcess::NetworkConnectionToWebProcess: Connection for web process core identifier 5 established service worker server connection
   0.976 [com.apple.WebKit:Process:4] 0x10c6196c0 - NetworkConnectionToWebProcess::NetworkConnectionToWebProcess: Connection for web process core identifier 5 established shared worker connection
   0.976 [com.apple.WebKit:Process:4] 0x10c6011a0 - NetworkProcess::createNetworkConnectionToWebProcess: Finished creating connection for web process core identifier 5, notifying the UI process
   0.976 [com.apple.WebKit:Process:4] 0x10c6011a0 - NetworkProcess::createNetworkConnectionToWebProcess: Handed off connect for web process core identifier 5 to the UI process
   1.020 [com.apple.WebKit:Process:4] 0x10c6011a0 - [sessionID=1] WebProcess::initializeWebProcess: Presenting processPID=4470
   1.021 [com.apple.WebKit:Loading:4] 0x10d024c00 - [webPageID=13] WebPage::constructor:
   1.025 [com.apple.WebKit:Loading:4] WebPreferencesStore: non-default preferences: UseGPUProcessForDOMRenderingEnabled=false, AcceleratedCompositingEnabled=false
   1.052 [com.apple.WebKit:Layout:4] [webFrameID=4294967298, webPageID=13] WebLocalFrameLoaderClient::completePageTransitionIfNeeded: dispatching didCompletePageTransition
   1.054 [com.apple.WebKit:Loading:4] [webPageID=13] WebPage::loadRequest: navigationID=11, shouldTreatAsContinuingLoad=2, lastNavigationWasAppInitiated=1, existingNetworkResourceLoadIdentifierToResume=1
   1.057 [com.apple.WebKit:Loading:4] 0x10c6196c0 - [webProcessIdentifier=5] NetworkConnectionToWebProcess::scheduleResourceLoad: (parentPID=4470, pageProxyID=4, webPageID=13, frameID=4294967298, resourceID=9, existingLoaderToResume=1)
   1.057 [com.apple.WebKit:Loading:4] 0x10c6196c0 - [webProcessIdentifier=5] NetworkConnectionToWebProcess::scheduleResourceLoad: Resuming existing NetworkResourceLoader
   1.124 [com.apple.WebKit:Loading:4] 0x10c612980 - [webProcessIdentifier=3] NetworkConnectionToWebProcess::didClose: WebProcess closed its connection. Aborting related loaders.
   1.124 [com.apple.WebKit:Process:4] 0x10c6011a0 - NetworkProcess::removeNetworkConnectionToWebProcess: Removing process 3
   4.071 
   4.071 TIGER-JSC-FAULT pid 0x117b exception 0x2 code 0xd pc 0x10e00bde1 -> POSIX handlers
   4.122 [com.apple.WebKit:Layout:4] [pageID=13, frameID=4294967298, isMainFrame=1] LocalFrameView::fireLayoutRelatedMilestonesIfNeeded: Firing first visually non-empty layout milestone on the main frame
   4.122 [com.apple.WebKit:Layout:4] [webFrameID=4294967298, webPageID=13] WebLocalFrameLoaderClient::dispatchDidReachLayoutMilestone: dispatching DidReachLayoutMilestone (milestones=DidFirstVisuallyNonEmptyLayout)
   4.122 [com.apple.WebKit:Layout:4] [webFrameID=4294967298, webPageID=13] WebLocalFrameLoaderClient::dispatchDidReachLayoutMilestone: dispatching DidFirstVisuallyNonEmptyLayoutForFrame
   4.122 [com.apple.WebKit:Layout:4] [webFrameID=4294967298, webPageID=13] WebLocalFrameLoaderClient::completePageTransitionIfNeeded: dispatching didCompletePageTransition
   4.127 [com.apple.WebKit:Layout:4] [webFrameID=4294967298, webPageID=13] WebLocalFrameLoaderClient::dispatchDidReachLayoutMilestone: dispatching DidFirstLayoutForFrame
   4.127 [com.apple.WebKit:Layout:4] [webFrameID=4294967298, webPageID=13] WebLocalFrameLoaderClient::dispatchDidReachLayoutMilestone: dispatching DidReachLayoutMilestone (milestones=DidFirstLayout)
   4.134 [com.apple.WebKit:Layout:4] [webFrameID=4294967298, webPageID=13] WebLocalFrameLoaderClient::dispatchDidReachLayoutMilestone: dispatching DidReachLayoutMilestone (milestones=DidFirstMeaningfulPaint)
  45.414 TIGER-EXIT pid 0x1176
  45.414  thread 0x117 state-kr 0x0 pc 0x90009817 leaf mach_msg_trap+0x7 frames: 0x90009817 0x9004626a 0x2dae15
  45.438 TIGER-EXIT pid 0x117a
  45.438  thread 0xd03 state-kr 0x0 pc 0x10ae5ae4e leaf mach_msg_trap+0xa frames: 0x10ae5ae4e 0x10ae1011d 0x10032948d 0x10adffc75 0x10adffa0c 0x100001e53 0x100001d61 0x3
