   0.209 2026-09-23 09:14:12.375 TigerBrowser2[10965] *** _NSAutoreleaseNoPool(): Object 0x7c09150 of class NSCFString autoreleased with no pool in place - just leaking
   0.680 Unknown logging channel: Loading
   0.680 Unknown logging channel: Layout
   0.680 Unknown logging channel: Loading
   0.680 Unknown logging channel: Layout
   0.684 [com.apple.WebKit:Process:4] getNetworkProcessConnection: Request connection for core identifier 3
   0.690 [com.apple.WebKit:Process:4] 0x10c601220 - NetworkProcess::initializeNetworkProcess: Presenting processPID=10969
   0.691 [com.apple.WebKit:Process:4] 0x10c601220 - NetworkProcess::createNetworkConnectionToWebProcess: Create connection for web process core identifier 3
   0.692 [com.apple.WebKit:Process:4] 0x10c612aa0 - NetworkConnectionToWebProcess::NetworkConnectionToWebProcess: Create connection for web process core identifier 3
   0.692 [com.apple.WebKit:Process:4] 0x10c612aa0 - NetworkConnectionToWebProcess::NetworkConnectionToWebProcess: Connection for web process core identifier 3 established service worker server connection
   0.692 [com.apple.WebKit:Process:4] 0x10c612aa0 - NetworkConnectionToWebProcess::NetworkConnectionToWebProcess: Connection for web process core identifier 3 established shared worker connection
   0.692 [com.apple.WebKit:Process:4] 0x10c601220 - NetworkProcess::createNetworkConnectionToWebProcess: Finished creating connection for web process core identifier 3, notifying the UI process
   0.700 [com.apple.WebKit:Process:4] 0x10c601220 - NetworkProcess::createNetworkConnectionToWebProcess: Handed off connect for web process core identifier 3 to the UI process
   0.749 [com.apple.WebKit:Process:4] 0x10c601220 - [sessionID=1] WebProcess::initializeWebProcess: Presenting processPID=10965
   0.751 [com.apple.WebKit:Loading:4] 0x10d032800 - [webPageID=5] WebPage::constructor:
   0.755 [com.apple.WebKit:Loading:4] WebPreferencesStore: non-default preferences: UseGPUProcessForDOMRenderingEnabled=false, AcceleratedCompositingEnabled=false
   0.783 [com.apple.WebKit:Layout:4] [webFrameID=4294967297, webPageID=5] WebLocalFrameLoaderClient::completePageTransitionIfNeeded: dispatching didCompletePageTransition
   0.785 [com.apple.WebKit:Loading:4] [webPageID=5] WebPage::loadRequest: navigationID=11, shouldTreatAsContinuingLoad=0, lastNavigationWasAppInitiated=1, existingNetworkResourceLoadIdentifierToResume=0
   0.826 [com.apple.WebKit:Loading:4] [pageID=5, frameID=4294967297] PolicyChecker::checkNavigationPolicy: continuing because this policyAction from dispatchDecidePolicyForNavigationAction is Use
   0.830 [com.apple.WebKit:Loading:4] 0x10c612aa0 - [webProcessIdentifier=3] NetworkConnectionToWebProcess::scheduleResourceLoad: (parentPID=10965, pageProxyID=4, webPageID=5, frameID=4294967297, resourceID=9, existingLoaderToResume=0)
   0.830 [com.apple.WebKit:Loading:4] 0x10c612aa0 - [webProcessIdentifier=3] NetworkConnectionToWebProcess::scheduleResourceLoad: Deferring resource load until service worker registrations for origin are imported
   0.830 [com.apple.WebKit:Loading:4] 0x10c612aa0 - [webProcessIdentifier=3] NetworkConnectionToWebProcess::scheduleResourceLoad: (parentPID=10965, pageProxyID=4, webPageID=5, frameID=4294967297, resourceID=9, existingLoaderToResume=0)
   0.831 [com.apple.WebKit:Loading:4] 0x10c612aa0 - [webProcessIdentifier=3] NetworkConnectionToWebProcess::resolveBlobReferences: (parentPID=10965, pageProxyID=4, webPageID=5, frameID=4294967297, resourceID=9)
   0.932 [com.apple.WebKit:Layout:4] [webFrameID=4294967297, webPageID=5] WebLocalFrameLoaderClient::completePageTransitionIfNeeded: dispatching didCompletePageTransition
   0.944 Unknown logging channel: Loading
   0.944 Unknown logging channel: Layout
   0.946 [com.apple.WebKit:Process:4] getNetworkProcessConnection: Request connection for core identifier 5
   0.947 [com.apple.WebKit:Process:4] 0x10c601220 - NetworkProcess::createNetworkConnectionToWebProcess: Create connection for web process core identifier 5
   0.947 [com.apple.WebKit:Process:4] 0x10c61d040 - NetworkConnectionToWebProcess::NetworkConnectionToWebProcess: Create connection for web process core identifier 5
   0.948 [com.apple.WebKit:Process:4] 0x10c61d040 - NetworkConnectionToWebProcess::NetworkConnectionToWebProcess: Connection for web process core identifier 5 established service worker server connection
   0.948 [com.apple.WebKit:Process:4] 0x10c61d040 - NetworkConnectionToWebProcess::NetworkConnectionToWebProcess: Connection for web process core identifier 5 established shared worker connection
   0.948 [com.apple.WebKit:Process:4] 0x10c601220 - NetworkProcess::createNetworkConnectionToWebProcess: Finished creating connection for web process core identifier 5, notifying the UI process
   0.948 [com.apple.WebKit:Process:4] 0x10c601220 - NetworkProcess::createNetworkConnectionToWebProcess: Handed off connect for web process core identifier 5 to the UI process
   0.961 TIGER script: 
   0.994 [com.apple.WebKit:Process:4] 0x10c601220 - [sessionID=1] WebProcess::initializeWebProcess: Presenting processPID=10965
   0.995 [com.apple.WebKit:Loading:4] 0x10d024c00 - [webPageID=13] WebPage::constructor:
   1.000 [com.apple.WebKit:Loading:4] WebPreferencesStore: non-default preferences: AcceleratedCompositingEnabled=false, UseGPUProcessForDOMRenderingEnabled=false
   1.028 [com.apple.WebKit:Layout:4] [webFrameID=4294967298, webPageID=13] WebLocalFrameLoaderClient::completePageTransitionIfNeeded: dispatching didCompletePageTransition
   1.031 [com.apple.WebKit:Loading:4] [webPageID=13] WebPage::loadRequest: navigationID=11, shouldTreatAsContinuingLoad=2, lastNavigationWasAppInitiated=1, existingNetworkResourceLoadIdentifierToResume=1
   1.035 [com.apple.WebKit:Loading:4] 0x10c61d040 - [webProcessIdentifier=5] NetworkConnectionToWebProcess::scheduleResourceLoad: (parentPID=10965, pageProxyID=4, webPageID=13, frameID=4294967298, resourceID=9, existingLoaderToResume=1)
   1.035 [com.apple.WebKit:Loading:4] 0x10c61d040 - [webProcessIdentifier=5] NetworkConnectionToWebProcess::scheduleResourceLoad: Resuming existing NetworkResourceLoader
   1.049 [com.apple.WebKit:Loading:4] [webPageID=5] WebPage::close
   1.067 [com.apple.WebKit:Loading:4] 0x10c612aa0 - [webProcessIdentifier=3] NetworkConnectionToWebProcess::didClose: WebProcess closed its connection. Aborting related loaders.
   1.067 [com.apple.WebKit:Process:4] 0x10c601220 - NetworkProcess::removeNetworkConnectionToWebProcess: Removing process 3
   4.074 
   4.074 TIGER-JSC-FAULT pid 0x2ada exception 0x2 code 0xd pc 0x10e00bde1 -> POSIX handlers
   4.124 [com.apple.WebKit:Layout:4] [pageID=13, frameID=4294967298, isMainFrame=1] LocalFrameView::fireLayoutRelatedMilestonesIfNeeded: Firing first visually non-empty layout milestone on the main frame
   4.124 [com.apple.WebKit:Layout:4] [webFrameID=4294967298, webPageID=13] WebLocalFrameLoaderClient::dispatchDidReachLayoutMilestone: dispatching DidReachLayoutMilestone (milestones=DidFirstVisuallyNonEmptyLayout)
   4.124 [com.apple.WebKit:Layout:4] [webFrameID=4294967298, webPageID=13] WebLocalFrameLoaderClient::dispatchDidReachLayoutMilestone: dispatching DidFirstVisuallyNonEmptyLayoutForFrame
   4.124 [com.apple.WebKit:Layout:4] [webFrameID=4294967298, webPageID=13] WebLocalFrameLoaderClient::completePageTransitionIfNeeded: dispatching didCompletePageTransition
   4.129 [com.apple.WebKit:Layout:4] [webFrameID=4294967298, webPageID=13] WebLocalFrameLoaderClient::dispatchDidReachLayoutMilestone: dispatching DidFirstLayoutForFrame
   4.129 [com.apple.WebKit:Layout:4] [webFrameID=4294967298, webPageID=13] WebLocalFrameLoaderClient::dispatchDidReachLayoutMilestone: dispatching DidReachLayoutMilestone (milestones=DidFirstLayout)
   4.138 [com.apple.WebKit:Layout:4] [webFrameID=4294967298, webPageID=13] WebLocalFrameLoaderClient::dispatchDidReachLayoutMilestone: dispatching DidReachLayoutMilestone (milestones=DidFirstMeaningfulPaint)
  45.482 TIGER-EXIT pid 0x2ad5
  45.482  thread 0x117 state-kr 0x0 pc 0x90009817 leaf mach_msg_trap+0x7 frames: 0x90009817 0x9004626a 0x2dacd5
  45.504 TIGER-EXIT pid 0x2ad9
  45.504  thread 0xd03 state-kr 0x0 pc 0x10ae5ae4e leaf mach_msg_trap+0xa frames: 0x10ae5ae4e 0x10ae1011d 0x10032913d 0x10adffc75 0x10adffa0c 0x100001ad3 0x1000019e1 0x3
