   0.190 2026-09-23 03:41:36.035 TigerBrowser2[3533] *** _NSAutoreleaseNoPool(): Object 0x7c09150 of class NSCFString autoreleased with no pool in place - just leaking
   0.625 Unknown logging channel: Loading
   0.625 Unknown logging channel: Layout
   0.628 [com.apple.WebKit:Process:4] getNetworkProcessConnection: Request connection for core identifier 3
   0.657 Unknown logging channel: Loading
   0.657 Unknown logging channel: Layout
   0.663 [com.apple.WebKit:Process:4] 0x10c6011a0 - NetworkProcess::initializeNetworkProcess: Presenting processPID=3537
   0.678 [com.apple.WebKit:Process:4] 0x10c6011a0 - NetworkProcess::createNetworkConnectionToWebProcess: Create connection for web process core identifier 3
   0.679 [com.apple.WebKit:Process:4] 0x10c612940 - NetworkConnectionToWebProcess::NetworkConnectionToWebProcess: Create connection for web process core identifier 3
   0.679 [com.apple.WebKit:Process:4] 0x10c612940 - NetworkConnectionToWebProcess::NetworkConnectionToWebProcess: Connection for web process core identifier 3 established service worker server connection
   0.679 [com.apple.WebKit:Process:4] 0x10c612940 - NetworkConnectionToWebProcess::NetworkConnectionToWebProcess: Connection for web process core identifier 3 established shared worker connection
   0.679 [com.apple.WebKit:Process:4] 0x10c6011a0 - NetworkProcess::createNetworkConnectionToWebProcess: Finished creating connection for web process core identifier 3, notifying the UI process
   0.687 [com.apple.WebKit:Process:4] 0x10c6011a0 - NetworkProcess::createNetworkConnectionToWebProcess: Handed off connect for web process core identifier 3 to the UI process
   0.745 [com.apple.WebKit:Process:4] 0x10c6011a0 - [sessionID=1] WebProcess::initializeWebProcess: Presenting processPID=3533
   0.746 [com.apple.WebKit:Loading:4] 0x10d024400 - [webPageID=5] WebPage::constructor:
   0.751 [com.apple.WebKit:Loading:4] WebPreferencesStore: non-default preferences: UseGPUProcessForDOMRenderingEnabled=false, AcceleratedCompositingEnabled=false
   0.779 [com.apple.WebKit:Layout:4] [webFrameID=4294967297, webPageID=5] WebLocalFrameLoaderClient::completePageTransitionIfNeeded: dispatching didCompletePageTransition
   0.781 [com.apple.WebKit:Loading:4] [webPageID=5] WebPage::loadRequest: navigationID=11, shouldTreatAsContinuingLoad=0, lastNavigationWasAppInitiated=1, existingNetworkResourceLoadIdentifierToResume=0
   0.832 [com.apple.WebKit:Loading:4] [pageID=5, frameID=4294967297] PolicyChecker::checkNavigationPolicy: continuing because this policyAction from dispatchDecidePolicyForNavigationAction is Use
   0.835 [com.apple.WebKit:Loading:4] 0x10c612940 - [webProcessIdentifier=3] NetworkConnectionToWebProcess::scheduleResourceLoad: (parentPID=3533, pageProxyID=4, webPageID=5, frameID=4294967297, resourceID=9, existingLoaderToResume=0)
   0.835 [com.apple.WebKit:Loading:4] 0x10c612940 - [webProcessIdentifier=3] NetworkConnectionToWebProcess::scheduleResourceLoad: Deferring resource load until service worker registrations for origin are imported
   0.835 [com.apple.WebKit:Loading:4] 0x10c612940 - [webProcessIdentifier=3] NetworkConnectionToWebProcess::scheduleResourceLoad: (parentPID=3533, pageProxyID=4, webPageID=5, frameID=4294967297, resourceID=9, existingLoaderToResume=0)
   0.836 [com.apple.WebKit:Loading:4] 0x10c612940 - [webProcessIdentifier=3] NetworkConnectionToWebProcess::resolveBlobReferences: (parentPID=3533, pageProxyID=4, webPageID=5, frameID=4294967297, resourceID=9)
   0.941 TIGER script: 
   2.671 [com.apple.WebKit:Layout:4] [webFrameID=4294967297, webPageID=5] WebLocalFrameLoaderClient::completePageTransitionIfNeeded: dispatching didCompletePageTransition
   2.733 Unknown logging channel: Loading
   2.733 Unknown logging channel: Layout
   2.734 [com.apple.WebKit:Process:4] getNetworkProcessConnection: Request connection for core identifier 5
   2.735 [com.apple.WebKit:Process:4] 0x10c6011a0 - NetworkProcess::createNetworkConnectionToWebProcess: Create connection for web process core identifier 5
   2.735 [com.apple.WebKit:Process:4] 0x10c61d540 - NetworkConnectionToWebProcess::NetworkConnectionToWebProcess: Create connection for web process core identifier 5
   2.735 [com.apple.WebKit:Process:4] 0x10c61d540 - NetworkConnectionToWebProcess::NetworkConnectionToWebProcess: Connection for web process core identifier 5 established service worker server connection
   2.735 [com.apple.WebKit:Process:4] 0x10c61d540 - NetworkConnectionToWebProcess::NetworkConnectionToWebProcess: Connection for web process core identifier 5 established shared worker connection
   2.735 [com.apple.WebKit:Process:4] 0x10c6011a0 - NetworkProcess::createNetworkConnectionToWebProcess: Finished creating connection for web process core identifier 5, notifying the UI process
   2.735 [com.apple.WebKit:Process:4] 0x10c6011a0 - NetworkProcess::createNetworkConnectionToWebProcess: Handed off connect for web process core identifier 5 to the UI process
   2.779 [com.apple.WebKit:Process:4] 0x10c6011a0 - [sessionID=1] WebProcess::initializeWebProcess: Presenting processPID=3533
   2.780 [com.apple.WebKit:Loading:4] 0x10d024c00 - [webPageID=13] WebPage::constructor:
   2.785 [com.apple.WebKit:Loading:4] WebPreferencesStore: non-default preferences: AcceleratedCompositingEnabled=false, UseGPUProcessForDOMRenderingEnabled=false
   2.811 [com.apple.WebKit:Layout:4] [webFrameID=4294967298, webPageID=13] WebLocalFrameLoaderClient::completePageTransitionIfNeeded: dispatching didCompletePageTransition
   2.814 [com.apple.WebKit:Loading:4] [webPageID=13] WebPage::loadRequest: navigationID=11, shouldTreatAsContinuingLoad=2, lastNavigationWasAppInitiated=1, existingNetworkResourceLoadIdentifierToResume=1
   2.817 [com.apple.WebKit:Loading:4] 0x10c61d540 - [webProcessIdentifier=5] NetworkConnectionToWebProcess::scheduleResourceLoad: (parentPID=3533, pageProxyID=4, webPageID=13, frameID=4294967298, resourceID=9, existingLoaderToResume=1)
   2.817 [com.apple.WebKit:Loading:4] 0x10c61d540 - [webProcessIdentifier=5] NetworkConnectionToWebProcess::scheduleResourceLoad: Resuming existing NetworkResourceLoader
   2.859 [com.apple.WebKit:Loading:4] [webPageID=5] WebPage::close
   2.882 [com.apple.WebKit:Loading:4] 0x10c612940 - [webProcessIdentifier=3] NetworkConnectionToWebProcess::didClose: WebProcess closed its connection. Aborting related loaders.
   2.882 [com.apple.WebKit:Process:4] 0x10c6011a0 - NetworkProcess::removeNetworkConnectionToWebProcess: Removing process 3
   5.831 
   5.831 TIGER-CRASH pid 0xdd2 msgid 0x961 size 0x4c descriptors 0x2 exception 0x2 code 0xd 0x0 thread 0xd03 state-kr 0x0 pc 0x10e00bde1 code f4 63 c8 4c 0f af ce 49 c1 e9 20 41 01 c1 41 c1 f9 02 45 89 ca 41 c1 ea 1f 45 01 d1 45 69 d1 07 frames: 0x10e00bde1 0x104f6f6a8 0x104f4e1c4 0x10365ddc2 0x10380ed1b 0x100c1a19d 0x100c1a578 0x10177156e 0x10176f1d3 0x101ac93e6 0x101ac9240 0x101a9e7fb 0x101a9eca5 0x101a9e262 0x101a9fd88 0x101659d8f 0x101b5a74e 0x101b37b6f 0x1002670ac 0x101b3eee4 0x101be0929 0x101be05c9 0x101bc7221 0x1001a35d1 0x1001b69ff 0x10019793b 0x1001b62f2 0x100437cd3 0x10043800f 0x100438447 0x1041f4dc8 0x1042bb696 0x100048908 0x10000160c 0x100001521 0x3
   5.838 [com.apple.WebKit:Process error] 0x8004000 - [PID=3538] WebProcessProxy::didClose (web process crash)
   5.838 [com.apple.WebKit:Process error] 0x8004000 - [PID=3538] WebProcessProxy::processDidTerminateOrFailedToLaunch: reason=Crash
   5.839 [com.apple.WebKit:Loading:4] 0x10c61d540 - [webProcessIdentifier=5] NetworkConnectionToWebProcess::didClose: WebProcess closed its connection. Aborting related loaders.
   5.839 [com.apple.WebKit:Process error] 0x8039000 - [pageProxyID=4, webPageID=13, PID=3538] WebPageProxy::processDidTerminate: (pid 3538), reason=Crash
   5.839 [com.apple.WebKit:Process:4] 0x10c6011a0 - NetworkProcess::removeNetworkConnectionToWebProcess: Removing process 5
   5.839 [com.apple.WebKit:Loading error] 0x8039000 - [pageProxyID=4, webPageID=13, PID=3538] WebPageProxy::dispatchProcessDidTerminate: reason=Crash
   5.949 Unknown logging channel: Loading
   5.949 Unknown logging channel: Layout
   5.951 [com.apple.WebKit:Process:4] getNetworkProcessConnection: Request connection for core identifier 6
   5.951 [com.apple.WebKit:Process:4] 0x10c6011a0 - NetworkProcess::createNetworkConnectionToWebProcess: Create connection for web process core identifier 6
   5.952 [com.apple.WebKit:Process:4] 0x10c61bd00 - NetworkConnectionToWebProcess::NetworkConnectionToWebProcess: Create connection for web process core identifier 6
   5.952 [com.apple.WebKit:Process:4] 0x10c61bd00 - NetworkConnectionToWebProcess::NetworkConnectionToWebProcess: Connection for web process core identifier 6 established service worker server connection
   5.952 [com.apple.WebKit:Process:4] 0x10c61bd00 - NetworkConnectionToWebProcess::NetworkConnectionToWebProcess: Connection for web process core identifier 6 established shared worker connection
   5.952 [com.apple.WebKit:Process:4] 0x10c6011a0 - NetworkProcess::createNetworkConnectionToWebProcess: Finished creating connection for web process core identifier 6, notifying the UI process
   5.952 [com.apple.WebKit:Process:4] 0x10c6011a0 - NetworkProcess::createNetworkConnectionToWebProcess: Handed off connect for web process core identifier 6 to the UI process
   5.996 [com.apple.WebKit:Process:4] 0x10c601220 - [sessionID=1] WebProcess::initializeWebProcess: Presenting processPID=3533
   5.996 [com.apple.WebKit:Loading:4] 0x10d024400 - [webPageID=13] WebPage::constructor:
   6.001 [com.apple.WebKit:Loading:4] WebPreferencesStore: non-default preferences: AcceleratedCompositingEnabled=false, UseGPUProcessForDOMRenderingEnabled=false
   6.027 [com.apple.WebKit:Layout:4] [webFrameID=4294967299, webPageID=13] WebLocalFrameLoaderClient::completePageTransitionIfNeeded: dispatching didCompletePageTransition
   6.029 [com.apple.WebKit:Loading:4] 0x10d024400 - [webPageID=13] WebPage::goToBackForwardItem: navigationID=18, backForwardItemID=5-6, shouldTreatAsContinuingLoad=0, lastNavigationWasAppInitiated=1, existingNetworkResourceLoadIdentifierToResume=0
   6.057 [com.apple.WebKit:Loading:4] [pageID=13, frameID=4294967299] PolicyChecker::checkNavigationPolicy: continuing because this policyAction from dispatchDecidePolicyForNavigationAction is Use
   6.059 [com.apple.WebKit:Loading:4] 0x10c61bd00 - [webProcessIdentifier=6] NetworkConnectionToWebProcess::scheduleResourceLoad: (parentPID=3533, pageProxyID=4, webPageID=13, frameID=4294967299, resourceID=11, existingLoaderToResume=0)
   6.059 [com.apple.WebKit:Loading:4] 0x10c61bd00 - [webProcessIdentifier=6] NetworkConnectionToWebProcess::resolveBlobReferences: (parentPID=3533, pageProxyID=4, webPageID=13, frameID=4294967299, resourceID=11)
   9.074 
   9.074 TIGER-CRASH pid 0xdd6 msgid 0x961 size 0x4c descriptors 0x2 exception 0x2 code 0xd 0x0 thread 0xd03 state-kr 0x0 pc 0x10e00bde1 code f4 63 c8 4c 0f af ce 49 c1 e9 20 41 01 c1 41 c1 f9 02 45 89 ca 41 c1 ea 1f 45 01 d1 45 69 d1 07 frames: 0x10e00bde1 0x104f6f6a8 0x104f4e1c4 0x10365ddc2 0x10380ed1b 0x100c1a19d 0x100c1a578 0x10177156e 0x10176f1d3 0x101ac93e6 0x101ac9240 0x101a9e7fb 0x101a9eca5 0x101a9e262 0x101a9fd88 0x101659d8f 0x101b5a74e 0x101b37b6f 0x1002670ac 0x101b3eee4 0x101be0929 0x101be05c9 0x101bc7221 0x1001a35d1 0x1001b69ff 0x10019793b 0x1001b62f2 0x100437cd3 0x10043800f 0x100438447 0x1041f4dc8 0x1042bb696 0x100048908 0x10000160c 0x100001521 0x3
   9.084 [com.apple.WebKit:Process error] 0x8051200 - [PID=3542] WebProcessProxy::didClose (web process crash)
   9.084 [com.apple.WebKit:Process error] 0x8051200 - [PID=3542] WebProcessProxy::processDidTerminateOrFailedToLaunch: reason=Crash
   9.084 [com.apple.WebKit:Loading:4] 0x10c61bd00 - [webProcessIdentifier=6] NetworkConnectionToWebProcess::didClose: WebProcess closed its connection. Aborting related loaders.
   9.084 [com.apple.WebKit:Process:4] 0x10c6011a0 - NetworkProcess::removeNetworkConnectionToWebProcess: Removing process 6
   9.084 [com.apple.WebKit:Process error] 0x8039000 - [pageProxyID=4, webPageID=13, PID=3542] WebPageProxy::processDidTerminate: (pid 3542), reason=Crash
   9.085 [com.apple.WebKit:Loading error] 0x8039000 - [pageProxyID=4, webPageID=13, PID=3542] WebPageProxy::dispatchProcessDidTerminate: reason=Crash
   9.085 [com.apple.WebKit:Process error] 0x8039000 - [pageProxyID=4, webPageID=13, PID=3542] WebPageProxy::tryReloadAfterProcessTermination: process crashed and the client did not handle it, not reloading the page because we reached the maximum number of attempts
  45.456 TIGER-EXIT pid 0xdcd
  45.457  thread 0x117 state-kr 0x0 pc 0x90009817 leaf mach_msg_trap+0x7 frames: 0x90009817 0x9004626a 0x2dae15
  45.477 TIGER-EXIT pid 0xdd1
  45.477  thread 0xd03 state-kr 0x0 pc 0x10ae56e4e leaf mach_msg_trap+0xa frames: 0x10ae56e4e 0x10ae0c11d 0x1003290ad 0x10adfbc75 0x10adfba0c 0x100001e53 0x100001d61 0x3
