SURFACE add-owned-surface=0
SURFACE surface-bounds=0
SURFACE order-surface=0
SURFACE secondary-owner=0
SURFACE share-owned-window=0
SURFACE parent=43667 child=39967 window=2015 surface=147787958
SURFACE choose-format=0
SURFACE create-context=0
SURFACE attach-other-process-surface=0
SURFACE current-context=0
SURFACE swap-interval=0
SURFACE renderer=NVIDIA GeForce 8600M GT OpenGL Engine
SURFACE mode=ca
SURFACE frame_storage=malloc
SURFACE quartzcore_path=/Users/shg/wk2/runs/20260923-204030-surface-ca-malloc-dc42a1c31b/bin/../Frameworks/QuartzCore.framework/Versions/A/QuartzCore
SURFACE overlay=opaque-magenta rect=40,40,200,72 above=fresh-video-image
SURFACE RESULT mode=ca uploads=240 pixels=1280x720 elapsed=7.997 rate=30.012 work_mean_ms=33.204 work_p95_ms=31.429 work_max_ms=778.349 slowest_frame=0 copy_mean_ms=11.327 render_mean_ms=18.006 flush_mean_ms=3.862 completed_at=8.320 deadline=8.500 (flushes, not scanout)
SURFACE FRAME id=0 allocation_ms=0.018 memcpy_ms=12.220 image_ms=0.038 transaction_ms=0.329 render_ms=756.314 flush_ms=9.415 total_ms=778.349
SURFACE FRAME id=1 allocation_ms=0.020 memcpy_ms=12.462 image_ms=0.011 transaction_ms=0.251 render_ms=17.258 flush_ms=5.242 total_ms=35.260
SURFACE FRAME id=2 allocation_ms=0.020 memcpy_ms=12.681 image_ms=0.011 transaction_ms=0.077 render_ms=13.500 flush_ms=4.276 total_ms=30.578
SURFACE FRAME id=3 allocation_ms=0.023 memcpy_ms=11.913 image_ms=0.011 transaction_ms=0.077 render_ms=17.414 flush_ms=4.184 total_ms=33.633
SURFACE FRAME id=4 allocation_ms=0.020 memcpy_ms=11.423 image_ms=0.012 transaction_ms=0.077 render_ms=15.329 flush_ms=3.927 total_ms=30.802
SURFACE FRAME id=5 allocation_ms=0.019 memcpy_ms=11.210 image_ms=0.013 transaction_ms=0.078 render_ms=15.697 flush_ms=3.896 total_ms=30.926
SURFACE FRAME id=6 allocation_ms=0.019 memcpy_ms=10.991 image_ms=0.014 transaction_ms=0.078 render_ms=14.610 flush_ms=3.892 total_ms=29.617
SURFACE FRAME id=7 allocation_ms=0.018 memcpy_ms=10.911 image_ms=0.013 transaction_ms=0.079 render_ms=14.528 flush_ms=3.997 total_ms=29.559
SURFACE FRAME id=8 allocation_ms=0.018 memcpy_ms=10.939 image_ms=0.013 transaction_ms=0.079 render_ms=14.459 flush_ms=5.526 total_ms=31.046
SURFACE FRAME id=9 allocation_ms=0.025 memcpy_ms=13.308 image_ms=0.015 transaction_ms=0.090 render_ms=19.837 flush_ms=3.977 total_ms=37.265
SURFACE FRAME id=10 allocation_ms=0.020 memcpy_ms=11.228 image_ms=0.014 transaction_ms=0.080 render_ms=15.975 flush_ms=4.099 total_ms=31.429
SURFACE FRAME id=11 allocation_ms=0.018 memcpy_ms=12.021 image_ms=0.011 transaction_ms=0.075 render_ms=14.946 flush_ms=4.229 total_ms=31.314
SURFACE FRAME id=12 allocation_ms=0.019 memcpy_ms=11.476 image_ms=0.012 transaction_ms=0.076 render_ms=15.583 flush_ms=3.938 total_ms=31.117
SURFACE FRAME id=13 allocation_ms=0.021 memcpy_ms=11.221 image_ms=0.010 transaction_ms=0.075 render_ms=14.698 flush_ms=3.914 total_ms=29.954
SURFACE FRAME id=14 allocation_ms=0.020 memcpy_ms=11.026 image_ms=0.015 transaction_ms=0.078 render_ms=14.644 flush_ms=3.922 total_ms=29.716
SURFACE FRAME id=15 allocation_ms=0.018 memcpy_ms=10.901 image_ms=0.013 transaction_ms=0.079 render_ms=15.964 flush_ms=3.908 total_ms=30.896
SURFACE FRAME id=16 allocation_ms=0.019 memcpy_ms=11.070 image_ms=0.196 transaction_ms=0.079 render_ms=14.129 flush_ms=3.750 total_ms=29.257
SURFACE FRAME id=17 allocation_ms=0.022 memcpy_ms=11.261 image_ms=0.013 transaction_ms=0.078 render_ms=15.441 flush_ms=3.796 total_ms=30.625
SURFACE FRAME id=18 allocation_ms=0.025 memcpy_ms=11.244 image_ms=0.013 transaction_ms=0.080 render_ms=14.634 flush_ms=3.765 total_ms=29.774
SURFACE FRAME id=19 allocation_ms=0.022 memcpy_ms=10.806 image_ms=0.013 transaction_ms=0.080 render_ms=14.645 flush_ms=3.716 total_ms=29.294
SURFACE FRAME id=20 allocation_ms=0.022 memcpy_ms=11.400 image_ms=0.012 transaction_ms=0.084 render_ms=15.225 flush_ms=3.750 total_ms=30.506
SURFACE FRAME id=21 allocation_ms=0.024 memcpy_ms=11.198 image_ms=0.012 transaction_ms=0.076 render_ms=14.546 flush_ms=3.820 total_ms=29.690
SURFACE FRAME id=22 allocation_ms=0.023 memcpy_ms=11.097 image_ms=0.013 transaction_ms=0.078 render_ms=14.581 flush_ms=3.834 total_ms=29.639
SURFACE FRAME id=23 allocation_ms=0.022 memcpy_ms=10.650 image_ms=0.013 transaction_ms=0.077 render_ms=14.542 flush_ms=4.115 total_ms=29.431
SURFACE FRAME id=24 allocation_ms=0.024 memcpy_ms=11.072 image_ms=0.011 transaction_ms=0.076 render_ms=14.183 flush_ms=3.770 total_ms=29.149
SURFACE FRAME id=25 allocation_ms=0.022 memcpy_ms=11.322 image_ms=0.012 transaction_ms=0.076 render_ms=15.257 flush_ms=3.829 total_ms=30.533
SURFACE FRAME id=26 allocation_ms=0.020 memcpy_ms=11.078 image_ms=0.011 transaction_ms=0.075 render_ms=14.588 flush_ms=3.791 total_ms=29.578
SURFACE FRAME id=27 allocation_ms=0.023 memcpy_ms=10.795 image_ms=0.013 transaction_ms=0.079 render_ms=14.529 flush_ms=3.775 total_ms=29.228
SURFACE FRAME id=28 allocation_ms=0.021 memcpy_ms=11.788 image_ms=0.014 transaction_ms=0.079 render_ms=14.940 flush_ms=3.735 total_ms=30.590
SURFACE FRAME id=29 allocation_ms=0.020 memcpy_ms=11.462 image_ms=0.014 transaction_ms=0.082 render_ms=14.736 flush_ms=3.752 total_ms=30.079
SURFACE FRAME id=30 allocation_ms=0.022 memcpy_ms=11.206 image_ms=0.014 transaction_ms=0.078 render_ms=14.893 flush_ms=3.803 total_ms=30.030
SURFACE FRAME id=31 allocation_ms=0.023 memcpy_ms=10.933 image_ms=0.012 transaction_ms=0.078 render_ms=14.776 flush_ms=3.756 total_ms=29.592
SURFACE FRAME id=32 allocation_ms=0.021 memcpy_ms=11.320 image_ms=0.013 transaction_ms=0.079 render_ms=14.414 flush_ms=3.760 total_ms=29.619
SURFACE FRAME id=33 allocation_ms=0.025 memcpy_ms=11.246 image_ms=0.013 transaction_ms=0.079 render_ms=15.754 flush_ms=3.795 total_ms=30.923
SURFACE FRAME id=34 allocation_ms=0.023 memcpy_ms=12.024 image_ms=0.013 transaction_ms=0.078 render_ms=14.801 flush_ms=3.749 total_ms=30.700
SURFACE FRAME id=35 allocation_ms=0.021 memcpy_ms=10.851 image_ms=0.013 transaction_ms=0.078 render_ms=14.808 flush_ms=3.793 total_ms=29.578
SURFACE FRAME id=36 allocation_ms=0.024 memcpy_ms=11.275 image_ms=0.013 transaction_ms=0.077 render_ms=14.419 flush_ms=3.790 total_ms=29.612
SURFACE FRAME id=37 allocation_ms=0.022 memcpy_ms=11.274 image_ms=0.013 transaction_ms=0.078 render_ms=14.535 flush_ms=3.841 total_ms=29.776
SURFACE FRAME id=38 allocation_ms=0.021 memcpy_ms=11.116 image_ms=0.012 transaction_ms=0.076 render_ms=14.743 flush_ms=3.696 total_ms=29.677
SURFACE FRAME id=39 allocation_ms=0.023 memcpy_ms=10.694 image_ms=0.012 transaction_ms=0.081 render_ms=15.173 flush_ms=4.107 total_ms=30.102
SURFACE FRAME id=40 allocation_ms=0.022 memcpy_ms=11.067 image_ms=0.011 transaction_ms=0.076 render_ms=14.405 flush_ms=3.741 total_ms=29.336
SURFACE FRAME id=41 allocation_ms=0.022 memcpy_ms=11.275 image_ms=0.012 transaction_ms=0.077 render_ms=14.596 flush_ms=4.143 total_ms=30.139
SURFACE FRAME id=42 allocation_ms=0.027 memcpy_ms=11.466 image_ms=0.014 transaction_ms=0.078 render_ms=15.350 flush_ms=3.725 total_ms=30.673
SURFACE FRAME id=43 allocation_ms=0.022 memcpy_ms=10.771 image_ms=0.014 transaction_ms=0.078 render_ms=14.599 flush_ms=3.776 total_ms=29.273
SURFACE FRAME id=44 allocation_ms=0.022 memcpy_ms=11.026 image_ms=0.013 transaction_ms=0.077 render_ms=14.537 flush_ms=3.713 total_ms=29.400
SURFACE FRAME id=45 allocation_ms=0.025 memcpy_ms=11.160 image_ms=0.012 transaction_ms=0.079 render_ms=14.650 flush_ms=3.855 total_ms=29.794
SURFACE FRAME id=46 allocation_ms=0.022 memcpy_ms=11.126 image_ms=0.012 transaction_ms=0.078 render_ms=15.398 flush_ms=3.772 total_ms=30.422
SURFACE FRAME id=47 allocation_ms=0.022 memcpy_ms=10.886 image_ms=0.013 transaction_ms=0.078 render_ms=15.276 flush_ms=3.788 total_ms=30.076
SURFACE FRAME id=48 allocation_ms=0.024 memcpy_ms=11.070 image_ms=0.013 transaction_ms=0.077 render_ms=14.232 flush_ms=3.805 total_ms=29.235
SURFACE FRAME id=49 allocation_ms=0.023 memcpy_ms=11.496 image_ms=0.013 transaction_ms=0.076 render_ms=14.628 flush_ms=4.277 total_ms=30.527
SURFACE FRAME id=50 allocation_ms=0.022 memcpy_ms=11.001 image_ms=0.012 transaction_ms=0.078 render_ms=14.756 flush_ms=3.772 total_ms=29.653
SURFACE FRAME id=51 allocation_ms=0.023 memcpy_ms=10.660 image_ms=0.012 transaction_ms=0.076 render_ms=14.687 flush_ms=3.772 total_ms=29.243
SURFACE FRAME id=52 allocation_ms=0.021 memcpy_ms=11.165 image_ms=0.013 transaction_ms=0.078 render_ms=14.798 flush_ms=3.702 total_ms=29.791
SURFACE FRAME id=53 allocation_ms=0.021 memcpy_ms=11.186 image_ms=0.013 transaction_ms=0.077 render_ms=14.475 flush_ms=3.787 total_ms=29.572
SURFACE FRAME id=54 allocation_ms=0.024 memcpy_ms=11.121 image_ms=0.012 transaction_ms=0.078 render_ms=15.627 flush_ms=3.779 total_ms=30.654
SURFACE FRAME id=55 allocation_ms=0.022 memcpy_ms=11.078 image_ms=0.014 transaction_ms=0.203 render_ms=14.356 flush_ms=3.812 total_ms=29.497
SURFACE FRAME id=56 allocation_ms=0.021 memcpy_ms=11.085 image_ms=0.013 transaction_ms=0.079 render_ms=14.647 flush_ms=3.737 total_ms=29.596
SURFACE FRAME id=57 allocation_ms=0.025 memcpy_ms=12.387 image_ms=0.013 transaction_ms=0.078 render_ms=16.351 flush_ms=4.544 total_ms=33.410
SURFACE FRAME id=58 allocation_ms=0.021 memcpy_ms=11.905 image_ms=0.011 transaction_ms=0.080 render_ms=15.397 flush_ms=3.899 total_ms=31.326
SURFACE FRAME id=59 allocation_ms=0.024 memcpy_ms=11.741 image_ms=0.011 transaction_ms=0.077 render_ms=14.271 flush_ms=3.746 total_ms=29.884
SURFACE FRAME id=60 allocation_ms=0.026 memcpy_ms=11.659 image_ms=0.011 transaction_ms=0.076 render_ms=14.194 flush_ms=3.723 total_ms=29.703
SURFACE FRAME id=61 allocation_ms=0.021 memcpy_ms=10.780 image_ms=0.013 transaction_ms=0.079 render_ms=14.517 flush_ms=3.702 total_ms=29.126
SURFACE FRAME id=62 allocation_ms=0.022 memcpy_ms=10.761 image_ms=0.013 transaction_ms=0.078 render_ms=15.220 flush_ms=3.706 total_ms=29.815
SURFACE FRAME id=63 allocation_ms=0.024 memcpy_ms=11.091 image_ms=0.013 transaction_ms=0.080 render_ms=14.515 flush_ms=3.800 total_ms=29.535
SURFACE FRAME id=64 allocation_ms=0.022 memcpy_ms=11.065 image_ms=0.013 transaction_ms=0.078 render_ms=14.810 flush_ms=3.755 total_ms=29.756
SURFACE FRAME id=65 allocation_ms=0.021 memcpy_ms=11.960 image_ms=0.014 transaction_ms=0.077 render_ms=14.808 flush_ms=3.770 total_ms=30.663
SURFACE FRAME id=66 allocation_ms=0.023 memcpy_ms=11.123 image_ms=0.014 transaction_ms=0.078 render_ms=14.322 flush_ms=3.866 total_ms=29.438
SURFACE FRAME id=67 allocation_ms=0.023 memcpy_ms=11.234 image_ms=0.013 transaction_ms=0.077 render_ms=14.576 flush_ms=3.873 total_ms=29.809
SURFACE FRAME id=68 allocation_ms=0.023 memcpy_ms=11.005 image_ms=0.013 transaction_ms=0.077 render_ms=14.315 flush_ms=3.828 total_ms=29.272
SURFACE FRAME id=69 allocation_ms=0.024 memcpy_ms=10.837 image_ms=0.012 transaction_ms=0.075 render_ms=14.552 flush_ms=3.735 total_ms=29.253
SURFACE FRAME id=70 allocation_ms=0.023 memcpy_ms=11.137 image_ms=0.011 transaction_ms=0.074 render_ms=15.208 flush_ms=3.720 total_ms=30.187
SURFACE FRAME id=71 allocation_ms=0.022 memcpy_ms=10.706 image_ms=0.012 transaction_ms=0.078 render_ms=14.626 flush_ms=3.746 total_ms=29.203
SURFACE FRAME id=72 allocation_ms=0.026 memcpy_ms=11.036 image_ms=0.013 transaction_ms=0.081 render_ms=14.593 flush_ms=3.762 total_ms=29.522
SURFACE FRAME id=73 allocation_ms=0.021 memcpy_ms=11.309 image_ms=0.013 transaction_ms=0.079 render_ms=14.347 flush_ms=3.760 total_ms=29.542
SURFACE FRAME id=74 allocation_ms=0.022 memcpy_ms=11.101 image_ms=0.014 transaction_ms=0.080 render_ms=14.433 flush_ms=3.978 total_ms=29.639
SURFACE FRAME id=75 allocation_ms=0.025 memcpy_ms=11.216 image_ms=0.012 transaction_ms=0.087 render_ms=15.701 flush_ms=3.752 total_ms=30.806
SURFACE FRAME id=76 allocation_ms=0.022 memcpy_ms=11.178 image_ms=0.014 transaction_ms=0.081 render_ms=14.371 flush_ms=3.734 total_ms=29.414
SURFACE FRAME id=77 allocation_ms=0.023 memcpy_ms=10.862 image_ms=0.013 transaction_ms=0.077 render_ms=14.518 flush_ms=3.732 total_ms=29.238
SURFACE FRAME id=78 allocation_ms=0.024 memcpy_ms=11.494 image_ms=0.013 transaction_ms=0.076 render_ms=14.726 flush_ms=3.868 total_ms=30.213
SURFACE FRAME id=79 allocation_ms=0.022 memcpy_ms=10.934 image_ms=0.013 transaction_ms=0.076 render_ms=14.575 flush_ms=3.770 total_ms=29.402
SURFACE FRAME id=80 allocation_ms=0.021 memcpy_ms=11.121 image_ms=0.012 transaction_ms=0.076 render_ms=14.529 flush_ms=3.698 total_ms=29.470
SURFACE FRAME id=81 allocation_ms=0.024 memcpy_ms=11.352 image_ms=0.010 transaction_ms=0.077 render_ms=14.599 flush_ms=3.794 total_ms=29.871
SURFACE FRAME id=82 allocation_ms=0.021 memcpy_ms=11.161 image_ms=0.013 transaction_ms=0.080 render_ms=14.458 flush_ms=3.756 total_ms=29.504
SURFACE FRAME id=83 allocation_ms=0.022 memcpy_ms=11.214 image_ms=0.014 transaction_ms=0.079 render_ms=14.811 flush_ms=3.726 total_ms=29.879
SURFACE FRAME id=84 allocation_ms=0.022 memcpy_ms=11.078 image_ms=0.014 transaction_ms=0.079 render_ms=14.428 flush_ms=3.722 total_ms=29.356
SURFACE FRAME id=85 allocation_ms=0.021 memcpy_ms=10.843 image_ms=0.013 transaction_ms=0.078 render_ms=14.567 flush_ms=3.999 total_ms=29.535
SURFACE FRAME id=86 allocation_ms=0.022 memcpy_ms=11.172 image_ms=0.013 transaction_ms=0.077 render_ms=14.767 flush_ms=3.731 total_ms=29.794
SURFACE FRAME id=87 allocation_ms=0.025 memcpy_ms=11.027 image_ms=0.014 transaction_ms=0.076 render_ms=14.640 flush_ms=3.738 total_ms=29.533
SURFACE FRAME id=88 allocation_ms=0.023 memcpy_ms=11.154 image_ms=0.013 transaction_ms=0.078 render_ms=14.453 flush_ms=3.824 total_ms=29.558
SURFACE FRAME id=89 allocation_ms=0.021 memcpy_ms=11.440 image_ms=0.012 transaction_ms=0.078 render_ms=14.447 flush_ms=3.766 total_ms=29.777
SURFACE FRAME id=90 allocation_ms=0.025 memcpy_ms=11.291 image_ms=0.012 transaction_ms=0.077 render_ms=14.195 flush_ms=3.745 total_ms=29.357
SURFACE FRAME id=91 allocation_ms=0.022 memcpy_ms=11.132 image_ms=0.011 transaction_ms=0.076 render_ms=14.551 flush_ms=3.734 total_ms=29.539
SURFACE FRAME id=92 allocation_ms=0.022 memcpy_ms=11.014 image_ms=0.014 transaction_ms=0.078 render_ms=14.802 flush_ms=3.741 total_ms=29.690
SURFACE FRAME id=93 allocation_ms=0.024 memcpy_ms=10.819 image_ms=0.013 transaction_ms=0.080 render_ms=14.474 flush_ms=3.751 total_ms=29.174
SURFACE FRAME id=94 allocation_ms=0.021 memcpy_ms=11.265 image_ms=0.013 transaction_ms=0.079 render_ms=14.658 flush_ms=3.820 total_ms=29.870
SURFACE FRAME id=95 allocation_ms=0.021 memcpy_ms=10.913 image_ms=0.013 transaction_ms=0.078 render_ms=14.582 flush_ms=3.700 total_ms=29.322
SURFACE FRAME id=96 allocation_ms=0.024 memcpy_ms=11.169 image_ms=0.014 transaction_ms=0.077 render_ms=14.446 flush_ms=3.799 total_ms=29.543
SURFACE FRAME id=97 allocation_ms=0.023 memcpy_ms=11.271 image_ms=0.012 transaction_ms=0.078 render_ms=14.568 flush_ms=3.766 total_ms=29.730
SURFACE FRAME id=98 allocation_ms=0.021 memcpy_ms=11.165 image_ms=0.014 transaction_ms=0.077 render_ms=14.235 flush_ms=3.830 total_ms=29.354
SURFACE FRAME id=99 allocation_ms=0.024 memcpy_ms=11.123 image_ms=0.013 transaction_ms=0.077 render_ms=14.708 flush_ms=3.718 total_ms=29.678
SURFACE FRAME id=100 allocation_ms=0.023 memcpy_ms=10.739 image_ms=0.011 transaction_ms=0.075 render_ms=14.423 flush_ms=3.711 total_ms=28.995
SURFACE FRAME id=101 allocation_ms=0.021 memcpy_ms=10.951 image_ms=0.014 transaction_ms=0.079 render_ms=14.520 flush_ms=3.732 total_ms=29.331
SURFACE FRAME id=102 allocation_ms=0.023 memcpy_ms=11.432 image_ms=0.014 transaction_ms=0.078 render_ms=14.782 flush_ms=3.896 total_ms=30.239
SURFACE FRAME id=103 allocation_ms=0.022 memcpy_ms=11.073 image_ms=0.012 transaction_ms=0.079 render_ms=14.620 flush_ms=3.935 total_ms=29.754
SURFACE FRAME id=104 allocation_ms=0.021 memcpy_ms=11.225 image_ms=0.010 transaction_ms=0.076 render_ms=14.754 flush_ms=3.775 total_ms=29.874
SURFACE FRAME id=105 allocation_ms=0.026 memcpy_ms=11.275 image_ms=0.014 transaction_ms=0.080 render_ms=14.564 flush_ms=3.745 total_ms=29.718
SURFACE FRAME id=106 allocation_ms=0.022 memcpy_ms=11.155 image_ms=0.014 transaction_ms=0.078 render_ms=14.294 flush_ms=3.823 total_ms=29.400
SURFACE FRAME id=107 allocation_ms=0.022 memcpy_ms=11.394 image_ms=0.013 transaction_ms=0.078 render_ms=14.717 flush_ms=3.743 total_ms=29.981
SURFACE FRAME id=108 allocation_ms=0.098 memcpy_ms=10.738 image_ms=0.013 transaction_ms=0.076 render_ms=14.256 flush_ms=3.761 total_ms=28.954
SURFACE FRAME id=109 allocation_ms=0.022 memcpy_ms=11.117 image_ms=0.010 transaction_ms=0.075 render_ms=15.801 flush_ms=3.860 total_ms=30.898
SURFACE FRAME id=110 allocation_ms=0.022 memcpy_ms=11.315 image_ms=0.012 transaction_ms=0.078 render_ms=15.164 flush_ms=3.821 total_ms=30.425
SURFACE FRAME id=111 allocation_ms=0.023 memcpy_ms=11.213 image_ms=0.011 transaction_ms=0.076 render_ms=14.728 flush_ms=3.794 total_ms=29.858
SURFACE FRAME id=112 allocation_ms=0.024 memcpy_ms=11.141 image_ms=0.011 transaction_ms=0.074 render_ms=14.967 flush_ms=3.724 total_ms=29.955
SURFACE FRAME id=113 allocation_ms=0.022 memcpy_ms=11.305 image_ms=0.010 transaction_ms=0.075 render_ms=14.491 flush_ms=3.727 total_ms=29.643
SURFACE FRAME id=114 allocation_ms=0.024 memcpy_ms=11.154 image_ms=0.014 transaction_ms=0.079 render_ms=14.327 flush_ms=3.707 total_ms=29.318
SURFACE FRAME id=115 allocation_ms=0.022 memcpy_ms=11.146 image_ms=0.014 transaction_ms=0.079 render_ms=14.750 flush_ms=3.833 total_ms=29.856
SURFACE FRAME id=116 allocation_ms=0.021 memcpy_ms=11.071 image_ms=0.014 transaction_ms=0.077 render_ms=14.493 flush_ms=3.739 total_ms=29.427
SURFACE FRAME id=117 allocation_ms=0.025 memcpy_ms=10.902 image_ms=0.013 transaction_ms=0.077 render_ms=14.929 flush_ms=3.768 total_ms=29.726
SURFACE FRAME id=118 allocation_ms=0.022 memcpy_ms=11.292 image_ms=0.013 transaction_ms=0.079 render_ms=15.370 flush_ms=4.345 total_ms=31.134
SURFACE FRAME id=119 allocation_ms=0.024 memcpy_ms=11.126 image_ms=0.013 transaction_ms=0.078 render_ms=14.637 flush_ms=3.747 total_ms=29.636
SURFACE FRAME id=120 allocation_ms=0.023 memcpy_ms=11.217 image_ms=0.013 transaction_ms=0.078 render_ms=14.533 flush_ms=3.853 total_ms=29.730
SURFACE FRAME id=121 allocation_ms=0.022 memcpy_ms=11.423 image_ms=0.013 transaction_ms=0.078 render_ms=14.459 flush_ms=3.815 total_ms=29.823
SURFACE FRAME id=122 allocation_ms=0.023 memcpy_ms=11.399 image_ms=0.013 transaction_ms=0.077 render_ms=14.361 flush_ms=3.838 total_ms=29.722
SURFACE FRAME id=123 allocation_ms=0.024 memcpy_ms=11.220 image_ms=0.011 transaction_ms=0.075 render_ms=14.929 flush_ms=3.769 total_ms=30.041
SURFACE FRAME id=124 allocation_ms=0.021 memcpy_ms=10.999 image_ms=0.011 transaction_ms=0.076 render_ms=17.088 flush_ms=4.143 total_ms=32.350
SURFACE FRAME id=125 allocation_ms=0.022 memcpy_ms=11.452 image_ms=0.012 transaction_ms=0.078 render_ms=16.508 flush_ms=4.255 total_ms=32.341
SURFACE FRAME id=126 allocation_ms=0.028 memcpy_ms=11.476 image_ms=0.015 transaction_ms=0.079 render_ms=14.381 flush_ms=3.751 total_ms=29.741
SURFACE FRAME id=127 allocation_ms=0.024 memcpy_ms=11.863 image_ms=0.014 transaction_ms=0.076 render_ms=14.619 flush_ms=3.816 total_ms=30.425
SURFACE FRAME id=128 allocation_ms=0.022 memcpy_ms=11.847 image_ms=0.012 transaction_ms=0.076 render_ms=14.599 flush_ms=3.820 total_ms=30.390
SURFACE FRAME id=129 allocation_ms=0.025 memcpy_ms=11.077 image_ms=0.013 transaction_ms=0.081 render_ms=14.961 flush_ms=3.834 total_ms=30.005
SURFACE FRAME id=130 allocation_ms=0.023 memcpy_ms=11.246 image_ms=0.011 transaction_ms=0.076 render_ms=14.373 flush_ms=3.690 total_ms=29.433
SURFACE FRAME id=131 allocation_ms=0.022 memcpy_ms=10.985 image_ms=0.016 transaction_ms=0.075 render_ms=14.631 flush_ms=3.805 total_ms=29.548
SURFACE FRAME id=132 allocation_ms=0.026 memcpy_ms=11.348 image_ms=0.011 transaction_ms=0.074 render_ms=15.521 flush_ms=3.765 total_ms=30.759
SURFACE FRAME id=133 allocation_ms=0.022 memcpy_ms=10.817 image_ms=0.013 transaction_ms=0.078 render_ms=14.770 flush_ms=3.829 total_ms=29.543
SURFACE FRAME id=134 allocation_ms=0.020 memcpy_ms=11.255 image_ms=0.014 transaction_ms=0.079 render_ms=14.450 flush_ms=3.695 total_ms=29.527
SURFACE FRAME id=135 allocation_ms=0.024 memcpy_ms=11.875 image_ms=0.013 transaction_ms=0.079 render_ms=14.587 flush_ms=3.739 total_ms=30.331
SURFACE FRAME id=136 allocation_ms=0.022 memcpy_ms=11.750 image_ms=0.013 transaction_ms=0.077 render_ms=14.549 flush_ms=3.787 total_ms=30.212
SURFACE FRAME id=137 allocation_ms=0.022 memcpy_ms=11.163 image_ms=0.013 transaction_ms=0.078 render_ms=14.796 flush_ms=3.780 total_ms=29.864
SURFACE FRAME id=138 allocation_ms=0.024 memcpy_ms=11.222 image_ms=0.013 transaction_ms=0.077 render_ms=14.265 flush_ms=3.754 total_ms=29.374
SURFACE FRAME id=139 allocation_ms=0.023 memcpy_ms=11.103 image_ms=0.013 transaction_ms=0.077 render_ms=14.679 flush_ms=3.871 total_ms=29.779
SURFACE FRAME id=140 allocation_ms=0.022 memcpy_ms=11.488 image_ms=0.013 transaction_ms=0.082 render_ms=15.162 flush_ms=3.828 total_ms=30.608
SURFACE FRAME id=141 allocation_ms=0.025 memcpy_ms=10.968 image_ms=0.012 transaction_ms=0.077 render_ms=15.095 flush_ms=3.793 total_ms=29.983
SURFACE FRAME id=142 allocation_ms=0.021 memcpy_ms=10.867 image_ms=0.013 transaction_ms=0.078 render_ms=16.151 flush_ms=4.581 total_ms=31.725
SURFACE FRAME id=143 allocation_ms=0.027 memcpy_ms=12.033 image_ms=0.012 transaction_ms=0.079 render_ms=14.683 flush_ms=3.669 total_ms=30.515
SURFACE FRAME id=144 allocation_ms=0.025 memcpy_ms=12.565 image_ms=0.013 transaction_ms=0.078 render_ms=14.510 flush_ms=3.779 total_ms=30.984
SURFACE FRAME id=145 allocation_ms=0.023 memcpy_ms=11.158 image_ms=0.013 transaction_ms=0.078 render_ms=14.781 flush_ms=3.752 total_ms=29.819
SURFACE FRAME id=146 allocation_ms=0.021 memcpy_ms=11.386 image_ms=0.012 transaction_ms=0.078 render_ms=14.616 flush_ms=3.832 total_ms=29.958
SURFACE FRAME id=147 allocation_ms=0.025 memcpy_ms=11.051 image_ms=0.012 transaction_ms=0.077 render_ms=14.737 flush_ms=3.824 total_ms=29.738
SURFACE FRAME id=148 allocation_ms=0.022 memcpy_ms=11.609 image_ms=0.012 transaction_ms=0.075 render_ms=15.337 flush_ms=3.762 total_ms=30.830
SURFACE FRAME id=149 allocation_ms=0.020 memcpy_ms=10.951 image_ms=0.011 transaction_ms=0.076 render_ms=14.884 flush_ms=4.138 total_ms=30.094
SURFACE FRAME id=150 allocation_ms=0.026 memcpy_ms=11.219 image_ms=0.011 transaction_ms=0.077 render_ms=14.446 flush_ms=3.757 total_ms=29.558
SURFACE FRAME id=151 allocation_ms=0.022 memcpy_ms=12.176 image_ms=0.011 transaction_ms=0.076 render_ms=14.546 flush_ms=3.749 total_ms=30.592
SURFACE FRAME id=152 allocation_ms=0.022 memcpy_ms=11.787 image_ms=0.010 transaction_ms=0.076 render_ms=14.506 flush_ms=3.746 total_ms=30.160
SURFACE FRAME id=153 allocation_ms=0.024 memcpy_ms=11.091 image_ms=0.012 transaction_ms=0.079 render_ms=14.916 flush_ms=3.726 total_ms=29.863
SURFACE FRAME id=154 allocation_ms=0.022 memcpy_ms=11.110 image_ms=0.014 transaction_ms=0.079 render_ms=14.219 flush_ms=3.721 total_ms=29.177
SURFACE FRAME id=155 allocation_ms=0.021 memcpy_ms=11.168 image_ms=0.013 transaction_ms=0.079 render_ms=14.582 flush_ms=3.718 total_ms=29.594
SURFACE FRAME id=156 allocation_ms=0.025 memcpy_ms=11.394 image_ms=0.014 transaction_ms=0.078 render_ms=15.389 flush_ms=3.863 total_ms=30.775
SURFACE FRAME id=157 allocation_ms=0.022 memcpy_ms=10.785 image_ms=0.013 transaction_ms=0.078 render_ms=15.081 flush_ms=3.763 total_ms=29.756
SURFACE FRAME id=158 allocation_ms=0.021 memcpy_ms=11.248 image_ms=0.013 transaction_ms=0.076 render_ms=14.561 flush_ms=3.807 total_ms=29.741
SURFACE FRAME id=159 allocation_ms=0.025 memcpy_ms=11.470 image_ms=0.015 transaction_ms=0.077 render_ms=14.647 flush_ms=3.734 total_ms=29.982
SURFACE FRAME id=160 allocation_ms=0.022 memcpy_ms=11.578 image_ms=0.013 transaction_ms=0.079 render_ms=14.924 flush_ms=3.914 total_ms=30.544
SURFACE FRAME id=161 allocation_ms=0.024 memcpy_ms=11.060 image_ms=0.013 transaction_ms=0.077 render_ms=14.742 flush_ms=3.845 total_ms=29.774
SURFACE FRAME id=162 allocation_ms=0.026 memcpy_ms=11.222 image_ms=0.012 transaction_ms=0.077 render_ms=14.390 flush_ms=3.806 total_ms=29.545
SURFACE FRAME id=163 allocation_ms=0.022 memcpy_ms=11.070 image_ms=0.012 transaction_ms=0.076 render_ms=14.775 flush_ms=3.720 total_ms=29.689
SURFACE FRAME id=164 allocation_ms=0.021 memcpy_ms=11.199 image_ms=0.012 transaction_ms=0.075 render_ms=14.895 flush_ms=3.717 total_ms=29.933
SURFACE FRAME id=165 allocation_ms=0.024 memcpy_ms=11.050 image_ms=0.011 transaction_ms=0.076 render_ms=15.032 flush_ms=3.743 total_ms=29.949
SURFACE FRAME id=166 allocation_ms=0.022 memcpy_ms=11.203 image_ms=0.013 transaction_ms=0.079 render_ms=14.688 flush_ms=3.875 total_ms=29.894
SURFACE FRAME id=167 allocation_ms=0.021 memcpy_ms=11.993 image_ms=0.013 transaction_ms=0.078 render_ms=14.603 flush_ms=3.731 total_ms=30.452
SURFACE FRAME id=168 allocation_ms=0.023 memcpy_ms=11.707 image_ms=0.012 transaction_ms=0.077 render_ms=14.556 flush_ms=3.727 total_ms=30.115
SURFACE FRAME id=169 allocation_ms=0.022 memcpy_ms=11.153 image_ms=0.013 transaction_ms=0.079 render_ms=14.658 flush_ms=3.756 total_ms=29.695
SURFACE FRAME id=170 allocation_ms=0.023 memcpy_ms=11.539 image_ms=0.013 transaction_ms=0.078 render_ms=14.556 flush_ms=3.710 total_ms=29.932
SURFACE FRAME id=171 allocation_ms=0.024 memcpy_ms=11.090 image_ms=0.014 transaction_ms=0.079 render_ms=14.720 flush_ms=3.940 total_ms=29.881
SURFACE FRAME id=172 allocation_ms=0.022 memcpy_ms=11.054 image_ms=0.012 transaction_ms=0.078 render_ms=15.330 flush_ms=3.723 total_ms=30.231
SURFACE FRAME id=173 allocation_ms=0.021 memcpy_ms=10.904 image_ms=0.013 transaction_ms=0.090 render_ms=14.644 flush_ms=3.735 total_ms=29.420
SURFACE FRAME id=174 allocation_ms=0.025 memcpy_ms=11.264 image_ms=0.013 transaction_ms=0.078 render_ms=14.584 flush_ms=3.825 total_ms=29.801
SURFACE FRAME id=175 allocation_ms=0.023 memcpy_ms=11.977 image_ms=0.012 transaction_ms=0.078 render_ms=15.011 flush_ms=3.948 total_ms=31.061
SURFACE FRAME id=176 allocation_ms=0.022 memcpy_ms=12.107 image_ms=0.013 transaction_ms=0.078 render_ms=14.884 flush_ms=3.761 total_ms=30.879
SURFACE FRAME id=177 allocation_ms=0.026 memcpy_ms=11.034 image_ms=0.013 transaction_ms=0.077 render_ms=14.707 flush_ms=3.828 total_ms=29.700
SURFACE FRAME id=178 allocation_ms=0.023 memcpy_ms=11.234 image_ms=0.012 transaction_ms=0.076 render_ms=14.232 flush_ms=3.709 total_ms=29.300
SURFACE FRAME id=179 allocation_ms=0.022 memcpy_ms=10.934 image_ms=0.012 transaction_ms=0.073 render_ms=14.636 flush_ms=3.726 total_ms=29.416
SURFACE FRAME id=180 allocation_ms=0.025 memcpy_ms=11.501 image_ms=0.012 transaction_ms=0.075 render_ms=15.510 flush_ms=3.761 total_ms=30.898
SURFACE FRAME id=181 allocation_ms=0.022 memcpy_ms=10.840 image_ms=0.013 transaction_ms=0.087 render_ms=15.098 flush_ms=3.714 total_ms=29.788
SURFACE FRAME id=182 allocation_ms=0.021 memcpy_ms=10.852 image_ms=0.013 transaction_ms=0.076 render_ms=14.561 flush_ms=3.744 total_ms=29.280
SURFACE FRAME id=183 allocation_ms=0.023 memcpy_ms=11.966 image_ms=0.014 transaction_ms=0.079 render_ms=14.752 flush_ms=3.726 total_ms=30.572
SURFACE FRAME id=184 allocation_ms=0.021 memcpy_ms=11.625 image_ms=0.014 transaction_ms=0.079 render_ms=14.706 flush_ms=3.688 total_ms=30.146
SURFACE FRAME id=185 allocation_ms=0.021 memcpy_ms=11.542 image_ms=0.014 transaction_ms=0.079 render_ms=14.655 flush_ms=3.754 total_ms=30.078
SURFACE FRAME id=186 allocation_ms=0.023 memcpy_ms=11.211 image_ms=0.013 transaction_ms=0.078 render_ms=14.601 flush_ms=3.754 total_ms=29.693
SURFACE FRAME id=187 allocation_ms=0.023 memcpy_ms=11.121 image_ms=0.013 transaction_ms=0.078 render_ms=14.632 flush_ms=3.822 total_ms=29.702
SURFACE FRAME id=188 allocation_ms=0.023 memcpy_ms=11.509 image_ms=0.013 transaction_ms=0.078 render_ms=15.501 flush_ms=3.773 total_ms=30.908
SURFACE FRAME id=189 allocation_ms=0.026 memcpy_ms=10.866 image_ms=0.013 transaction_ms=0.077 render_ms=15.044 flush_ms=3.741 total_ms=29.780
SURFACE FRAME id=190 allocation_ms=0.023 memcpy_ms=11.441 image_ms=0.013 transaction_ms=0.076 render_ms=16.598 flush_ms=4.187 total_ms=32.350
SURFACE FRAME id=191 allocation_ms=0.028 memcpy_ms=11.527 image_ms=0.011 transaction_ms=0.078 render_ms=14.920 flush_ms=5.148 total_ms=31.724
SURFACE FRAME id=192 allocation_ms=0.031 memcpy_ms=12.672 image_ms=0.011 transaction_ms=0.076 render_ms=15.867 flush_ms=3.847 total_ms=32.521
SURFACE FRAME id=193 allocation_ms=0.025 memcpy_ms=10.994 image_ms=0.012 transaction_ms=0.105 render_ms=15.501 flush_ms=3.624 total_ms=30.273
SURFACE FRAME id=194 allocation_ms=0.022 memcpy_ms=11.910 image_ms=0.012 transaction_ms=0.076 render_ms=14.430 flush_ms=3.726 total_ms=30.189
SURFACE FRAME id=195 allocation_ms=0.024 memcpy_ms=11.217 image_ms=0.012 transaction_ms=0.075 render_ms=14.647 flush_ms=3.717 total_ms=29.706
SURFACE FRAME id=196 allocation_ms=0.022 memcpy_ms=11.519 image_ms=0.011 transaction_ms=0.076 render_ms=14.397 flush_ms=4.006 total_ms=30.044
SURFACE FRAME id=197 allocation_ms=0.021 memcpy_ms=10.894 image_ms=0.012 transaction_ms=0.079 render_ms=15.133 flush_ms=3.764 total_ms=29.917
SURFACE FRAME id=198 allocation_ms=0.023 memcpy_ms=11.128 image_ms=0.012 transaction_ms=0.079 render_ms=14.648 flush_ms=3.704 total_ms=29.609
SURFACE FRAME id=199 allocation_ms=0.022 memcpy_ms=10.962 image_ms=0.015 transaction_ms=0.080 render_ms=14.449 flush_ms=3.761 total_ms=29.302
SURFACE FRAME id=200 allocation_ms=0.021 memcpy_ms=11.626 image_ms=0.013 transaction_ms=0.078 render_ms=14.569 flush_ms=3.737 total_ms=30.056
SURFACE FRAME id=201 allocation_ms=0.024 memcpy_ms=11.036 image_ms=0.014 transaction_ms=0.077 render_ms=14.842 flush_ms=3.751 total_ms=29.757
SURFACE FRAME id=202 allocation_ms=0.023 memcpy_ms=11.107 image_ms=0.011 transaction_ms=0.076 render_ms=14.420 flush_ms=3.761 total_ms=29.411
SURFACE FRAME id=203 allocation_ms=0.021 memcpy_ms=11.192 image_ms=0.013 transaction_ms=0.080 render_ms=14.527 flush_ms=3.781 total_ms=29.628
SURFACE FRAME id=204 allocation_ms=0.024 memcpy_ms=11.425 image_ms=0.012 transaction_ms=0.078 render_ms=14.669 flush_ms=3.765 total_ms=29.984
SURFACE FRAME id=205 allocation_ms=0.023 memcpy_ms=10.946 image_ms=0.011 transaction_ms=0.076 render_ms=15.070 flush_ms=3.743 total_ms=29.883
SURFACE FRAME id=206 allocation_ms=0.022 memcpy_ms=11.136 image_ms=0.011 transaction_ms=0.076 render_ms=14.600 flush_ms=3.900 total_ms=29.760
SURFACE FRAME id=207 allocation_ms=0.025 memcpy_ms=11.335 image_ms=0.010 transaction_ms=0.074 render_ms=14.347 flush_ms=3.803 total_ms=29.607
SURFACE FRAME id=208 allocation_ms=0.022 memcpy_ms=11.164 image_ms=0.014 transaction_ms=0.079 render_ms=15.484 flush_ms=4.053 total_ms=30.827
SURFACE FRAME id=209 allocation_ms=0.027 memcpy_ms=11.473 image_ms=0.014 transaction_ms=0.086 render_ms=15.041 flush_ms=3.733 total_ms=30.386
SURFACE FRAME id=210 allocation_ms=0.024 memcpy_ms=11.129 image_ms=0.013 transaction_ms=0.079 render_ms=14.182 flush_ms=3.721 total_ms=29.160
SURFACE FRAME id=211 allocation_ms=0.023 memcpy_ms=11.180 image_ms=0.013 transaction_ms=0.079 render_ms=15.098 flush_ms=3.739 total_ms=30.146
SURFACE FRAME id=212 allocation_ms=0.021 memcpy_ms=11.315 image_ms=0.013 transaction_ms=0.078 render_ms=14.553 flush_ms=3.830 total_ms=29.824
SURFACE FRAME id=213 allocation_ms=0.023 memcpy_ms=10.748 image_ms=0.014 transaction_ms=0.078 render_ms=14.988 flush_ms=3.733 total_ms=29.597
SURFACE FRAME id=214 allocation_ms=0.023 memcpy_ms=11.124 image_ms=0.013 transaction_ms=0.077 render_ms=14.692 flush_ms=3.713 total_ms=29.655
SURFACE FRAME id=215 allocation_ms=0.022 memcpy_ms=11.402 image_ms=0.012 transaction_ms=0.078 render_ms=14.379 flush_ms=3.721 total_ms=29.628
SURFACE FRAME id=216 allocation_ms=0.026 memcpy_ms=11.635 image_ms=0.013 transaction_ms=0.077 render_ms=14.555 flush_ms=3.973 total_ms=30.292
SURFACE FRAME id=217 allocation_ms=0.022 memcpy_ms=11.295 image_ms=0.012 transaction_ms=0.079 render_ms=14.676 flush_ms=3.773 total_ms=29.871
SURFACE FRAME id=218 allocation_ms=0.022 memcpy_ms=11.011 image_ms=0.013 transaction_ms=0.078 render_ms=14.704 flush_ms=3.787 total_ms=29.628
SURFACE FRAME id=219 allocation_ms=0.024 memcpy_ms=11.403 image_ms=0.012 transaction_ms=0.076 render_ms=14.325 flush_ms=3.780 total_ms=29.634
SURFACE FRAME id=220 allocation_ms=0.022 memcpy_ms=11.319 image_ms=0.011 transaction_ms=0.076 render_ms=14.595 flush_ms=3.915 total_ms=29.952
SURFACE FRAME id=221 allocation_ms=0.183 memcpy_ms=10.764 image_ms=0.012 transaction_ms=0.075 render_ms=14.938 flush_ms=3.714 total_ms=29.699
SURFACE FRAME id=222 allocation_ms=0.024 memcpy_ms=10.777 image_ms=0.015 transaction_ms=0.081 render_ms=14.623 flush_ms=3.714 total_ms=29.247
SURFACE FRAME id=223 allocation_ms=0.021 memcpy_ms=11.415 image_ms=0.014 transaction_ms=0.080 render_ms=14.381 flush_ms=3.727 total_ms=29.650
SURFACE FRAME id=224 allocation_ms=0.022 memcpy_ms=11.871 image_ms=0.014 transaction_ms=0.080 render_ms=14.581 flush_ms=3.748 total_ms=30.327
SURFACE FRAME id=225 allocation_ms=0.024 memcpy_ms=11.310 image_ms=0.013 transaction_ms=0.078 render_ms=14.691 flush_ms=3.754 total_ms=29.885
SURFACE FRAME id=226 allocation_ms=0.022 memcpy_ms=11.019 image_ms=0.015 transaction_ms=0.083 render_ms=14.482 flush_ms=3.746 total_ms=29.382
SURFACE FRAME id=227 allocation_ms=0.022 memcpy_ms=11.109 image_ms=0.014 transaction_ms=0.080 render_ms=15.289 flush_ms=3.752 total_ms=30.279
SURFACE FRAME id=228 allocation_ms=0.034 memcpy_ms=11.259 image_ms=0.014 transaction_ms=0.078 render_ms=14.941 flush_ms=3.775 total_ms=30.118
SURFACE FRAME id=229 allocation_ms=0.241 memcpy_ms=11.062 image_ms=0.013 transaction_ms=0.081 render_ms=18.495 flush_ms=5.905 total_ms=35.856
SURFACE FRAME id=230 allocation_ms=0.023 memcpy_ms=12.101 image_ms=0.014 transaction_ms=0.080 render_ms=15.269 flush_ms=3.757 total_ms=31.257
SURFACE FRAME id=231 allocation_ms=0.024 memcpy_ms=11.012 image_ms=0.013 transaction_ms=0.078 render_ms=14.369 flush_ms=3.753 total_ms=29.262
SURFACE FRAME id=232 allocation_ms=0.055 memcpy_ms=11.813 image_ms=0.013 transaction_ms=0.078 render_ms=15.484 flush_ms=3.731 total_ms=31.195
SURFACE FRAME id=233 allocation_ms=0.053 memcpy_ms=12.276 image_ms=0.012 transaction_ms=0.076 render_ms=14.697 flush_ms=3.726 total_ms=30.861
SURFACE FRAME id=234 allocation_ms=0.059 memcpy_ms=11.215 image_ms=0.012 transaction_ms=0.079 render_ms=14.531 flush_ms=3.738 total_ms=29.653
SURFACE FRAME id=235 allocation_ms=0.059 memcpy_ms=12.334 image_ms=0.014 transaction_ms=0.086 render_ms=14.916 flush_ms=3.803 total_ms=31.232
SURFACE FRAME id=236 allocation_ms=0.056 memcpy_ms=11.377 image_ms=0.014 transaction_ms=0.079 render_ms=14.357 flush_ms=3.692 total_ms=29.597
SURFACE FRAME id=237 allocation_ms=0.059 memcpy_ms=11.327 image_ms=0.011 transaction_ms=0.076 render_ms=15.069 flush_ms=3.712 total_ms=30.275
SURFACE FRAME id=238 allocation_ms=0.059 memcpy_ms=11.720 image_ms=0.013 transaction_ms=0.077 render_ms=15.561 flush_ms=3.900 total_ms=31.351
SURFACE FRAME id=239 allocation_ms=0.058 memcpy_ms=11.629 image_ms=0.014 transaction_ms=0.079 render_ms=14.353 flush_ms=3.769 total_ms=29.922
SURFACE detach-surface=0
SURFACE remove-owned-surface=0
